Electronic no. 1 E1g -119.08976515605
AgArs       100.000000000000000 %

Electronic no. 2 E1g -12.408715632851
AgArs       100.000000000000000 %

Electronic no. 3 E1g -1.2861708364985
AgArs        99.999999999999986 %

Electronic no. 4 E1g 0.434070813519
AgArs       100.000000000000000 %

Electronic no. 5 E1g 0.6799253017508
AgArdxx       4.166666665021217 %
AgArdyy       4.166666665021217 %
AgArdzz      16.666666669957568 %
B2gArdxz     37.499999999999993 %
B3gArdyz     37.499999999999993 %

Electronic no. 6 E1g 0.6799253017508
AgArdxx      12.499999997862499 %
AgArdyy      12.499999997862499 %
B1gArdxy     50.000000008550018 %
B2gArdxz     12.499999997862499 %
B3gArdyz     12.499999997862499 %

Electronic no. 7 E1g 0.6800780647426
AgArdxx       2.631578947254020 %
AgArdyy       2.631578947254020 %
B1gArdxy     10.526315789016081 %
B2gArdxz     42.105263158237939 %
B3gArdyz     42.105263158237939 %

Electronic no. 8 E1g 0.680078064743
AgArdxx      16.666666663619072 %
AgArdyy      16.666666663619072 %
B1gArdxy     66.666666672761863 %

Electronic no. 9 E1g 0.6800780647431
AgArdxx       7.142857139896663 %
AgArdyy       7.142857139896663 %
AgArdzz      28.571428573402226 %
B2gArdxz     28.571428573402226 %
B3gArdyz     28.571428573402226 %

Electronic no. 10 E1g 2.4709748123452
AgArdxx       4.166666666441295 %
AgArdyy       4.166666666441295 %
AgArdzz      16.666666670141893 %
B2gArdxz     37.499999998487752 %
B3gArdyz     37.499999998487752 %

Electronic no. 11 E1g 2.4709748123452
AgArdxx      12.499999998179323 %
AgArdyy      12.499999998179323 %
B1gArdxy     50.000000007282722 %
B2gArdxz     12.499999998179323 %
B3gArdyz     12.499999998179323 %

Electronic no. 12 E1g 2.4717998156569
AgArdxx       7.142857145581473 %
AgArdyy       7.142857145581473 %
AgArdzz      28.571428569612351 %
B2gArdxz     28.571428569612351 %
B3gArdyz     28.571428569612351 %

Electronic no. 13 E1g 2.471799815657
AgArdxx      16.666666664927526 %
AgArdyy      16.666666664927526 %
B1gArdxy     66.666666670144920 %

Electronic no. 14 E1g 2.4717998156571
AgArdxx       2.631578947046169 %
AgArdyy       2.631578947046169 %
B1gArdxy     10.526315790633788 %
B2gArdxz     42.105263157636934 %
B3gArdyz     42.105263157636934 %

Electronic no. 15 E1g 2.4845431714609
AgArs       100.000000000000000 %

Electronic no. 16 E1g 7.3660741087985
AgArdxx      12.499999999599366 %
AgArdyy      12.499999999599366 %
B1gArdxy     50.000000001602551 %
B2gArdxz     12.499999999599366 %
B3gArdyz     12.499999999599366 %

Electronic no. 17 E1g 7.3660741087985
AgArdxx       4.166666666207364 %
AgArdyy       4.166666666207364 %
AgArdzz      16.666666667585268 %
B2gArdxz     37.500000000000000 %
B3gArdyz     37.500000000000000 %

Electronic no. 18 E1g 7.3680616158115
AgArdxx       2.631578946728325 %
AgArdyy       2.631578946728325 %
B1gArdxy     10.526315789615929 %
B2gArdxz     42.105263158463714 %
B3gArdyz     42.105263158463714 %

Electronic no. 19 E1g 7.3680616158123
AgArdxx      16.666666666986039 %
AgArdyy      16.666666666986039 %
B1gArdxy     66.666666666027922 %

Electronic no. 20 E1g 7.3680616158125
AgArdxx       7.142857144517081 %
AgArdyy       7.142857144517081 %
AgArdzz      28.571428570321942 %
B2gArdxz     28.571428570321942 %
B3gArdyz     28.571428570321942 %

Electronic no. 21 E1g 9.7193638313433
AgArs       100.000000000000000 %

Electronic no. 22 E1g 32.488937532098
AgArs       100.000000000000000 %

Electronic no. 23 E1g 98.640926559717
AgArs       100.000000000000000 %

Electronic no. 24 E1g 275.5419326282
AgArs       100.000000000000000 %

Electronic no. 25 E1g 716.77826689513
AgArs       100.000000000000000 %

Electronic no. 26 E1g 1786.8943844757
AgArs       100.000000000000000 %

Electronic no. 27 E1g 4325.8096214988
AgArs       100.000000000000000 %

Electronic no. 28 E1g 10112.516275204
AgArs       100.000000000000000 %

Electronic no. 29 E1g 22614.209891394
AgArs       100.000000000000000 %

Electronic no. 30 E1g 48809.02108077
AgArs       100.000000000000000 %

Electronic no. 31 E1g 105277.67188787
AgArs       100.000000000000000 %

Electronic no. 32 E1g 240809.08953497
AgArs       100.000000000000000 %

Electronic no. 33 E1g 655381.86078552
AgArs       100.000000000000000 %

Electronic no. 1 E1u -9.63076906179
B3uArpx      33.333333333333336 %
B2uArpy      33.333333333333336 %
B1uArpz      33.333333333333336 %

Electronic no. 2 E1u -9.5459312905742
B3uArpx      50.000000000000007 %
B2uArpy      50.000000000000007 %

Electronic no. 3 E1u -9.5459312905741
B3uArpx      16.666666665067225 %
B2uArpy      16.666666665067225 %
B1uArpz      66.666666669865506 %

Electronic no. 4 E1u -0.5951735375871
B3uArpx      33.333333333333336 %
B2uArpy      33.333333333333336 %
B1uArpz      33.333333333333336 %

Electronic no. 5 E1u -0.5876208934851
B3uArpx      16.666666662775533 %
B2uArpy      16.666666662775533 %
B1uArpz      66.666666674448919 %

Electronic no. 6 E1u -0.5876208934848
B3uArpx      50.000000000000000 %
B2uArpy      50.000000000000000 %

Electronic no. 7 E1u 0.4024736816918
B3uArpx      33.333333333333336 %
B2uArpy      33.333333333333336 %
B1uArpz      33.333333333333336 %

Electronic no. 8 E1u 0.4046413928427
B3uArpx      16.666666667790086 %
B2uArpy      16.666666667790086 %
B1uArpz      66.666666664419822 %

Electronic no. 9 E1u 0.4046413928427
B3uArpx      50.000000000000000 %
B2uArpy      50.000000000000000 %

Electronic no. 10 E1u 1.9203990691688
B3uArpx      33.333333333333329 %
B2uArpy      33.333333333333329 %
B1uArpz      33.333333333333329 %

Electronic no. 11 E1u 1.9294572396175
B3uArpx      50.000000000000007 %
B2uArpy      50.000000000000007 %

Electronic no. 12 E1u 1.9294572396177
B3uArpx      16.666666666985552 %
B2uArpy      16.666666666985552 %
B1uArpz      66.666666666028888 %

Electronic no. 13 E1u 6.6641839791637
B3uArpx      33.333333333333343 %
B2uArpy      33.333333333333343 %
B1uArpz      33.333333333333343 %

Electronic no. 14 E1u 6.6923943844479
B3uArpx      49.999999999999993 %
B2uArpy      49.999999999999993 %

Electronic no. 15 E1u 6.692394384448
B3uArpx      16.666666666723032 %
B2uArpy      16.666666666723032 %
B1uArpz      66.666666666553922 %

Electronic no. 16 E1u 20.429059698988
B3uArpx      33.333333333333336 %
B2uArpy      33.333333333333336 %
B1uArpz      33.333333333333336 %

Electronic no. 17 E1u 20.508957935757
B3uArpx      50.000000000000007 %
B2uArpy      50.000000000000007 %

Electronic no. 18 E1u 20.508957935758
B3uArpx      16.666666667247313 %
B2uArpy      16.666666667247313 %
B1uArpz      66.666666665505360 %

Electronic no. 19 E1u 58.234850439531
B3uArpx      33.333333333333329 %
B2uArpy      33.333333333333329 %
B1uArpz      33.333333333333329 %

Electronic no. 20 E1u 58.462454127398
B3uArpx      50.000000000000007 %
B2uArpy      50.000000000000007 %

Electronic no. 21 E1u 58.4624541274
B3uArpx      16.666666666842126 %
B2uArpy      16.666666666842126 %
B1uArpz      66.666666666315720 %

Electronic no. 22 E1u 162.57253958612
B3uArpx      33.333333333333329 %
B2uArpy      33.333333333333329 %
B1uArpz      33.333333333333329 %

Electronic no. 23 E1u 163.30594729431
B3uArpx      16.666666667046915 %
B2uArpy      16.666666667046915 %
B1uArpz      66.666666665906192 %

Electronic no. 24 E1u 163.30594729431
B3uArpx      49.999999999999993 %
B2uArpy      49.999999999999993 %

Electronic no. 25 E1u 469.24472431777
B3uArpx      33.333333333333321 %
B2uArpy      33.333333333333321 %
B1uArpz      33.333333333333321 %

Electronic no. 26 E1u 472.18976929401
B3uArpx      16.666666667434534 %
B2uArpy      16.666666667434534 %
B1uArpz      66.666666665130947 %

Electronic no. 27 E1u 472.18976929402
B3uArpx      50.000000000000007 %
B2uArpy      50.000000000000007 %

Electronic no. 28 E1u 1482.8918624539
B3uArpx      33.333333333333329 %
B2uArpy      33.333333333333329 %
B1uArpz      33.333333333333329 %

Electronic no. 29 E1u 1497.5953295574
B3uArpx      49.999999999999993 %
B2uArpy      49.999999999999993 %

Electronic no. 30 E1u 1497.5953295574
B3uArpx      16.666666666325039 %
B2uArpy      16.666666666325039 %
B1uArpz      66.666666667349915 %

Electronic no. 31 E1u 5631.7219253246
B3uArpx      33.333333333333314 %
B2uArpy      33.333333333333314 %
B1uArpz      33.333333333333314 %

Electronic no. 32 E1u 5757.728688675
B3uArpx      16.666666667490848 %
B2uArpy      16.666666667490848 %
B1uArpz      66.666666665018312 %

Electronic no. 33 E1u 5757.728688675
B3uArpx      49.999999999999993 %
B2uArpy      49.999999999999993 %

