E1g 1 -119.08976515605 AgArs 100.000000000000000
E1g 2 -12.408715632851 AgArs 100.000000000000000
E1g 3 -1.2861708364985 AgArs 99.999999999999986
E1g 4 0.434070813519 AgArs 100.000000000000000
E1g 5 0.6799253017508 B2gArdxz 37.499999999999993 B3gArdyz 37.499999999999993 AgArdzz 16.666666669957568 AgArdxx 4.166666665021217 AgArdyy 4.166666665021217
E1g 6 0.6799253017508 B1gArdxy 50.000000008550018 AgArdxx 12.499999997862499 AgArdyy 12.499999997862499 B2gArdxz 12.499999997862499 B3gArdyz 12.499999997862499
E1g 7 0.6800780647426 B2gArdxz 42.105263158237939 B3gArdyz 42.105263158237939 B1gArdxy 10.526315789016081 AgArdxx 2.631578947254020 AgArdyy 2.631578947254020
E1g 8 0.680078064743 B1gArdxy 66.666666672761863 AgArdxx 16.666666663619072 AgArdyy 16.666666663619072
E1g 9 0.6800780647431 AgArdzz 28.571428573402226 B2gArdxz 28.571428573402226 B3gArdyz 28.571428573402226 AgArdxx 7.142857139896663 AgArdyy 7.142857139896663
E1g 10 2.4709748123452 B2gArdxz 37.499999998487752 B3gArdyz 37.499999998487752 AgArdzz 16.666666670141893 AgArdxx 4.166666666441295 AgArdyy 4.166666666441295
E1g 11 2.4709748123452 B1gArdxy 50.000000007282722 AgArdxx 12.499999998179323 AgArdyy 12.499999998179323 B2gArdxz 12.499999998179323 B3gArdyz 12.499999998179323
E1g 12 2.4717998156569 AgArdzz 28.571428569612351 B2gArdxz 28.571428569612351 B3gArdyz 28.571428569612351 AgArdxx 7.142857145581473 AgArdyy 7.142857145581473
E1g 13 2.471799815657 B1gArdxy 66.666666670144920 AgArdxx 16.666666664927526 AgArdyy 16.666666664927526
E1g 14 2.4717998156571 B2gArdxz 42.105263157636934 B3gArdyz 42.105263157636934 B1gArdxy 10.526315790633788 AgArdxx 2.631578947046169 AgArdyy 2.631578947046169
E1g 15 2.4845431714609 AgArs 100.000000000000000
E1g 16 7.3660741087985 B1gArdxy 50.000000001602551 AgArdxx 12.499999999599366 AgArdyy 12.499999999599366 B2gArdxz 12.499999999599366 B3gArdyz 12.499999999599366
E1g 17 7.3660741087985 B2gArdxz 37.500000000000000 B3gArdyz 37.500000000000000 AgArdzz 16.666666667585268 AgArdxx 4.166666666207364 AgArdyy 4.166666666207364
E1g 18 7.3680616158115 B2gArdxz 42.105263158463714 B3gArdyz 42.105263158463714 B1gArdxy 10.526315789615929 AgArdxx 2.631578946728325 AgArdyy 2.631578946728325
E1g 19 7.3680616158123 B1gArdxy 66.666666666027922 AgArdxx 16.666666666986039 AgArdyy 16.666666666986039
E1g 20 7.3680616158125 AgArdzz 28.571428570321942 B2gArdxz 28.571428570321942 B3gArdyz 28.571428570321942 AgArdxx 7.142857144517081 AgArdyy 7.142857144517081
E1g 21 9.7193638313433 AgArs 100.000000000000000
E1g 22 32.488937532098 AgArs 100.000000000000000
E1g 23 98.640926559717 AgArs 100.000000000000000
E1g 24 275.5419326282 AgArs 100.000000000000000
E1g 25 716.77826689513 AgArs 100.000000000000000
E1g 26 1786.8943844757 AgArs 100.000000000000000
E1g 27 4325.8096214988 AgArs 100.000000000000000
E1g 28 10112.516275204 AgArs 100.000000000000000
E1g 29 22614.209891394 AgArs 100.000000000000000
E1g 30 48809.02108077 AgArs 100.000000000000000
E1g 31 105277.67188787 AgArs 100.000000000000000
E1g 32 240809.08953497 AgArs 100.000000000000000
E1g 33 655381.86078552 AgArs 100.000000000000000
E1u 1 -9.63076906179 B3uArpx 33.333333333333336 B2uArpy 33.333333333333336 B1uArpz 33.333333333333336
E1u 2 -9.5459312905742 B3uArpx 50.000000000000007 B2uArpy 50.000000000000007
E1u 3 -9.5459312905741 B1uArpz 66.666666669865506 B3uArpx 16.666666665067225 B2uArpy 16.666666665067225
E1u 4 -0.5951735375871 B3uArpx 33.333333333333336 B2uArpy 33.333333333333336 B1uArpz 33.333333333333336
E1u 5 -0.5876208934851 B1uArpz 66.666666674448919 B3uArpx 16.666666662775533 B2uArpy 16.666666662775533
E1u 6 -0.5876208934848 B3uArpx 50.000000000000000 B2uArpy 50.000000000000000
E1u 7 0.4024736816918 B3uArpx 33.333333333333336 B2uArpy 33.333333333333336 B1uArpz 33.333333333333336
E1u 8 0.4046413928427 B1uArpz 66.666666664419822 B3uArpx 16.666666667790086 B2uArpy 16.666666667790086
E1u 9 0.4046413928427 B3uArpx 50.000000000000000 B2uArpy 50.000000000000000
E1u 10 1.9203990691688 B3uArpx 33.333333333333329 B2uArpy 33.333333333333329 B1uArpz 33.333333333333329
E1u 11 1.9294572396175 B3uArpx 50.000000000000007 B2uArpy 50.000000000000007
E1u 12 1.9294572396177 B1uArpz 66.666666666028888 B3uArpx 16.666666666985552 B2uArpy 16.666666666985552
E1u 13 6.6641839791637 B3uArpx 33.333333333333343 B2uArpy 33.333333333333343 B1uArpz 33.333333333333343
E1u 14 6.6923943844479 B3uArpx 49.999999999999993 B2uArpy 49.999999999999993
E1u 15 6.692394384448 B1uArpz 66.666666666553922 B3uArpx 16.666666666723032 B2uArpy 16.666666666723032
E1u 16 20.429059698988 B3uArpx 33.333333333333336 B2uArpy 33.333333333333336 B1uArpz 33.333333333333336
E1u 17 20.508957935757 B3uArpx 50.000000000000007 B2uArpy 50.000000000000007
E1u 18 20.508957935758 B1uArpz 66.666666665505360 B3uArpx 16.666666667247313 B2uArpy 16.666666667247313
E1u 19 58.234850439531 B3uArpx 33.333333333333329 B2uArpy 33.333333333333329 B1uArpz 33.333333333333329
E1u 20 58.462454127398 B3uArpx 50.000000000000007 B2uArpy 50.000000000000007
E1u 21 58.4624541274 B1uArpz 66.666666666315720 B3uArpx 16.666666666842126 B2uArpy 16.666666666842126
E1u 22 162.57253958612 B3uArpx 33.333333333333329 B2uArpy 33.333333333333329 B1uArpz 33.333333333333329
E1u 23 163.30594729431 B1uArpz 66.666666665906192 B3uArpx 16.666666667046915 B2uArpy 16.666666667046915
E1u 24 163.30594729431 B3uArpx 49.999999999999993 B2uArpy 49.999999999999993
E1u 25 469.24472431777 B3uArpx 33.333333333333321 B2uArpy 33.333333333333321 B1uArpz 33.333333333333321
E1u 26 472.18976929401 B1uArpz 66.666666665130947 B3uArpx 16.666666667434534 B2uArpy 16.666666667434534
E1u 27 472.18976929402 B3uArpx 50.000000000000007 B2uArpy 50.000000000000007
E1u 28 1482.8918624539 B3uArpx 33.333333333333329 B2uArpy 33.333333333333329 B1uArpz 33.333333333333329
E1u 29 1497.5953295574 B3uArpx 49.999999999999993 B2uArpy 49.999999999999993
E1u 30 1497.5953295574 B1uArpz 66.666666667349915 B3uArpx 16.666666666325039 B2uArpy 16.666666666325039
E1u 31 5631.7219253246 B3uArpx 33.333333333333314 B2uArpy 33.333333333333314 B1uArpz 33.333333333333314
E1u 32 5757.728688675 B1uArpz 66.666666665018312 B3uArpx 16.666666667490848 B2uArpy 16.666666667490848
E1u 33 5757.728688675 B3uArpx 49.999999999999993 B2uArpy 49.999999999999993
