Electronic no. 17 E1g -5.1175267254674
AgUs       : 0.13728512177623234  	%
AgUdxx     : 4.637169653126273  	%
AgUdyy     : 4.637169653126273  	%
AgUdzz     : 18.548678611340048  	%
B2gUdxz    : 35.987808727554935  	%
B3gUdyz    : 35.987808727554935  	%
Normalization constant is 0.5059238161886942
sum of coefficient 0.9999999999999996

Electronic no. 18 E1g -5.1107907830158
AgUdxx     : 12.470478563230676  	%
AgUdyy     : 12.470478563230676  	%
B1gUdxy    : 49.881914269535386  	%
B2gUdxz    : 12.588217725335923  	%
B3gUdyz    : 12.588217725335923  	%
Normalization constant is 0.5177168489972134
sum of coefficient 1.0

Electronic no. 19 E1g -4.8038359333701
AgUs       : 0.1342893784787348  	%
AgUdxx     : 6.527712047428291  	%
AgUdyy     : 6.527712047428291  	%
AgUdzz     : 26.110848178313287  	%
B2gUdxz    : 30.337915669150643  	%
B3gUdyz    : 30.337915669150643  	%
Normalization constant is 0.46671284596228035
sum of coefficient 0.9999999999999999

Electronic no. 20 E1g -4.7951735587938
AgUdxx     : 16.666625494443096  	%
AgUdyy     : 16.666625494443096  	%
B1gUdxy    : 66.66650200176835  	%
Normalization constant is 0.48736828115114345
sum of coefficient 0.9999999999999999

Electronic no. 21 E1g -4.792848078014
AgUdxx     : 2.6555659097121893  	%
AgUdyy     : 2.6555659097121893  	%
B1gUdxy    : 10.622263637371352  	%
B2gUdxz    : 42.03226369728329  	%
B3gUdyz    : 42.03226369728329  	%
Normalization constant is 0.6166522672107266
sum of coefficient 1.0

Electronic no. 22 E1g -2.8417809384721
AgUs       : 99.760915333336  	%
Normalization constant is 3.1745175438300532
sum of coefficient 0.9999999999999996

Electronic no. 23 E1g -1.7850071461709
AgUs       : 34.89787699580137  	%
AgUdxx     : 0.33128556745600046  	%
AgUdyy     : 0.33128556745600046  	%
AgUdzz     : 1.3251422701872115  	%
AgOs       : 30.99162055551101  	%
AgOs       : 30.99162055551101  	%
AgOpz      : 0.5382271584752636  	%
AgOpz      : 0.5382271584752636  	%
Normalization constant is 0.983997180795954
sum of coefficient 1.0000000000000002

Electronic no. 24 E1g -1.0622848827415
AgUs       : 0.2470643981904943  	%
AgUdzz     : 0.11524429720155469  	%
AgOs       : 0.14375735282291596  	%
AgOs       : 0.14375735282291596  	%
AgOpz      : 0.28857005216490994  	%
AgOpz      : 0.28857005216490994  	%
B2gUdxz    : 13.418173271080413  	%
B2gOpx     : 17.8483300491606  	%
B2gOpx     : 17.8483300491606  	%
B3gUdyz    : 13.418173271080413  	%
B3gOpy     : 17.8483300491606  	%
B3gOpy     : 17.8483300491606  	%
Normalization constant is 0.41774967003880864
sum of coefficient 1.0000000000000002

Electronic no. 25 E1g -1.0592512447105
B2gUdxz    : 13.036261682361818  	%
B2gOpx     : 18.352314066039167  	%
B2gOpx     : 18.352314066039167  	%
B3gUdyz    : 13.036261682361818  	%
B3gOpy     : 18.352314066039167  	%
B3gOpy     : 18.352314066039167  	%
Normalization constant is 0.4161005323403725
sum of coefficient 1.0000000000000002

Electronic no. 26 E1g -1.041102568111
AgUs       : 15.143185257097612  	%
AgUdxx     : 1.9542283749659788  	%
AgUdyy     : 1.9542283749659788  	%
AgUdzz     : 7.81691350066048  	%
AgOs       : 9.560691695634343  	%
AgOs       : 9.560691695634343  	%
AgOpz      : 26.628531644664594  	%
AgOpz      : 26.628531644664594  	%
B2gOpx     : 0.12314561769293267  	%
B2gOpx     : 0.12314561769293267  	%
B3gOpy     : 0.12314561769293267  	%
B3gOpy     : 0.12314561769293267  	%
Normalization constant is 0.6247200067751615
sum of coefficient 1.0000000000000007

Electronic no. 27 E1g -0.4283183220814
AgUs       : 95.87737428392288  	%
AgUdxx     : 0.3139438491131258  	%
AgUdyy     : 0.3139438491131258  	%
AgUdzz     : 1.255775396979477  	%
AgOs       : 0.5416264499208213  	%
AgOs       : 0.5416264499208213  	%
AgOpz      : 0.5751976712278576  	%
AgOpz      : 0.5751976712278576  	%
Normalization constant is 2.3331000435428293
sum of coefficient 1.0000000000000007

Electronic no. 28 E1g -0.4245356076994
AgUdxx     : 16.612164942120348  	%
AgUdyy     : 16.612164942120348  	%
B1gUdxy    : 66.44865974738605  	%
Normalization constant is 0.46169609561459296
sum of coefficient 0.9999999999999998

Electronic no. 29 E1g -0.4126042501806
AgUdxx     : 16.65974134507889  	%
AgUdyy     : 16.65974134507889  	%
B1gUdxy    : 66.63896537560534  	%
Normalization constant is 0.46278960813614967
sum of coefficient 0.9999999999999999

Electronic no. 30 E1g -0.2345881243226
AgUs       : 2.600227432819102  	%
AgOs       : 0.25712757220767424  	%
AgOs       : 0.25712757220767424  	%
B2gUdxz    : 32.700362304991465  	%
B2gOpx     : 7.808523418256889  	%
B2gOpx     : 7.808523418256889  	%
B3gUdyz    : 32.700362304991465  	%
B3gOpy     : 7.808523418256889  	%
B3gOpy     : 7.808523418256889  	%
Normalization constant is 1.6332765488973053
sum of coefficient 0.9999999999999999

Electronic no. 31 E1g -0.2279816113497
B2gUdxz    : 33.94667071622991  	%
B2gOpx     : 7.959360512935774  	%
B2gOpx     : 7.959360512935774  	%
B3gUdyz    : 33.94667071622991  	%
B3gOpy     : 7.959360512935774  	%
B3gOpy     : 7.959360512935774  	%
Normalization constant is 1.6950377773046794
sum of coefficient 1.0000000000000002

Electronic no. 32 E1g -0.1946639444298
AgUs       : 98.40488019598067  	%
AgUdzz     : 0.26356272692905297  	%
AgOs       : 0.4500953816080682  	%
AgOs       : 0.4500953816080682  	%
AgOpz      : 0.10837533147925332  	%
AgOpz      : 0.10837533147925332  	%
Normalization constant is 11.229599650051666
sum of coefficient 1.0000000000000002

Electronic no. 33 E1g -0.1338153445394
AgUdxx     : 11.10747016715108  	%
AgUdyy     : 11.10747016715108  	%
B1gUdxy    : 44.42988066255967  	%
B2gUdxz    : 15.066365869331525  	%
B2gOpx     : 0.8045364836664982  	%
B2gOpx     : 0.8045364836664982  	%
B3gUdyz    : 15.066365869331525  	%
B3gOpy     : 0.8045364836664982  	%
B3gOpy     : 0.8045364836664982  	%
Normalization constant is 1.6511207350941126
sum of coefficient 0.9999999999999999

Electronic no. 34 E1g -0.1301269418898
AgUs       : 0.3554104617778746  	%
AgOs       : 0.20667034899587336  	%
AgOs       : 0.20667034899587336  	%
B2gUdxz    : 45.16731546672064  	%
B2gOpx     : 2.1968640157170096  	%
B2gOpx     : 2.1968640157170096  	%
B3gUdyz    : 45.16731546672064  	%
B3gOpy     : 2.1968640157170096  	%
B3gOpy     : 2.1968640157170096  	%
Normalization constant is 3.14198027065903
sum of coefficient 1.0000000000000002

Electronic no. 35 E1g -0.1263772732787
AgUdxx     : 16.666586279642036  	%
AgUdyy     : 16.666586279642036  	%
B1gUdxy    : 66.66634512004433  	%
Normalization constant is 1.3956458020069222
sum of coefficient 0.9999999999999997

Electronic no. 36 E1g -0.1249042579032
AgUdxx     : 1.4636190507663767  	%
AgUdyy     : 1.4636190507663767  	%
B1gUdxy    : 5.854476201521186  	%
B2gUdxz    : 42.01910327492653  	%
B2gOpx     : 1.7913894320571062  	%
B2gOpx     : 1.7913894320571062  	%
B3gUdyz    : 42.01910327492653  	%
B3gOpy     : 1.7913894320571062  	%
B3gOpy     : 1.7913894320571062  	%
Normalization constant is 2.7472968696995674
sum of coefficient 1.0000000000000002

Electronic no. 37 E1g -0.1201806804029
AgUs       : 57.258393995430865  	%
AgUdxx     : 0.654715325731072  	%
AgUdyy     : 0.654715325731072  	%
AgUdzz     : 2.618861303170922  	%
AgOs       : 18.702236869660933  	%
AgOs       : 18.702236869660933  	%
AgOpz      : 0.7020791598223918  	%
AgOpz      : 0.7020791598223918  	%
Normalization constant is 165.4445847894439
sum of coefficient 1.0000000000000004

Electronic no. 38 E1g 0.0320231784
AgUs       : 73.22684721382686  	%
AgUdxx     : 0.9732103033176839  	%
AgUdyy     : 0.9732103033176839  	%
AgUdzz     : 3.8928412134744956  	%
AgOs       : 0.5478692016959834  	%
AgOs       : 0.5478692016959834  	%
AgOpz      : 9.9161425742323  	%
AgOpz      : 9.9161425742323  	%
Normalization constant is 50.9126016052315
sum of coefficient 0.999999999999999

Electronic no. 39 E1g 0.0719801678
AgUs       : 39.254074774802675  	%
AgUdxx     : 0.20949874049086842  	%
AgUdyy     : 0.20949874049086842  	%
AgUdzz     : 0.8379949619592527  	%
AgOs       : 27.378370436615263  	%
AgOs       : 27.378370436615263  	%
AgOpz      : 2.364811502675303  	%
AgOpz      : 2.364811502675303  	%
Normalization constant is 173.185357406399
sum of coefficient 1.0000000000000007

Electronic no. 19 E1u -8.8824415703374
B3uUpx     : 49.99917247629873  	%
B2uUpy     : 49.99917247629873  	%
Normalization constant is 1.3783513989192768
sum of coefficient 1.0000000000000007

Electronic no. 20 E1u -8.8607510987047
B3uUpx     : 16.052352691541234  	%
B2uUpy     : 16.052352691541234  	%
B1uUpz     : 66.76660999718857  	%
B1uOs      : 0.5474085838539773  	%
B1uOs      : 0.5474085838539773  	%
Normalization constant is 1.4054069464867176
sum of coefficient 0.9999999999999997

Electronic no. 21 E1u -2.1391524860296
B3uUpx     : 14.048718623926646  	%
B2uUpy     : 14.048718623926646  	%
B1uUpz     : 49.08330660540042  	%
B1uOs      : 10.652901411967395  	%
B1uOs      : 10.652901411967395  	%
B1uOpz     : 0.6735447045250683  	%
B1uOpz     : 0.6735447045250683  	%
Normalization constant is 1.114988030519832
sum of coefficient 0.9999999999999994

Electronic no. 22 E1u -1.8711974761223
B3uUpx     : 23.514614684653925  	%
B2uUpy     : 23.514614684653925  	%
B1uUpz     : 18.841759117157842  	%
B1uOs      : 16.398777446705928  	%
B1uOs      : 16.398777446705928  	%
B1uOpz     : 0.5471987374945491  	%
B1uOpz     : 0.5471987374945491  	%
Normalization constant is 1.8849351207356573
sum of coefficient 0.9999999999999996

Electronic no. 23 E1u -1.6433830846529
B3uUpx     : 49.68063973792863  	%
B3uOpx     : 0.15268754267067589  	%
B3uOpx     : 0.15268754267067589  	%
B2uUpy     : 49.68063973792863  	%
B2uOpy     : 0.15268754267067589  	%
B2uOpy     : 0.15268754267067589  	%
Normalization constant is 1.2317100511713195
sum of coefficient 1.0000000000000013

Electronic no. 24 E1u -1.4289977491347
B3uUpx     : 2.934408308170552  	%
B2uUpy     : 2.934408308170552  	%
B1uUpz     : 46.804445873350886  	%
B1uUfxxz   : 0.12754462822639948  	%
B1uUfyyz   : 0.12754462822639948  	%
B1uOs      : 22.111457226578803  	%
B1uOs      : 22.111457226578803  	%
B1uOpz     : 1.3149220082871602  	%
B1uOpz     : 1.3149220082871602  	%
Normalization constant is 1.559842452845866
sum of coefficient 1.0

Electronic no. 25 E1u -1.0475516084675
B3uUpx     : 0.8134915143503608  	%
B3uUfxzz   : 0.40336134333984924  	%
B3uOpx     : 1.6488009580590708  	%
B3uOpx     : 1.6488009580590708  	%
B2uUpy     : 0.8134915143503608  	%
B2uUfyzz   : 0.40336134333984924  	%
B2uOpy     : 1.6488009580590708  	%
B2uOpy     : 1.6488009580590708  	%
B1uUpz     : 37.9478674758979  	%
B1uUfxxz   : 0.9803674296099064  	%
B1uUfyyz   : 0.9803674296099064  	%
B1uUfzzz   : 0.4357188574667738  	%
B1uOs      : 22.458787261795592  	%
B1uOs      : 22.458787261795592  	%
B1uOpz     : 2.7802998089121007  	%
B1uOpz     : 2.7802998089121007  	%
Normalization constant is 2.406438488283169
sum of coefficient 1.0000000000000002

Electronic no. 26 E1u -1.0267449162077
B3uUpx     : 9.194844940878944  	%
B3uUfxxx   : 0.2571589540019682  	%
B3uUfxyy   : 0.2571589540019682  	%
B3uUfxzz   : 4.114543271253285  	%
B3uOpx     : 17.992486636008543  	%
B3uOpx     : 17.992486636008543  	%
B2uUpy     : 9.194844940878944  	%
B2uUfxxy   : 0.2571589540019682  	%
B2uUfyyy   : 0.2571589540019682  	%
B2uUfyzz   : 4.114543271253285  	%
B2uOpy     : 17.992486636008543  	%
B2uOpy     : 17.992486636008543  	%
Normalization constant is 0.4906184412279432
sum of coefficient 1.0000000000000004

Electronic no. 27 E1u -1.0242874845058
B3uUpx     : 1.2581858458998032  	%
B3uUfxzz   : 0.5234091947475087  	%
B3uOpx     : 2.6781708540267988  	%
B3uOpx     : 2.6781708540267988  	%
B2uUpy     : 1.2581858458998032  	%
B2uUfyzz   : 0.5234091947475087  	%
B2uOpy     : 2.6781708540267988  	%
B2uOpy     : 2.6781708540267988  	%
B1uUpz     : 37.21525443475316  	%
B1uUfxxz   : 1.1214174736584366  	%
B1uUfyyz   : 1.1214174736584366  	%
B1uUfzzz   : 0.4984077662443022  	%
B1uOs      : 20.404925322920377  	%
B1uOs      : 20.404925322920377  	%
B1uOpz     : 2.382627930617659  	%
B1uOpz     : 2.382627930617659  	%
Normalization constant is 1.8832965955892542
sum of coefficient 1.0000000000000004

Electronic no. 28 E1u -0.4247148650315
B3uUfxxx   : 3.807353438075514  	%
B3uUfxyy   : 34.26618092641991  	%
B2uUfxxy   : 34.26618092641991  	%
B2uUfyyy   : 3.807353438075514  	%
B1uUfxxz   : 3.9738661862695217  	%
B1uUfyyz   : 3.9738661862695217  	%
AuUfxyz    : 15.895464742640797  	%
Normalization constant is 0.23221035587225436
sum of coefficient 1.0

Electronic no. 29 E1u -0.4204960956244
B3uUpx     : 0.4209357002394631  	%
B3uUfxzz   : 0.8053452777888598  	%
B3uOpx     : 0.4830718684367983  	%
B3uOpx     : 0.4830718684367983  	%
B2uUpy     : 0.4209357002394631  	%
B2uUfyzz   : 0.8053452777888598  	%
B2uOpy     : 0.4830718684367983  	%
B2uOpy     : 0.4830718684367983  	%
B1uUfxxz   : 15.895736081525838  	%
B1uUfyyz   : 15.895736081525838  	%
AuUfxyz    : 63.582944329199904  	%
Normalization constant is 0.37419239357295264
sum of coefficient 0.9999999999999999

Electronic no. 30 E1u -0.4017605615833
B3uUfxxx   : 5.000000001399275  	%
B3uUfxyy   : 44.99999999860072  	%
B2uUfxxy   : 44.99999999860072  	%
B2uUfyyy   : 5.000000001399275  	%
Normalization constant is 0.20732861053479418
sum of coefficient 1.0

Electronic no. 31 E1u -0.4004662967747
B3uUfxxx   : 0.44611544025936994  	%
B3uUfxyy   : 4.015038952875122  	%
B2uUfxxy   : 4.015038952875122  	%
B2uUfyyy   : 0.44611544025936994  	%
B1uUfxxz   : 15.17294791152147  	%
B1uUfyyz   : 15.17294791152147  	%
AuUfxyz    : 60.691791674506845  	%
Normalization constant is 0.3462454355046766
sum of coefficient 1.0

Electronic no. 32 E1u -0.3747846351733
B3uUpx     : 23.571184416924186  	%
B3uUfxxx   : 0.7835814222474694  	%
B3uUfxyy   : 0.7835814222474694  	%
B3uUfxzz   : 12.53730274417692  	%
B3uOpx     : 4.135204920331721  	%
B3uOpx     : 4.135204920331721  	%
B2uUpy     : 23.571184416924186  	%
B2uUfxxy   : 0.7835814222474694  	%
B2uUfyyy   : 0.7835814222474694  	%
B2uUfyzz   : 12.53730274417692  	%
B2uOpy     : 4.135204920331721  	%
B2uOpy     : 4.135204920331721  	%
B1uUpz     : 3.5307655712339567  	%
B1uUfxxz   : 0.2001071114787917  	%
B1uUfyyz   : 0.2001071114787917  	%
B1uOs      : 0.41516441440214685  	%
B1uOs      : 0.41516441440214685  	%
B1uOpz     : 1.6134611255951248  	%
B1uOpz     : 1.6134611255951248  	%
Normalization constant is 0.5427957298626267
sum of coefficient 1.0000000000000007

Electronic no. 33 E1u -0.3524034266683
B3uUpx     : 16.579332598828074  	%
B3uUfxxx   : 1.0007483096906107  	%
B3uUfxyy   : 1.0007483096906107  	%
B3uUfxzz   : 16.011972954448854  	%
B3uOpx     : 6.951494010891745  	%
B3uOpx     : 6.951494010891745  	%
B2uUpy     : 16.579332598828074  	%
B2uUfxxy   : 1.0007483096906107  	%
B2uUfyyy   : 1.0007483096906107  	%
B2uUfyzz   : 16.011972954448854  	%
B2uOpy     : 6.951494010891745  	%
B2uOpy     : 6.951494010891745  	%
B1uUfxxz   : 0.49298464730706365  	%
B1uUfyyz   : 0.49298464730706365  	%
AuUfxyz    : 1.9719385939998657  	%
Normalization constant is 0.45836856965179573
sum of coefficient 0.9999999999999998

Electronic no. 34 E1u -0.2797887257585
B3uUpx     : 10.14695836654844  	%
B3uUfxzz   : 0.7376673502515235  	%
B3uOpx     : 0.7484917623577338  	%
B3uOpx     : 0.7484917623577338  	%
B2uUpy     : 10.14695836654844  	%
B2uUfyzz   : 0.7376673502515235  	%
B2uOpy     : 0.7484917623577338  	%
B2uOpy     : 0.7484917623577338  	%
B1uUpz     : 27.863636696413113  	%
B1uUfxxz   : 0.14448523861533294  	%
B1uUfyyz   : 0.14448523861533294  	%
B1uOs      : 22.251571885113584  	%
B1uOs      : 22.251571885113584  	%
B1uOpz     : 1.1656927696164445  	%
B1uOpz     : 1.1656927696164445  	%
Normalization constant is 3.299411461091014
sum of coefficient 1.0

Electronic no. 35 E1u -0.26790818115
B3uUpx     : 42.530006941367624  	%
B3uUfxxx   : 0.1558955105133287  	%
B3uUfxyy   : 0.1558955105133287  	%
B3uUfxzz   : 2.494328168353718  	%
B3uOpx     : 2.312021299130216  	%
B3uOpx     : 2.312021299130216  	%
B2uUpy     : 42.530006941367624  	%
B2uUfxxy   : 0.1558955105133287  	%
B2uUfyyy   : 0.1558955105133287  	%
B2uUfyzz   : 2.494328168353718  	%
B2uOpy     : 2.312021299130216  	%
B2uOpy     : 2.312021299130216  	%
Normalization constant is 0.7512272183957175
sum of coefficient 0.9999999999999997

Electronic no. 36 E1u -0.226561666275
B3uUpx     : 0.7938832541909169  	%
B2uUpy     : 0.7938832541909169  	%
B1uUpz     : 33.069775725513864  	%
B1uUfxxz   : 0.40791307462009574  	%
B1uUfyyz   : 0.40791307462009574  	%
B1uUfzzz   : 0.18129469990275104  	%
B1uOs      : 29.46357868866778  	%
B1uOs      : 29.46357868866778  	%
B1uOpz     : 2.4929428419991857  	%
B1uOpz     : 2.4929428419991857  	%
Normalization constant is 10.42337288938936
sum of coefficient 0.9999999999999998

Electronic no. 37 E1u -0.2132323954083
B3uUpx     : 2.808716580392154  	%
B3uOpx     : 0.29942551919457855  	%
B3uOpx     : 0.29942551919457855  	%
B2uUpy     : 2.808716580392154  	%
B2uOpy     : 0.29942551919457855  	%
B2uOpy     : 0.29942551919457855  	%
B1uUpz     : 58.13674394885476  	%
B1uUfxxz   : 1.4499356427564314  	%
B1uUfyyz   : 1.4499356427564314  	%
B1uUfzzz   : 0.6444158402990545  	%
B1uOs      : 9.683148958526068  	%
B1uOs      : 9.683148958526068  	%
B1uOpz     : 5.958947264422079  	%
B1uOpz     : 5.958947264422079  	%
Normalization constant is 1.290361950387181
sum of coefficient 1.0000000000000004

Electronic no. 38 E1u -0.1357455117524
B3uUpx     : 13.433072487325441  	%
B3uUfxzz   : 0.28881263309563954  	%
B3uOpx     : 0.5406577226576247  	%
B3uOpx     : 0.5406577226576247  	%
B2uUpy     : 13.433072487325441  	%
B2uUfyzz   : 0.28881263309563954  	%
B2uOpy     : 0.5406577226576247  	%
B2uOpy     : 0.5406577226576247  	%
B1uUpz     : 27.622819023309223  	%
B1uUfxxz   : 0.1576884676852207  	%
B1uUfyyz   : 0.1576884676852207  	%
B1uOs      : 20.395571780048932  	%
B1uOs      : 20.395571780048932  	%
B1uOpz     : 0.760892161802725  	%
B1uOpz     : 0.760892161802725  	%
Normalization constant is 12.233919740179187
sum of coefficient 0.9999999999999997

Electronic no. 39 E1u -0.1286282476541
B3uUpx     : 42.88814202679739  	%
B3uUfxzz   : 1.443537681236427  	%
B3uOpx     : 2.7435548253712354  	%
B3uOpx     : 2.7435548253712354  	%
B2uUpy     : 42.88814202679739  	%
B2uUfyzz   : 1.443537681236427  	%
B2uOpy     : 2.7435548253712354  	%
B2uOpy     : 2.7435548253712354  	%
Normalization constant is 3.979098651339235
sum of coefficient 0.9999999999999996
