Electronic no. 19 E1u -8.8824415703374
B3uUpx       49.999172476298732 %
B2uUpy       49.999172476298732 %

Electronic no. 20 E1u -8.8607510987047
B1uUpz       66.766609997188567 %
B3uUpx       16.052352691541234 %
B2uUpy       16.052352691541234 %
B1uOs         0.547408583853977 %
B1uOs         0.547408583853977 %

Electronic no. 17 E1g -5.1175267254674
B2gUdxz      35.987808727554935 %
B3gUdyz      35.987808727554935 %
AgUdzz       18.548678611340048 %
AgUdxx        4.637169653126273 %
AgUdyy        4.637169653126273 %
AgUs          0.137285121776232 %

Electronic no. 18 E1g -5.1107907830158
B1gUdxy      49.881914269535386 %
B2gUdxz      12.588217725335923 %
B3gUdyz      12.588217725335923 %
AgUdxx       12.470478563230676 %
AgUdyy       12.470478563230676 %

Electronic no. 19 E1g -4.8038359333701
B2gUdxz      30.337915669150643 %
B3gUdyz      30.337915669150643 %
AgUdzz       26.110848178313287 %
AgUdxx        6.527712047428291 %
AgUdyy        6.527712047428291 %
AgUs          0.134289378478735 %

Electronic no. 20 E1g -4.7951735587938
B1gUdxy      66.666502001768350 %
AgUdxx       16.666625494443096 %
AgUdyy       16.666625494443096 %

Electronic no. 21 E1g -4.792848078014
B2gUdxz      42.032263697283291 %
B3gUdyz      42.032263697283291 %
B1gUdxy      10.622263637371352 %
AgUdxx        2.655565909712189 %
AgUdyy        2.655565909712189 %

Electronic no. 22 E1g -2.8417809384721
AgUs         99.760915333336001 %

Electronic no. 21 E1u -2.1391524860296
B1uUpz       49.083306605400423 %
B3uUpx       14.048718623926646 %
B2uUpy       14.048718623926646 %
B1uOs        10.652901411967395 %
B1uOs        10.652901411967395 %
B1uOpz        0.673544704525068 %
B1uOpz        0.673544704525068 %

Electronic no. 22 E1u -1.8711974761223
B3uUpx       23.514614684653925 %
B2uUpy       23.514614684653925 %
B1uUpz       18.841759117157842 %
B1uOs        16.398777446705928 %
B1uOs        16.398777446705928 %
B1uOpz        0.547198737494549 %
B1uOpz        0.547198737494549 %

Electronic no. 23 E1g -1.7850071461709
AgUs         34.897876995801369 %
AgOs         30.991620555511009 %
AgOs         30.991620555511009 %
AgUdzz        1.325142270187212 %
AgOpz         0.538227158475264 %
AgOpz         0.538227158475264 %
AgUdxx        0.331285567456000 %
AgUdyy        0.331285567456000 %

Electronic no. 23 E1u -1.6433830846529
B3uUpx       49.680639737928630 %
B2uUpy       49.680639737928630 %
B3uOpx        0.152687542670676 %
B3uOpx        0.152687542670676 %
B2uOpy        0.152687542670676 %
B2uOpy        0.152687542670676 %

Electronic no. 24 E1u -1.4289977491347
B1uUpz       46.804445873350886 %
B1uOs        22.111457226578803 %
B1uOs        22.111457226578803 %
B3uUpx        2.934408308170552 %
B2uUpy        2.934408308170552 %
B1uOpz        1.314922008287160 %
B1uOpz        1.314922008287160 %
B1uUfxxz      0.127544628226399 %
B1uUfyyz      0.127544628226399 %

Electronic no. 24 E1g -1.0622848827415
B2gOpx       17.848330049160602 %
B2gOpx       17.848330049160602 %
B3gOpy       17.848330049160602 %
B3gOpy       17.848330049160602 %
B2gUdxz      13.418173271080413 %
B3gUdyz      13.418173271080413 %
AgOpz         0.288570052164910 %
AgOpz         0.288570052164910 %
AgUs          0.247064398190494 %
AgOs          0.143757352822916 %
AgOs          0.143757352822916 %
AgUdzz        0.115244297201555 %

Electronic no. 25 E1g -1.0592512447105
B2gOpx       18.352314066039167 %
B2gOpx       18.352314066039167 %
B3gOpy       18.352314066039167 %
B3gOpy       18.352314066039167 %
B2gUdxz      13.036261682361818 %
B3gUdyz      13.036261682361818 %

Electronic no. 25 E1u -1.0475516084675
B1uUpz       37.947867475897901 %
B1uOs        22.458787261795592 %
B1uOs        22.458787261795592 %
B1uOpz        2.780299808912101 %
B1uOpz        2.780299808912101 %
B3uOpx        1.648800958059071 %
B3uOpx        1.648800958059071 %
B2uOpy        1.648800958059071 %
B2uOpy        1.648800958059071 %
B1uUfxxz      0.980367429609906 %
B1uUfyyz      0.980367429609906 %
B3uUpx        0.813491514350361 %
B2uUpy        0.813491514350361 %
B1uUfzzz      0.435718857466774 %
B3uUfxzz      0.403361343339849 %
B2uUfyzz      0.403361343339849 %

Electronic no. 26 E1g -1.041102568111
AgOpz        26.628531644664594 %
AgOpz        26.628531644664594 %
AgUs         15.143185257097612 %
AgOs          9.560691695634343 %
AgOs          9.560691695634343 %
AgUdzz        7.816913500660480 %
AgUdxx        1.954228374965979 %
AgUdyy        1.954228374965979 %
B2gOpx        0.123145617692933 %
B2gOpx        0.123145617692933 %
B3gOpy        0.123145617692933 %
B3gOpy        0.123145617692933 %

Electronic no. 26 E1u -1.0267449162077
B3uOpx       17.992486636008543 %
B3uOpx       17.992486636008543 %
B2uOpy       17.992486636008543 %
B2uOpy       17.992486636008543 %
B3uUpx        9.194844940878944 %
B2uUpy        9.194844940878944 %
B3uUfxzz      4.114543271253285 %
B2uUfyzz      4.114543271253285 %
B3uUfxxx      0.257158954001968 %
B3uUfxyy      0.257158954001968 %
B2uUfxxy      0.257158954001968 %
B2uUfyyy      0.257158954001968 %

Electronic no. 27 E1u -1.0242874845058
B1uUpz       37.215254434753163 %
B1uOs        20.404925322920377 %
B1uOs        20.404925322920377 %
B3uOpx        2.678170854026799 %
B3uOpx        2.678170854026799 %
B2uOpy        2.678170854026799 %
B2uOpy        2.678170854026799 %
B1uOpz        2.382627930617659 %
B1uOpz        2.382627930617659 %
B3uUpx        1.258185845899803 %
B2uUpy        1.258185845899803 %
B1uUfxxz      1.121417473658437 %
B1uUfyyz      1.121417473658437 %
B3uUfxzz      0.523409194747509 %
B2uUfyzz      0.523409194747509 %
B1uUfzzz      0.498407766244302 %

Electronic no. 27 E1g -0.4283183220814
AgUs         95.877374283922876 %
AgUdzz        1.255775396979477 %
AgOpz         0.575197671227858 %
AgOpz         0.575197671227858 %
AgOs          0.541626449920821 %
AgOs          0.541626449920821 %
AgUdxx        0.313943849113126 %
AgUdyy        0.313943849113126 %

Electronic no. 28 E1u -0.4247148650315
B3uUfxyy     34.266180926419914 %
B2uUfxxy     34.266180926419914 %
AuUfxyz      15.895464742640797 %
B1uUfxxz      3.973866186269522 %
B1uUfyyz      3.973866186269522 %
B3uUfxxx      3.807353438075514 %
B2uUfyyy      3.807353438075514 %

Electronic no. 28 E1g -0.4245356076994
B1gUdxy      66.448659747386046 %
AgUdxx       16.612164942120348 %
AgUdyy       16.612164942120348 %

Electronic no. 29 E1u -0.4204960956244
AuUfxyz      63.582944329199904 %
B1uUfxxz     15.895736081525838 %
B1uUfyyz     15.895736081525838 %
B3uUfxzz      0.805345277788860 %
B2uUfyzz      0.805345277788860 %
B3uOpx        0.483071868436798 %
B3uOpx        0.483071868436798 %
B2uOpy        0.483071868436798 %
B2uOpy        0.483071868436798 %
B3uUpx        0.420935700239463 %
B2uUpy        0.420935700239463 %

Electronic no. 29 E1g -0.4126042501806
B1gUdxy      66.638965375605338 %
AgUdxx       16.659741345078888 %
AgUdyy       16.659741345078888 %

Electronic no. 30 E1u -0.4017605615833
B3uUfxyy     44.999999998600721 %
B2uUfxxy     44.999999998600721 %
B3uUfxxx      5.000000001399275 %
B2uUfyyy      5.000000001399275 %

Electronic no. 31 E1u -0.4004662967747
AuUfxyz      60.691791674506845 %
B1uUfxxz     15.172947911521470 %
B1uUfyyz     15.172947911521470 %
B3uUfxyy      4.015038952875122 %
B2uUfxxy      4.015038952875122 %
B3uUfxxx      0.446115440259370 %
B2uUfyyy      0.446115440259370 %

Electronic no. 32 E1u -0.3747846351733
B3uUpx       23.571184416924186 %
B2uUpy       23.571184416924186 %
B3uUfxzz     12.537302744176920 %
B2uUfyzz     12.537302744176920 %
B3uOpx        4.135204920331721 %
B3uOpx        4.135204920331721 %
B2uOpy        4.135204920331721 %
B2uOpy        4.135204920331721 %
B1uUpz        3.530765571233957 %
B1uOpz        1.613461125595125 %
B1uOpz        1.613461125595125 %
B3uUfxxx      0.783581422247469 %
B3uUfxyy      0.783581422247469 %
B2uUfxxy      0.783581422247469 %
B2uUfyyy      0.783581422247469 %
B1uOs         0.415164414402147 %
B1uOs         0.415164414402147 %
B1uUfxxz      0.200107111478792 %
B1uUfyyz      0.200107111478792 %

Electronic no. 33 E1u -0.3524034266683
B3uUpx       16.579332598828074 %
B2uUpy       16.579332598828074 %
B3uUfxzz     16.011972954448854 %
B2uUfyzz     16.011972954448854 %
B3uOpx        6.951494010891745 %
B3uOpx        6.951494010891745 %
B2uOpy        6.951494010891745 %
B2uOpy        6.951494010891745 %
AuUfxyz       1.971938593999866 %
B3uUfxxx      1.000748309690611 %
B3uUfxyy      1.000748309690611 %
B2uUfxxy      1.000748309690611 %
B2uUfyyy      1.000748309690611 %
B1uUfxxz      0.492984647307064 %
B1uUfyyz      0.492984647307064 %

Electronic no. 34 E1u -0.2797887257585
B1uUpz       27.863636696413113 %
B1uOs        22.251571885113584 %
B1uOs        22.251571885113584 %
B3uUpx       10.146958366548439 %
B2uUpy       10.146958366548439 %
B1uOpz        1.165692769616445 %
B1uOpz        1.165692769616445 %
B3uOpx        0.748491762357734 %
B3uOpx        0.748491762357734 %
B2uOpy        0.748491762357734 %
B2uOpy        0.748491762357734 %
B3uUfxzz      0.737667350251524 %
B2uUfyzz      0.737667350251524 %
B1uUfxxz      0.144485238615333 %
B1uUfyyz      0.144485238615333 %

Electronic no. 35 E1u -0.26790818115
B3uUpx       42.530006941367624 %
B2uUpy       42.530006941367624 %
B3uUfxzz      2.494328168353718 %
B2uUfyzz      2.494328168353718 %
B3uOpx        2.312021299130216 %
B3uOpx        2.312021299130216 %
B2uOpy        2.312021299130216 %
B2uOpy        2.312021299130216 %
B3uUfxxx      0.155895510513329 %
B3uUfxyy      0.155895510513329 %
B2uUfxxy      0.155895510513329 %
B2uUfyyy      0.155895510513329 %

Electronic no. 30 E1g -0.2345881243226
B2gUdxz      32.700362304991465 %
B3gUdyz      32.700362304991465 %
B2gOpx        7.808523418256889 %
B2gOpx        7.808523418256889 %
B3gOpy        7.808523418256889 %
B3gOpy        7.808523418256889 %
AgUs          2.600227432819102 %
AgOs          0.257127572207674 %
AgOs          0.257127572207674 %

Electronic no. 31 E1g -0.2279816113497
B2gUdxz      33.946670716229910 %
B3gUdyz      33.946670716229910 %
B2gOpx        7.959360512935774 %
B2gOpx        7.959360512935774 %
B3gOpy        7.959360512935774 %
B3gOpy        7.959360512935774 %

Electronic no. 36 E1u -0.226561666275
B1uUpz       33.069775725513864 %
B1uOs        29.463578688667781 %
B1uOs        29.463578688667781 %
B1uOpz        2.492942841999186 %
B1uOpz        2.492942841999186 %
B3uUpx        0.793883254190917 %
B2uUpy        0.793883254190917 %
B1uUfxxz      0.407913074620096 %
B1uUfyyz      0.407913074620096 %
B1uUfzzz      0.181294699902751 %

Electronic no. 37 E1u -0.2132323954083
B1uUpz       58.136743948854757 %
B1uOs         9.683148958526068 %
B1uOs         9.683148958526068 %
B1uOpz        5.958947264422079 %
B1uOpz        5.958947264422079 %
B3uUpx        2.808716580392154 %
B2uUpy        2.808716580392154 %
B1uUfxxz      1.449935642756431 %
B1uUfyyz      1.449935642756431 %
B1uUfzzz      0.644415840299055 %
B3uOpx        0.299425519194579 %
B3uOpx        0.299425519194579 %
B2uOpy        0.299425519194579 %
B2uOpy        0.299425519194579 %

Electronic no. 32 E1g -0.1946639444298
AgUs         98.404880195980667 %
AgOs          0.450095381608068 %
AgOs          0.450095381608068 %
AgUdzz        0.263562726929053 %
AgOpz         0.108375331479253 %
AgOpz         0.108375331479253 %

Electronic no. 38 E1u -0.1357455117524
B1uUpz       27.622819023309223 %
B1uOs        20.395571780048932 %
B1uOs        20.395571780048932 %
B3uUpx       13.433072487325441 %
B2uUpy       13.433072487325441 %
B1uOpz        0.760892161802725 %
B1uOpz        0.760892161802725 %
B3uOpx        0.540657722657625 %
B3uOpx        0.540657722657625 %
B2uOpy        0.540657722657625 %
B2uOpy        0.540657722657625 %
B3uUfxzz      0.288812633095640 %
B2uUfyzz      0.288812633095640 %
B1uUfxxz      0.157688467685221 %
B1uUfyyz      0.157688467685221 %

Electronic no. 33 E1g -0.1338153445394
B1gUdxy      44.429880662559668 %
B2gUdxz      15.066365869331525 %
B3gUdyz      15.066365869331525 %
AgUdxx       11.107470167151080 %
AgUdyy       11.107470167151080 %
B2gOpx        0.804536483666498 %
B2gOpx        0.804536483666498 %
B3gOpy        0.804536483666498 %
B3gOpy        0.804536483666498 %

Electronic no. 34 E1g -0.1301269418898
B2gUdxz      45.167315466720638 %
B3gUdyz      45.167315466720638 %
B2gOpx        2.196864015717010 %
B2gOpx        2.196864015717010 %
B3gOpy        2.196864015717010 %
B3gOpy        2.196864015717010 %
AgUs          0.355410461777875 %
AgOs          0.206670348995873 %
AgOs          0.206670348995873 %

Electronic no. 39 E1u -0.1286282476541
B3uUpx       42.888142026797389 %
B2uUpy       42.888142026797389 %
B3uOpx        2.743554825371235 %
B3uOpx        2.743554825371235 %
B2uOpy        2.743554825371235 %
B2uOpy        2.743554825371235 %
B3uUfxzz      1.443537681236427 %
B2uUfyzz      1.443537681236427 %

Electronic no. 35 E1g -0.1263772732787
B1gUdxy      66.666345120044326 %
AgUdxx       16.666586279642036 %
AgUdyy       16.666586279642036 %

Electronic no. 36 E1g -0.1249042579032
B2gUdxz      42.019103274926529 %
B3gUdyz      42.019103274926529 %
B1gUdxy       5.854476201521186 %
B2gOpx        1.791389432057106 %
B2gOpx        1.791389432057106 %
B3gOpy        1.791389432057106 %
B3gOpy        1.791389432057106 %
AgUdxx        1.463619050766377 %
AgUdyy        1.463619050766377 %

Electronic no. 37 E1g -0.1201806804029
AgUs         57.258393995430865 %
AgOs         18.702236869660933 %
AgOs         18.702236869660933 %
AgUdzz        2.618861303170922 %
AgOpz         0.702079159822392 %
AgOpz         0.702079159822392 %
AgUdxx        0.654715325731072 %
AgUdyy        0.654715325731072 %

Electronic no. 38 E1g 0.0320231784
AgUs         73.226847213826858 %
AgOpz         9.916142574232300 %
AgOpz         9.916142574232300 %
AgUdzz        3.892841213474496 %
AgUdxx        0.973210303317684 %
AgUdyy        0.973210303317684 %
AgOs          0.547869201695983 %
AgOs          0.547869201695983 %

Electronic no. 39 E1g 0.0719801678
AgUs         39.254074774802675 %
AgOs         27.378370436615263 %
AgOs         27.378370436615263 %
AgOpz         2.364811502675303 %
AgOpz         2.364811502675303 %
AgUdzz        0.837994961959253 %
AgUdxx        0.209498740490868 %
AgUdyy        0.209498740490868 %

