Electronic no. 1 E1g -119.089765156050007
AgArs        100.000000000000000 %

Electronic no. 2 E1g -12.408715632851001
AgArs        100.000000000000000 %

Electronic no. 1 E1u -9.630769061790000
B3uArpx       33.333333333333329 %
B2uArpy       33.333333333333329 %
B1uArpz       33.333333333333329 %

Electronic no. 2 E1u -9.545931290574201
B3uArpx       50.000000000000014 %
B2uArpy       50.000000000000014 %

Electronic no. 3 E1u -9.545931290574099
B1uArpz       66.666666669865521 %
B3uArpx       16.666666665067229 %
B2uArpy       16.666666665067229 %

Electronic no. 3 E1g -1.286170836498500
AgArs        100.000000000000000 %

Electronic no. 4 E1u -0.595173537587100
B3uArpx       33.333333333333336 %
B2uArpy       33.333333333333336 %
B1uArpz       33.333333333333336 %

Electronic no. 5 E1u -0.587620893485100
B1uArpz       66.666666674448933 %
B3uArpx       16.666666662775533 %
B2uArpy       16.666666662775533 %

Electronic no. 6 E1u -0.587620893484800
B3uArpx       50.000000000000000 %
B2uArpy       50.000000000000000 %

Electronic no. 7 E1u 0.402473681691800
B3uArpx       33.333333333333329 %
B2uArpy       33.333333333333329 %
B1uArpz       33.333333333333329 %

Electronic no. 8 E1u 0.404641392842700
B1uArpz       66.666666664419822 %
B3uArpx       16.666666667790086 %
B2uArpy       16.666666667790086 %

Electronic no. 9 E1u 0.404641392842700
B3uArpx       50.000000000000000 %
B2uArpy       50.000000000000000 %

Electronic no. 4 E1g 0.434070813519000
AgArs        100.000000000000000 %

Electronic no. 5 E1g 0.679925301750800
B2gArdxz      37.499999999999993 %
B3gArdyz      37.499999999999993 %
AgArdzz       16.666666669957568 %
AgArdxx        4.166666665021217 %
AgArdyy        4.166666665021217 %

Electronic no. 6 E1g 0.679925301750800
B1gArdxy      50.000000008550018 %
AgArdxx       12.499999997862501 %
AgArdyy       12.499999997862501 %
B2gArdxz      12.499999997862501 %
B3gArdyz      12.499999997862501 %

Electronic no. 7 E1g 0.680078064742600
B2gArdxz      42.105263158237939 %
B3gArdyz      42.105263158237939 %
B1gArdxy      10.526315789016081 %
AgArdxx        2.631578947254020 %
AgArdyy        2.631578947254020 %

Electronic no. 8 E1g 0.680078064743000
B1gArdxy      66.666666672761863 %
AgArdxx       16.666666663619072 %
AgArdyy       16.666666663619072 %

Electronic no. 9 E1g 0.680078064743100
AgArdzz       28.571428573402223 %
B2gArdxz      28.571428573402223 %
B3gArdyz      28.571428573402223 %
AgArdxx        7.142857139896663 %
AgArdyy        7.142857139896663 %

Electronic no. 10 E1u 1.920399069168800
B3uArpx       33.333333333333329 %
B2uArpy       33.333333333333329 %
B1uArpz       33.333333333333329 %

Electronic no. 11 E1u 1.929457239617500
B3uArpx       50.000000000000014 %
B2uArpy       50.000000000000014 %

Electronic no. 12 E1u 1.929457239617700
B1uArpz       66.666666666028902 %
B3uArpx       16.666666666985556 %
B2uArpy       16.666666666985556 %

Electronic no. 10 E1g 2.470974812345200
B2gArdxz      37.499999998487752 %
B3gArdyz      37.499999998487752 %
AgArdzz       16.666666670141890 %
AgArdxx        4.166666666441295 %
AgArdyy        4.166666666441295 %

Electronic no. 11 E1g 2.470974812345200
B1gArdxy      50.000000007282722 %
AgArdxx       12.499999998179323 %
AgArdyy       12.499999998179323 %
B2gArdxz      12.499999998179323 %
B3gArdyz      12.499999998179323 %

Electronic no. 12 E1g 2.471799815656900
AgArdzz       28.571428569612351 %
B2gArdxz      28.571428569612351 %
B3gArdyz      28.571428569612351 %
AgArdxx        7.142857145581473 %
AgArdyy        7.142857145581473 %

Electronic no. 13 E1g 2.471799815657000
B1gArdxy      66.666666670144934 %
AgArdxx       16.666666664927526 %
AgArdyy       16.666666664927526 %

Electronic no. 14 E1g 2.471799815657100
B2gArdxz      42.105263157636934 %
B3gArdyz      42.105263157636934 %
B1gArdxy      10.526315790633788 %
AgArdxx        2.631578947046169 %
AgArdyy        2.631578947046169 %

Electronic no. 15 E1g 2.484543171460900
AgArs        100.000000000000000 %

Electronic no. 13 E1u 6.664183979163700
B3uArpx       33.333333333333336 %
B2uArpy       33.333333333333336 %
B1uArpz       33.333333333333336 %

Electronic no. 14 E1u 6.692394384447900
B3uArpx       49.999999999999993 %
B2uArpy       49.999999999999993 %

Electronic no. 15 E1u 6.692394384448000
B1uArpz       66.666666666553937 %
B3uArpx       16.666666666723032 %
B2uArpy       16.666666666723032 %

Electronic no. 16 E1g 7.366074108798500
B1gArdxy      50.000000001602551 %
AgArdxx       12.499999999599364 %
AgArdyy       12.499999999599364 %
B2gArdxz      12.499999999599364 %
B3gArdyz      12.499999999599364 %

Electronic no. 17 E1g 7.366074108798500
B2gArdxz      37.500000000000000 %
B3gArdyz      37.500000000000000 %
AgArdzz       16.666666667585268 %
AgArdxx        4.166666666207364 %
AgArdyy        4.166666666207364 %

Electronic no. 18 E1g 7.368061615811500
B2gArdxz      42.105263158463714 %
B3gArdyz      42.105263158463714 %
B1gArdxy      10.526315789615929 %
AgArdxx        2.631578946728325 %
AgArdyy        2.631578946728325 %

Electronic no. 19 E1g 7.368061615812300
B1gArdxy      66.666666666027936 %
AgArdxx       16.666666666986039 %
AgArdyy       16.666666666986039 %

Electronic no. 20 E1g 7.368061615812500
AgArdzz       28.571428570321945 %
B2gArdxz      28.571428570321945 %
B3gArdyz      28.571428570321945 %
AgArdxx        7.142857144517081 %
AgArdyy        7.142857144517081 %

Electronic no. 21 E1g 9.719363831343300
AgArs        100.000000000000000 %

Electronic no. 16 E1u 20.429059698987999
B3uArpx       33.333333333333329 %
B2uArpy       33.333333333333329 %
B1uArpz       33.333333333333329 %

Electronic no. 17 E1u 20.508957935757000
B3uArpx       50.000000000000000 %
B2uArpy       50.000000000000000 %

Electronic no. 18 E1u 20.508957935758001
B1uArpz       66.666666665505375 %
B3uArpx       16.666666667247316 %
B2uArpy       16.666666667247316 %

Electronic no. 22 E1g 32.488937532097999
AgArs        100.000000000000000 %

Electronic no. 19 E1u 58.234850439531002
B3uArpx       33.333333333333329 %
B2uArpy       33.333333333333329 %
B1uArpz       33.333333333333329 %

Electronic no. 20 E1u 58.462454127397997
B3uArpx       50.000000000000014 %
B2uArpy       50.000000000000014 %

Electronic no. 21 E1u 58.462454127400001
B1uArpz       66.666666666315720 %
B3uArpx       16.666666666842126 %
B2uArpy       16.666666666842126 %

Electronic no. 23 E1g 98.640926559717002
AgArs        100.000000000000000 %

Electronic no. 22 E1u 162.572539586120001
B3uArpx       33.333333333333329 %
B2uArpy       33.333333333333329 %
B1uArpz       33.333333333333329 %

Electronic no. 23 E1u 163.305947294309988
B1uArpz       66.666666665906178 %
B3uArpx       16.666666667046915 %
B2uArpy       16.666666667046915 %

Electronic no. 24 E1u 163.305947294309988
B3uArpx       49.999999999999986 %
B2uArpy       49.999999999999986 %

Electronic no. 24 E1g 275.541932628200016
AgArs        100.000000000000000 %

Electronic no. 25 E1u 469.244724317770022
B3uArpx       33.333333333333321 %
B2uArpy       33.333333333333321 %
B1uArpz       33.333333333333321 %

Electronic no. 26 E1u 472.189769294009977
B1uArpz       66.666666665130947 %
B3uArpx       16.666666667434534 %
B2uArpy       16.666666667434534 %

Electronic no. 27 E1u 472.189769294019982
B3uArpx       50.000000000000014 %
B2uArpy       50.000000000000014 %

Electronic no. 25 E1g 716.778266895129946
AgArs        100.000000000000000 %

Electronic no. 28 E1u 1482.891862453900103
B3uArpx       33.333333333333329 %
B2uArpy       33.333333333333329 %
B1uArpz       33.333333333333329 %

Electronic no. 29 E1u 1497.595329557399964
B3uArpx       49.999999999999993 %
B2uArpy       49.999999999999993 %

Electronic no. 30 E1u 1497.595329557399964
B1uArpz       66.666666667349915 %
B3uArpx       16.666666666325039 %
B2uArpy       16.666666666325039 %

Electronic no. 26 E1g 1786.894384475700008
AgArs        100.000000000000000 %

Electronic no. 27 E1g 4325.809621498799970
AgArs        100.000000000000000 %

Electronic no. 31 E1u 5631.721925324600306
B3uArpx       33.333333333333314 %
B2uArpy       33.333333333333314 %
B1uArpz       33.333333333333314 %

Electronic no. 32 E1u 5757.728688674999830
B1uArpz       66.666666665018298 %
B3uArpx       16.666666667490844 %
B2uArpy       16.666666667490844 %

Electronic no. 33 E1u 5757.728688674999830
B3uArpx       49.999999999999993 %
B2uArpy       49.999999999999993 %

Electronic no. 28 E1g 10112.516275203999612
AgArs        100.000000000000000 %

Electronic no. 29 E1g 22614.209891393998987
AgArs        100.000000000000000 %

Electronic no. 30 E1g 48809.021080769998662
AgArs        100.000000000000000 %

Electronic no. 31 E1g 105277.671887870004866
AgArs        100.000000000000000 %

Electronic no. 32 E1g 240809.089534970000386
AgArs        100.000000000000000 %

Electronic no. 33 E1g 655381.860785520053469
AgArs        100.000000000000000 %

