E1u 1 -138035.45332973 B1uNs 49.999750113095473 B1uNs 49.999750113095473
E1g 1 -138035.4130419 AgNs 49.999997367309220 AgNs 49.999997367309220
E1u 2 -70395.913433125 B1uNs 49.999308473077690 B1uNs 49.999308473077690
E1g 2 -70395.801919644 AgNs 49.999992706587832 AgNs 49.999992706587832
E1u 3 -49174.136295906 B1uNs 49.998600236607174 B1uNs 49.998600236607174
E1g 3 -49173.925741662 AgNs 49.999985217936114 AgNs 49.999985217936114
E1u 4 -41736.135742918 B1uNs 49.997457994573530 B1uNs 49.997457994573530
E1g 4 -41735.835567384 AgNs 49.999973118053575 AgNs 49.999973118053575
E1u 5 -39121.599677375 B1uNs 49.995536299213391 B1uNs 49.995536299213391
E1g 5 -39121.240826006 AgNs 49.999952688857782 AgNs 49.999952688857782
E1g 6 -38178.821433233 AgNpz 16.714977707282589 AgNpz 16.714977707282589 B2gNpx 16.525963254032931 B2gNpx 16.525963254032931 B3gNpy 16.525963254032931 B3gNpy 16.525963254032931 AgNs 0.232931148339893 AgNs 0.232931148339893
E1u 6 -38178.769913867 B1uNpz 16.523533446965288 B1uNpz 16.523533446965288 B3uNpx 16.307938904988404 B3uNpx 16.307938904988404 B2uNpy 16.307938904988404 B2uNpy 16.307938904988404 B1uNs 0.858103911081208 B1uNs 0.858103911081208
E1u 7 -38177.872828828 B1uNs 49.991480820114148 B1uNs 49.991480820114148
E1g 7 -38177.477780765 AgNs 49.999812868201630 AgNs 49.999812868201630
E1g 8 -38083.878375685 AgNpz 33.400406676449940 AgNpz 33.400406676449940 B2gNpx 8.288215406386707 B2gNpx 8.288215406386707 B3gNpy 8.288215406386707 B3gNpy 8.288215406386707
E1g 9 -38083.805637224 B2gNpx 24.999953509586781 B2gNpx 24.999953509586781 B3gNpy 24.999953509586781 B3gNpy 24.999953509586781
E1u 8 -38083.798683518 B1uNpz 33.423311348999285 B1uNpz 33.423311348999285 B3uNpx 8.256567393978646 B3uNpx 8.256567393978646 B2uNpy 8.256567393978646 B2uNpy 8.256567393978646
E1u 9 -38083.770273754 B3uNpx 24.999994070275243 B3uNpx 24.999994070275243 B2uNpy 24.999994070275243 B2uNpy 24.999994070275243
E1u 10 -37817.510152038 B1uNs 49.985064503309125 B1uNs 49.985064503309125
E1g 10 -37817.088699528 AgNs 49.999841124928530 AgNs 49.999841124928530
E1g 11 -37730.195319683 AgNpz 17.007776413171577 AgNpz 17.007776413171577 B2gNpx 16.483015064611923 B2gNpx 16.483015064611923 B3gNpy 16.483015064611923 B3gNpy 16.483015064611923
E1u 11 -37730.121757729 B1uNpz 16.996019361997195 B1uNpz 16.996019361997195 B3uNpx 16.465903535192268 B3uNpx 16.465903535192268 B2uNpy 16.465903535192268 B2uNpy 16.465903535192268
E1g 12 -37702.306773509 AgNpz 33.447510030129799 AgNpz 33.447510030129799 B2gNpx 8.247995837650373 B2gNpx 8.247995837650373 B3gNpy 8.247995837650373 B3gNpy 8.247995837650373
E1g 13 -37702.206300508 B2gNpx 24.999885632011182 B2gNpx 24.999885632011182 B3gNpy 24.999885632011182 B3gNpy 24.999885632011182
E1u 12 -37702.193688978 B1uNpz 33.521163845175870 B1uNpz 33.521163845175870 B3uNpx 8.159036064448882 B3uNpx 8.159036064448882 B2uNpy 8.159036064448882 B2uNpy 8.159036064448882 B1uNs 0.149792033387458 B1uNs 0.149792033387458
E1u 13 -37702.157551981 B3uNpx 24.999983995857747 B3uNpx 24.999983995857747 B2uNpy 24.999983995857747 B2uNpy 24.999983995857747
E1u 14 -37671.179752867 B1uNs 49.968980100806469 B1uNs 49.968980100806469
E1g 14 -37670.735712957 AgNs 49.999688323111656 AgNs 49.999688323111656
E1g 15 -37620.491058213 AgNpz 17.379165825633102 AgNpz 17.379165825633102 B2gNpx 16.279158263849347 B2gNpx 16.279158263849347 B3gNpy 16.279158263849347 B3gNpy 16.279158263849347
E1u 15 -37620.400198689 B1uNpz 17.335171346507359 B1uNpz 17.335171346507359 B3uNpx 16.241090181836338 B3uNpx 16.241090181836338 B2uNpy 16.241090181836338 B2uNpy 16.241090181836338 B1uNs 0.171880167359524 B1uNs 0.171880167359524
E1u 16 -37608.419492221 B1uNs 49.919891161921981 B1uNs 49.919891161921981
E1g 16 -37607.950463941 AgNs 49.993431801369425 AgNs 49.993431801369425
E1g 17 -37607.764058492 AgNpz 32.522597447118216 AgNpz 32.522597447118216 B2gNpx 7.956119310800694 B2gNpx 7.956119310800694 B3gNpy 7.956119310800694 B3gNpy 7.956119310800694 AgNs 1.563808808044624 AgNs 1.563808808044624
E1g 18 -37607.64196661 B2gNpx 24.999716015402896 B2gNpx 24.999716015402896 B3gNpy 24.999716015402896 B3gNpy 24.999716015402896
E1u 17 -37607.621383702 B1uNpz 33.373113013624959 B1uNpz 33.373113013624959 B3uNpx 7.889959510582595 B3uNpx 7.889959510582595 B2uNpy 7.889959510582595 B2uNpy 7.889959510582595 B1uNs 0.826042390701738 B1uNs 0.826042390701738
E1u 18 -37607.584483263 B3uNpx 24.999952886492299 B3uNpx 24.999952886492299 B2uNpy 24.999952886492299 B2uNpy 24.999952886492299
E1g 19 -37582.692827129 AgNpz 17.945979713452409 AgNpz 17.945979713452409 B2gNpx 15.906612201602540 B2gNpx 15.906612201602540 B3gNpy 15.906612201602540 B3gNpy 15.906612201602540 AgNs 0.238531343799951 AgNs 0.238531343799951
E1u 19 -37582.57832131 B1uNpz 17.822744894271278 B1uNpz 17.822744894271278 B3uNpx 15.678455194589624 B3uNpx 15.678455194589624 B2uNpy 15.678455194589624 B2uNpy 15.678455194589624 B1uNs 0.794332682340198 B1uNs 0.794332682340198
E1u 20 -37580.2633601 B1uNs 49.771283683107590 B1uNs 49.771283683107590 B1uNpz 0.212866211384414 B1uNpz 0.212866211384414
E1g 20 -37579.759529896 AgNs 49.998600810291563 AgNs 49.998600810291563
E1g 21 -37576.713990881 AgNpz 33.051106997005675 AgNpz 33.051106997005675 B2gNpx 8.252582143540810 B2gNpx 8.252582143540810 B3gNpy 8.252582143540810 B3gNpy 8.252582143540810 AgNs 0.438595862987501 AgNs 0.438595862987501
E1g 22 -37576.547239948 B2gNpx 24.998943536148317 B2gNpx 24.998943536148317 B3gNpy 24.998943536148317 B3gNpy 24.998943536148317
E1u 21 -37576.512145157 B1uNpz 34.151625561732580 B1uNpz 34.151625561732580 B3uNpx 7.546776634765100 B3uNpx 7.546776634765100 B2uNpy 7.546776634765100 B2uNpy 7.546776634765100 B1uNs 0.698330917527007 B1uNs 0.698330917527007
E1u 22 -37576.481770037 B3uNpx 24.999717928950027 B3uNpx 24.999717928950027 B2uNpy 24.999717928950027 B2uNpy 24.999717928950027
E1u 23 -37568.674790622 B1uNs 24.301693442775210 B1uNs 24.301693442775210 B1uNpz 15.909589537231556 B1uNpz 15.909589537231556 B1uNdzz 3.012534100245871 B1uNdzz 3.012534100245871 B3uNdxz 2.619054522753453 B3uNdxz 2.619054522753453 B2uNdyz 2.619054522753453 B2uNdyz 2.619054522753453 B1uNdxx 0.753133523390462 B1uNdxx 0.753133523390462 B1uNdyy 0.753133523390462 B1uNdyy 0.753133523390462
E1g 23 -37568.572278682 B2gNdxz 14.887128080506976 B2gNdxz 14.887128080506976 B3gNdyz 14.887128080506976 B3gNdyz 14.887128080506976 AgNdzz 7.573346403848038 AgNdzz 7.573346403848038 AgNpz 5.231141675714018 AgNpz 5.231141675714018 AgNdxx 1.893336663962263 AgNdxx 1.893336663962263 AgNdyy 1.893336663962263 AgNdyy 1.893336663962263 AgNs 1.466876909547763 AgNs 1.466876909547763 B2gNpx 1.083852760975845 B2gNpx 1.083852760975845 B3gNpy 1.083852760975845 B3gNpy 1.083852760975845
E1u 24 -37568.436558388 AuNdxy 24.845400532980282 AuNdxy 24.845400532980282 B3uNdxz 6.314718410371200 B3uNdxz 6.314718410371200 B2uNdyz 6.314718410371200 B2uNdyz 6.314718410371200 B1uNdxx 6.211350133245070 B1uNdxx 6.211350133245070 B1uNdyy 6.211350133245070 B1uNdyy 6.211350133245070
E1g 24 -37568.382728797 B1gNdxy 20.855183134503836 B1gNdxy 20.855183134503836 B2gNdxz 8.470027231482694 B2gNdxz 8.470027231482694 B3gNdyz 8.470027231482694 B3gNdyz 8.470027231482694 AgNdxx 5.213795594411539 AgNdxx 5.213795594411539 AgNdyy 5.213795594411539 AgNdyy 5.213795594411539 B2gNpx 0.888585606853853 B2gNpx 0.888585606853853 B3gNpy 0.888585606853853 B3gNpy 0.888585606853853
E1g 25 -37567.948274837 AgNpz 16.944800324682948 AgNpz 16.944800324682948 B2gNpx 15.350961176879395 B2gNpx 15.350961176879395 B3gNpy 15.350961176879395 B3gNpy 15.350961176879395 AgNs 2.273156536463492 AgNs 2.273156536463492
E1u 25 -37567.777601127 B1uNpz 19.519882575038441 B1uNpz 19.519882575038441 B3uNpx 14.069183997943389 B3uNpx 14.069183997943389 B2uNpy 14.069183997943389 B2uNpy 14.069183997943389 B1uNs 2.242795133037148 B1uNs 2.242795133037148
E1u 26 -37567.289552531 B1uNs 49.207549114103678 B1uNs 49.207549114103678 B1uNpz 0.733257525558750 B1uNpz 0.733257525558750
E1g 26 -37566.79139072 AgNs 49.925788719642057 AgNs 49.925788719642057
E1u 27 -37565.656999565 B1uNs 23.777685427894834 B1uNs 23.777685427894834 B1uNpz 15.768917008511142 B1uNpz 15.768917008511142 B1uNdzz 2.841491347533327 B1uNdzz 2.841491347533327 B3uNdxz 2.331411543848873 B3uNdxz 2.331411543848873 B2uNdyz 2.331411543848873 B2uNdyz 2.331411543848873 B3uNpx 0.764168730120520 B3uNpx 0.764168730120520 B2uNpy 0.764168730120520 B2uNpy 0.764168730120520 B1uNdxx 0.710372834060954 B1uNdxx 0.710372834060954 B1uNdyy 0.710372834060954 B1uNdyy 0.710372834060954
E1g 27 -37565.543442346 AgNpz 13.460172557599575 AgNpz 13.460172557599575 AgNdzz 6.200068536319317 AgNdzz 6.200068536319317 B2gNdxz 6.052171030312925 B2gNdxz 6.052171030312925 B3gNdyz 6.052171030312925 B3gNdyz 6.052171030312925 B2gNpx 5.937345661952797 B2gNpx 5.937345661952797 B3gNpy 5.937345661952797 B3gNpy 5.937345661952797 AgNs 3.260691395299593 AgNs 3.260691395299593 AgNdxx 1.550017063125025 AgNdxx 1.550017063125025 AgNdyy 1.550017063125025 AgNdyy 1.550017063125025
E1g 28 -37565.429163007 B2gNdxz 16.995534958957030 B2gNdxz 16.995534958957030 B3gNdyz 16.995534958957030 B3gNdyz 16.995534958957030 B2gNpx 5.475804922968893 B2gNpx 5.475804922968893 B3gNpy 5.475804922968893 B3gNpy 5.475804922968893 B1gNdxy 3.371546878288950 B1gNdxy 3.371546878288950 AgNdxx 0.842886678929599 AgNdxx 0.842886678929599 AgNdyy 0.842886678929599 AgNdyy 0.842886678929599
E1u 28 -37565.399293197 B3uNdxz 16.416493639891751 B3uNdxz 16.416493639891751 B2uNdyz 16.416493639891751 B2uNdyz 16.416493639891751 B3uNpx 5.303806520055049 B3uNpx 5.303806520055049 B2uNpy 5.303806520055049 B2uNpy 5.303806520055049 AuNdxy 4.372933052888137 AuNdxy 4.372933052888137 B1uNdxx 1.093233313609129 B1uNdxx 1.093233313609129 B1uNdyy 1.093233313609129 B1uNdyy 1.093233313609129
E1u 29 -37565.348391561 AuNdxy 33.333332990825838 AuNdxy 33.333332990825838 B1uNdxx 8.333333504587083 B1uNdxx 8.333333504587083 B1uNdyy 8.333333504587083 B1uNdyy 8.333333504587083
E1g 29 -37565.254227112 B1gNdxy 33.333333434392287 B1gNdxy 33.333333434392287 AgNdxx 8.333333282803856 AgNdxx 8.333333282803856 AgNdyy 8.333333282803856 AgNdyy 8.333333282803856
E1g 30 -37564.996222409 AgNpz 29.886303515196985 AgNpz 29.886303515196985 B2gNpx 9.594804440053023 B2gNpx 9.594804440053023 B3gNpy 9.594804440053023 B3gNpy 9.594804440053023 AgNs 0.417019665885201 AgNs 0.417019665885201 AgNdzz 0.171329180546751 AgNdzz 0.171329180546751 B2gNdxz 0.125037086957346 B2gNdxz 0.125037086957346 B3gNdyz 0.125037086957346 B3gNdyz 0.125037086957346
E1g 31 -37564.882513985 B2gNpx 24.974542161222409 B2gNpx 24.974542161222409 B3gNpy 24.974542161222409 B3gNpy 24.974542161222409
E1u 30 -37564.85215031 B1uNpz 32.244020288173992 B1uNpz 32.244020288173992 B1uNs 5.773941335756829 B1uNs 5.773941335756829 B3uNpx 5.668899576633109 B3uNpx 5.668899576633109 B2uNpy 5.668899576633109 B2uNpy 5.668899576633109 B1uNdzz 0.415603365473201 B1uNdzz 0.415603365473201 B1uNdxx 0.103900840304447 B1uNdxx 0.103900840304447 B1uNdyy 0.103900840304447 B1uNdyy 0.103900840304447
E1u 31 -37564.762375478 B3uNpx 24.937344097998462 B3uNpx 24.937344097998462 B2uNpy 24.937344097998462 B2uNpy 24.937344097998462
E1u 32 -37561.851760493 B1uNs 36.966352170093039 B1uNs 36.966352170093039 B1uNpz 8.576734391593067 B1uNpz 8.576734391593067 B3uNpx 1.603944965678666 B3uNpx 1.603944965678666 B2uNpy 1.603944965678666 B2uNpy 1.603944965678666 B1uNdzz 0.832216193128284 B1uNdzz 0.832216193128284 B1uNdxx 0.208054048282071 B1uNdxx 0.208054048282071 B1uNdyy 0.208054048282071 B1uNdyy 0.208054048282071
E1g 32 -37561.632083094 B2gNpx 17.600967427375728 B2gNpx 17.600967427375728 B3gNpy 17.600967427375728 B3gNpy 17.600967427375728 AgNpz 10.250640232102809 AgNpz 10.250640232102809 AgNs 4.528509884804276 AgNs 4.528509884804276
E1u 33 -37561.447766142 B1uNs 43.699558041891812 B1uNs 43.699558041891812 B1uNpz 4.725122254910270 B1uNpz 4.725122254910270 B3uNpx 0.680225176992659 B3uNpx 0.680225176992659 B2uNpy 0.680225176992659 B2uNpy 0.680225176992659 B1uNdzz 0.142945969844772 B1uNdzz 0.142945969844772
E1g 33 -37561.135476955 AgNs 48.125936752545300 AgNs 48.125936752545300 AgNpz 1.094136862943291 AgNpz 1.094136862943291 B2gNpx 0.350388108795238 B2gNpx 0.350388108795238 B3gNpy 0.350388108795238 B3gNpy 0.350388108795238
E1u 34 -37560.803804564 B1uNs 24.418807077016318 B1uNs 24.418807077016318 B1uNpz 14.364976605004804 B1uNpz 14.364976605004804 B3uNpx 3.906862043314747 B3uNpx 3.906862043314747 B2uNpy 3.906862043314747 B2uNpy 3.906862043314747 B1uNdzz 2.262500771705187 B1uNdzz 2.262500771705187 B1uNdxx 0.565625176630844 B1uNdxx 0.565625176630844 B1uNdyy 0.565625176630844 B1uNdyy 0.565625176630844
E1g 34 -37560.541623502 AgNs 20.502238971152313 AgNs 20.502238971152313 AgNpz 16.459671228573871 AgNpz 16.459671228573871 B2gNdxz 4.450977504283051 B2gNdxz 4.450977504283051 B3gNdyz 4.450977504283051 B3gNdyz 4.450977504283051 AgNdzz 1.725058287345132 AgNdzz 1.725058287345132 B2gNpx 0.774273680345016 B2gNpx 0.774273680345016 B3gNpy 0.774273680345016 B3gNpy 0.774273680345016 AgNdxx 0.431264571836283 AgNdxx 0.431264571836283 AgNdyy 0.431264571836283 AgNdyy 0.431264571836283
E1g 35 -37560.367565571 B2gNpx 24.994468696127242 B2gNpx 24.994468696127242 B3gNpy 24.994468696127242 B3gNpy 24.994468696127242
E1u 35 -37560.301897696 B1uNpz 25.060972109456298 B1uNpz 25.060972109456298 B1uNs 20.621997102811168 B1uNs 20.621997102811168 B1uNdzz 1.402542782232416 B1uNdzz 1.402542782232416 B3uNpx 1.047181664323020 B3uNpx 1.047181664323020 B2uNpy 1.047181664323020 B2uNpy 1.047181664323020 B1uNdxx 0.350635683348216 B1uNdxx 0.350635683348216 B1uNdyy 0.350635683348216 B1uNdyy 0.350635683348216
E1g 36 -37560.25021097 AgNpz 29.570624876126960 AgNpz 29.570624876126960 B2gNpx 9.375136377474497 B2gNpx 9.375136377474497 B3gNpy 9.375136377474497 B3gNpy 9.375136377474497 B2gNdxz 0.632024173566557 B2gNdxz 0.632024173566557 B3gNdyz 0.632024173566557 B3gNdyz 0.632024173566557 AgNs 0.382115991634807 AgNs 0.382115991634807
E1u 36 -37560.247954396 B3uNpx 24.945943805119757 B3uNpx 24.945943805119757 B2uNpy 24.945943805119757 B2uNpy 24.945943805119757
E1g 37 -37560.166713391 B2gNdxz 15.208917351752429 B2gNdxz 15.208917351752429 B3gNdyz 15.208917351752429 B3gNdyz 15.208917351752429 B2gNpx 9.224784739726601 B2gNpx 9.224784739726601 B3gNpy 9.224784739726601 B3gNpy 9.224784739726601 B1gNdxy 0.755063864404083 B1gNdxy 0.755063864404083 AgNdxx 0.188765976318929 AgNdxx 0.188765976318929 AgNdyy 0.188765976318929 AgNdyy 0.188765976318929
E1u 37 -37560.066439751 AuNdxy 20.552848122598736 AuNdxy 20.552848122598736 B3uNpx 7.199207793934168 B3uNpx 7.199207793934168 B2uNpy 7.199207793934168 B2uNpy 7.199207793934168 B1uNdxx 5.138212221910194 B1uNdxx 5.138212221910194 B1uNdyy 5.138212221910194 B1uNdyy 5.138212221910194 B3uNdxz 2.386155922856270 B3uNdxz 2.386155922856270 B2uNdyz 2.386155922856270 B2uNdyz 2.386155922856270
E1g 38 -37559.982878423 AgNs 23.613906925711248 AgNs 23.613906925711248 B2gNdxz 7.772569314794030 B2gNdxz 7.772569314794030 B3gNdyz 7.772569314794030 B3gNdyz 7.772569314794030 AgNdzz 3.827525899316947 AgNdzz 3.827525899316947 AgNpz 1.953004281907810 AgNpz 1.953004281907810 B2gNpx 1.573330656908730 B2gNpx 1.573330656908730 B3gNpy 1.573330656908730 B3gNpy 1.573330656908730 AgNdxx 0.956881474829237 AgNdxx 0.956881474829237 AgNdyy 0.956881474829237 AgNdyy 0.956881474829237
E1u 38 -37559.794240574 B1uNpz 27.323618059456756 B1uNpz 27.323618059456756 B1uNs 17.570168619745019 B1uNs 17.570168619745019 B3uNdxz 1.335975210357172 B3uNdxz 1.335975210357172 B2uNdyz 1.335975210357172 B2uNdyz 1.335975210357172 B1uNdzz 1.041222638031182 B1uNdzz 1.041222638031182 B3uNpx 0.436214471905329 B3uNpx 0.436214471905329 B2uNpy 0.436214471905329 B2uNpy 0.436214471905329 B1uNdxx 0.260305659121018 B1uNdxx 0.260305659121018 B1uNdyy 0.260305659121018 B1uNdyy 0.260305659121018
E1g 39 -37559.672932862 B1gNdxy 12.079381407552177 B1gNdxy 12.079381407552177 B2gNpx 8.396833634550038 B2gNpx 8.396833634550038 B3gNpy 8.396833634550038 B3gNpy 8.396833634550038 B2gNdxz 7.543630506771503 B2gNdxz 7.543630506771503 B3gNdyz 7.543630506771503 B3gNdyz 7.543630506771503 AgNdxx 3.019845154902369 AgNdxx 3.019845154902369 AgNdyy 3.019845154902369 AgNdyy 3.019845154902369
E1u 39 -37559.529035003 AuNdxy 33.333333893808160 AuNdxy 33.333333893808160 B1uNdxx 8.333333053095920 B1uNdxx 8.333333053095920 B1uNdyy 8.333333053095920 B1uNdyy 8.333333053095920
E1u 40 -37559.42432991 B3uNdxz 17.180398595940950 B3uNdxz 17.180398595940950 B2uNdyz 17.180398595940950 B2uNdyz 17.180398595940950 AuNdxy 5.598159293181374 AuNdxy 5.598159293181374 B3uNpx 3.620981741054612 B3uNpx 3.620981741054612 B2uNpy 3.620981741054612 B2uNpy 3.620981741054612 B1uNdxx 1.399540016413754 B1uNdxx 1.399540016413754 B1uNdyy 1.399540016413754 B1uNdyy 1.399540016413754
E1g 40 -37559.252599254 B1gNdxy 33.333333421032364 B1gNdxy 33.333333421032364 AgNdxx 8.333333289483818 AgNdxx 8.333333289483818 AgNdyy 8.333333289483818 AgNdyy 8.333333289483818
E1u 41 -37559.147008373 B1uNs 44.842500565787446 B1uNs 44.842500565787446 B1uNpz 5.070276331010362 B1uNpz 5.070276331010362
E1g 41 -37559.120749371 B2gNpx 17.178848363614076 B2gNpx 17.178848363614076 B3gNpy 17.178848363614076 B3gNpy 17.178848363614076 AgNpz 13.611352950765175 AgNpz 13.611352950765175 AgNs 2.019091364206255 AgNs 2.019091364206255
E1u 42 -37558.957493213 B1uNpz 20.025997045388944 B1uNpz 20.025997045388944 B1uNs 10.981487029961615 B1uNs 10.981487029961615 B3uNpx 9.380146252792828 B3uNpx 9.380146252792828 B2uNpy 9.380146252792828 B2uNpy 9.380146252792828 B1uNdzz 0.124492594354298 B1uNdzz 0.124492594354298
E1g 42 -37558.709945089 AgNs 42.903254997320964 AgNs 42.903254997320964 AgNpz 2.484544347770244 AgNpz 2.484544347770244 B2gNpx 2.303162404302386 B2gNpx 2.303162404302386 B3gNpy 2.303162404302386 B3gNpy 2.303162404302386
E1g 43 -37558.693777803 B2gNpx 24.988223101914226 B2gNpx 24.988223101914226 B3gNpy 24.988223101914226 B3gNpy 24.988223101914226
E1u 43 -37558.662398944 B1uNs 33.699975331293821 B1uNs 33.699975331293821 B1uNpz 15.275477354784199 B1uNpz 15.275477354784199 B3uNpx 0.444295915828466 B3uNpx 0.444295915828466 B2uNpy 0.444295915828466 B2uNpy 0.444295915828466
E1g 44 -37558.654008752 AgNpz 19.841280139705550 AgNpz 19.841280139705550 AgNs 13.501593622888858 AgNs 13.501593622888858 B2gNpx 8.287849139493243 B2gNpx 8.287849139493243 B3gNpy 8.287849139493243 B3gNpy 8.287849139493243
E1u 44 -37558.523786807 B3uNpx 24.975880194211737 B3uNpx 24.975880194211737 B2uNpy 24.975880194211737 B2uNpy 24.975880194211737
E1u 45 -37558.262739953 B1uNs 43.656572385754764 B1uNs 43.656572385754764 B1uNpz 5.975392932948540 B1uNpz 5.975392932948540 B3uNpx 0.176017863144233 B3uNpx 0.176017863144233 B2uNpy 0.176017863144233 B2uNpy 0.176017863144233
E1g 45 -37558.101900151 AgNpz 17.407247839652499 AgNpz 17.407247839652499 B2gNpx 16.050997037870861 B2gNpx 16.050997037870861 B3gNpy 16.050997037870861 B3gNpy 16.050997037870861 AgNs 0.427725646057860 AgNs 0.427725646057860
E1u 46 -37558.045180348 B1uNs 19.188523167091045 B1uNs 19.188523167091045 B1uNpz 12.009337778777372 B1uNpz 12.009337778777372 B3uNpx 9.396224545446980 B3uNpx 9.396224545446980 B2uNpy 9.396224545446980 B2uNpy 9.396224545446980
E1g 46 -37558.024972196 B2gNpx 24.987788289915329 B2gNpx 24.987788289915329 B3gNpy 24.987788289915329 B3gNpy 24.987788289915329
E1g 47 -37558.022785538 AgNpz 19.176793701517465 AgNpz 19.176793701517465 B2gNpx 15.141173761774182 B2gNpx 15.141173761774182 B3gNpy 15.141173761774182 B3gNpy 15.141173761774182 AgNs 0.535872823455710 AgNs 0.535872823455710
E1u 47 -37557.932015679 B3uNpx 24.993423805615024 B3uNpx 24.993423805615024 B2uNpy 24.993423805615024 B2uNpy 24.993423805615024
E1u 48 -37557.900907472 B1uNpz 28.778609138786617 B1uNpz 28.778609138786617 B1uNs 19.555636456667397 B1uNs 19.555636456667397 B3uNpx 0.830177884049944 B3uNpx 0.830177884049944 B2uNpy 0.830177884049944 B2uNpy 0.830177884049944
E1g 48 -37557.897872532 AgNs 47.979913279832935 AgNs 47.979913279832935 AgNpz 1.882591167366750 AgNpz 1.882591167366750

E1g 1 -15.799667751927 AgNs 49.999766514632192 AgNs 49.999766514632192
E1u 1 -15.798895910548 B1uNs 49.999806294754606 B1uNs 49.999806294754606
E1g 2 -1.2389281713709 AgNs 48.014799291539518 AgNs 48.014799291539518 AgNpz 1.947578079443215 AgNpz 1.947578079443215
E1u 2 -0.8952386523746 B1uNs 47.888984876975009 B1uNs 47.888984876975009 B1uNpz 2.108492954595478 B1uNpz 2.108492954595478
E1g 3 -0.5832839228543 AgNpz 38.791908741297433 AgNpz 38.791908741297433 AgNs 11.127849168188865 AgNs 11.127849168188865
E1u 3 -0.490494943518 B3uNpx 24.783790468242017 B3uNpx 24.783790468242017 B2uNpy 24.783790468242017 B2uNpy 24.783790468242017 B3uNdxz 0.215356016176192 B3uNdxz 0.215356016176192 B2uNdyz 0.215356016176192 B2uNdyz 0.215356016176192
E1u 4 -0.4900947401532 B3uNpx 24.784451228161082 B3uNpx 24.784451228161082 B2uNpy 24.784451228161082 B2uNpy 24.784451228161082 B3uNdxz 0.215548766472326 B3uNdxz 0.215548766472326 B2uNdyz 0.215548766472326 B2uNdyz 0.215548766472326
E1g 4 -0.00139378245 B2gNpx 24.983295414902528 B2gNpx 24.983295414902528 B3gNpy 24.983295414902528 B3gNpy 24.983295414902528
E1g 5 -0.000982636194 B2gNpx 24.983888944630280 B2gNpx 24.983888944630280 B3gNpy 24.983888944630280 B3gNpy 24.983888944630280
E1u 5 0.1768291079319 B1uNs 30.182354497553405 B1uNs 30.182354497553405 B1uNpz 19.814213550674651 B1uNpz 19.814213550674651
E1u 6 0.2664543841187 B3uNpx 24.993919417346788 B3uNpx 24.993919417346788 B2uNpy 24.993919417346788 B2uNpy 24.993919417346788
E1u 7 0.2665463214411 B3uNpx 24.995781145936427 B3uNpx 24.995781145936427 B2uNpy 24.995781145936427 B2uNpy 24.995781145936427
E1g 6 0.291681234114 AgNpz 34.247833857323897 AgNpz 34.247833857323897 AgNs 15.749945048887723 AgNs 15.749945048887723
E1g 7 0.3387733718533 B2gNpx 24.999106155655525 B2gNpx 24.999106155655525 B3gNpy 24.999106155655525 B3gNpy 24.999106155655525
E1g 8 0.3388953589726 B2gNpx 24.999387489575227 B2gNpx 24.999387489575227 B3gNpy 24.999387489575227 B3gNpy 24.999387489575227
E1u 8 0.3632297984595 B1uNpz 41.360834302888499 B1uNpz 41.360834302888499 B1uNs 8.627574861258990 B1uNs 8.627574861258990
E1g 9 0.3639225957065 AgNs 47.851659711973156 AgNs 47.851659711973156 AgNpz 2.146901072494297 AgNpz 2.146901072494297
E1u 9 0.6733055103973 B1uNs 45.641629697288295 B1uNs 45.641629697288295 B1uNpz 4.339076128486719 B1uNpz 4.339076128486719
E1g 10 1.0627446686038 B1gNdxy 33.333249749468429 B1gNdxy 33.333249749468429 AgNdxx 8.333312433824148 AgNdxx 8.333312433824148 AgNdyy 8.333312433824148 AgNdyy 8.333312433824148
E1g 11 1.0627476930676 B1gNdxy 33.333333338057216 B1gNdxy 33.333333338057216 AgNdxx 8.333333330971394 AgNdxx 8.333333330971394 AgNdyy 8.333333330971394 AgNdyy 8.333333330971394
E1u 10 1.1096659249292 B3uNdxz 19.179607075253710 B3uNdxz 19.179607075253710 B2uNdyz 19.179607075253710 B2uNdyz 19.179607075253710 B3uNpx 4.986989245168065 B3uNpx 4.986989245168065 B2uNpy 4.986989245168065 B2uNpy 4.986989245168065 B1uNpz 1.377965548755478 B1uNpz 1.377965548755478 B1uNs 0.282684528240930 B1uNs 0.282684528240930
E1u 11 1.1097380247866 B3uNdxz 20.078919097405940 B3uNdxz 20.078919097405940 B2uNdyz 20.078919097405940 B2uNdyz 20.078919097405940 B3uNpx 4.921063285728434 B3uNpx 4.921063285728434 B2uNpy 4.921063285728434 B2uNpy 4.921063285728434
E1u 12 1.1146996344389 B1uNpz 41.449864560974852 B1uNpz 41.449864560974852 B1uNs 8.364684606901166 B1uNs 8.364684606901166 B1uNdzz 0.120542842358865 B1uNdzz 0.120542842358865
E1g 12 1.1276034805087 AgNpz 49.323418939354333 AgNpz 49.323418939354333 AgNs 0.286120961951280 AgNs 0.286120961951280 AgNdzz 0.259286557286514 AgNdzz 0.259286557286514
E1u 13 1.141872039913 B3uNpx 24.760123437448328 B3uNpx 24.760123437448328 B2uNpy 24.760123437448328 B2uNpy 24.760123437448328 B3uNdxz 0.212773982712083 B3uNdxz 0.212773982712083 B2uNdyz 0.212773982712083 B2uNdyz 0.212773982712083
E1u 14 1.1422039178316 B3uNpx 24.792652844564159 B3uNpx 24.792652844564159 B2uNpy 24.792652844564159 B2uNpy 24.792652844564159 B3uNdxz 0.207346973552625 B3uNdxz 0.207346973552625 B2uNdyz 0.207346973552625 B2uNdyz 0.207346973552625
E1g 13 1.208781598991 B2gNpx 24.969981893431658 B2gNpx 24.969981893431658 B3gNpy 24.969981893431658 B3gNpy 24.969981893431658
E1g 14 1.209118435052 B2gNpx 24.970316567501900 B2gNpx 24.970316567501900 B3gNpy 24.970316567501900 B3gNpy 24.970316567501900
E1u 15 1.3492980800472 AuNdxy 33.333301774831355 AuNdxy 33.333301774831355 B1uNdxx 8.333325446728793 B1uNdxx 8.333325446728793 B1uNdyy 8.333325446728793 B1uNdyy 8.333325446728793
E1u 16 1.3493211332461 AuNdxy 33.333333329231330 AuNdxy 33.333333329231330 B1uNdxx 8.333333335384332 B1uNdxx 8.333333335384332 B1uNdyy 8.333333335384332 B1uNdyy 8.333333335384332
E1g 15 1.7000847083918 AgNs 34.373800691663710 AgNs 34.373800691663710 AgNpz 13.357277164555475 AgNpz 13.357277164555475 AgNdzz 1.512575972839585 AgNdzz 1.512575972839585 AgNdxx 0.378143993209896 AgNdxx 0.378143993209896 AgNdyy 0.378143993209896 AgNdyy 0.378143993209896
E1g 16 1.7976015368023 B2gNdxz 13.327686968001052 B2gNdxz 13.327686968001052 B3gNdyz 13.327686968001052 B3gNdyz 13.327686968001052 B2gNpx 11.671948254035531 B2gNpx 11.671948254035531 B3gNpy 11.671948254035531 B3gNpy 11.671948254035531
E1g 17 1.7976191980334 B2gNdxz 13.326105232676566 B2gNdxz 13.326105232676566 B3gNdyz 13.326105232676566 B3gNdyz 13.326105232676566 B2gNpx 11.673894497108600 B2gNpx 11.673894497108600 B3gNpy 11.673894497108600 B3gNpy 11.673894497108600
E1u 17 1.9662107327921 B1uNs 35.018621317669528 B1uNs 35.018621317669528 B1uNpz 13.147620721702969 B1uNpz 13.147620721702969 B1uNdzz 1.222504964354078 B1uNdzz 1.222504964354078 B1uNdxx 0.305626241088520 B1uNdxx 0.305626241088520 B1uNdyy 0.305626241088520 B1uNdyy 0.305626241088520
E1g 18 2.075914172978 AgNs 49.107721532605808 AgNs 49.107721532605808 AgNpz 0.847746628811095 AgNpz 0.847746628811095
E1u 18 2.6944829489593 B1uNs 40.777289214402821 B1uNs 40.777289214402821 B1uNpz 8.430044603783209 B1uNpz 8.430044603783209 B1uNdzz 0.528443253561236 B1uNdzz 0.528443253561236 B1uNdxx 0.132110813390309 B1uNdxx 0.132110813390309 B1uNdyy 0.132110813390309 B1uNdyy 0.132110813390309
E1u 19 3.4127631980663 B3uNpx 24.993339586032167 B3uNpx 24.993339586032167 B2uNpy 24.993339586032167 B2uNpy 24.993339586032167
E1u 20 3.4137597753865 B3uNpx 24.993627175749520 B3uNpx 24.993627175749520 B2uNpy 24.993627175749520 B2uNpy 24.993627175749520
E1g 19 3.4528297608331 AgNpz 48.665906862950521 AgNpz 48.665906862950521 AgNs 1.015528220026159 AgNs 1.015528220026159 AgNdzz 0.209984426607941 AgNdzz 0.209984426607941
E1g 20 3.5730250258319 B2gNpx 24.988919883137452 B2gNpx 24.988919883137452 B3gNpy 24.988919883137452 B3gNpy 24.988919883137452
E1g 21 3.5740095785492 B2gNpx 24.990130753991007 B2gNpx 24.990130753991007 B3gNpy 24.990130753991007 B3gNpy 24.990130753991007
E1u 21 3.8466079904793 B1uNpz 25.129143672666626 B1uNpz 25.129143672666626 B1uNs 22.778832567569765 B1uNs 22.778832567569765 B1uNdzz 1.394642915954911 B1uNdzz 1.394642915954911 B1uNdxx 0.348660728988728 B1uNdxx 0.348660728988728 B1uNdyy 0.348660728988728 B1uNdyy 0.348660728988728
E1g 22 4.5151795516114 B1gNdxy 33.332973668365639 B1gNdxy 33.332973668365639 AgNdxx 8.333243417091410 AgNdxx 8.333243417091410 AgNdyy 8.333243417091410 AgNdyy 8.333243417091410
E1g 23 4.5156013984296 B1gNdxy 33.333333333333329 B1gNdxy 33.333333333333329 AgNdxx 8.333333333333332 AgNdxx 8.333333333333332 AgNdyy 8.333333333333332 AgNdyy 8.333333333333332
E1u 22 4.607750873143 AuNdxy 33.330800809783923 AuNdxy 33.330800809783923 B1uNdxx 8.332700202445981 B1uNdxx 8.332700202445981 B1uNdyy 8.332700202445981 B1uNdyy 8.332700202445981
E1u 23 4.6081738620478 AuNdxy 33.333333336106392 AuNdxy 33.333333336106392 B1uNdxx 8.333333331946806 B1uNdxx 8.333333331946806 B1uNdyy 8.333333331946806 B1uNdyy 8.333333331946806
E1u 24 4.663030455569 B3uNdxz 24.605848661439275 B3uNdxz 24.605848661439275 B2uNdyz 24.605848661439275 B2uNdyz 24.605848661439275 B3uNpx 0.393802294084287 B3uNpx 0.393802294084287 B2uNpy 0.393802294084287 B2uNpy 0.393802294084287
E1u 25 4.6632447793867 B3uNdxz 24.604574696668919 B3uNdxz 24.604574696668919 B2uNdyz 24.604574696668919 B2uNdyz 24.604574696668919 B3uNpx 0.394273824257517 B3uNpx 0.394273824257517 B2uNpy 0.394273824257517 B2uNpy 0.394273824257517
E1g 24 4.7225223824985 B2gNdxz 21.670029735879663 B2gNdxz 21.670029735879663 B3gNdyz 21.670029735879663 B3gNdyz 21.670029735879663 B2gNpx 3.329357856196238 B2gNpx 3.329357856196238 B3gNpy 3.329357856196238 B3gNpy 3.329357856196238
E1g 25 4.7227430774139 B2gNdxz 21.668012544338431 B2gNdxz 21.668012544338431 B3gNdyz 21.668012544338431 B3gNdyz 21.668012544338431 B2gNpx 3.331943674503674 B2gNpx 3.331943674503674 B3gNpy 3.331943674503674 B3gNpy 3.331943674503674
E1g 26 4.8000640319603 AgNdzz 22.801096248644384 AgNdzz 22.801096248644384 AgNs 11.083488971953393 AgNs 11.083488971953393 AgNdxx 5.700274064588802 AgNdxx 5.700274064588802 AgNdyy 5.700274064588802 AgNdyy 5.700274064588802 AgNpz 4.712063441758614 AgNpz 4.712063441758614
E1u 26 5.0764778268455 B1uNs 23.712249032000912 B1uNs 23.712249032000912 B1uNpz 21.526628580158523 B1uNpz 21.526628580158523 B1uNdzz 3.174075145674508 B1uNdzz 3.174075145674508 B1uNdxx 0.793518786581328 B1uNdxx 0.793518786581328 B1uNdyy 0.793518786581328 B1uNdyy 0.793518786581328
E1g 27 7.2275971619924 AgNs 49.993009438753447 AgNs 49.993009438753447
E1u 27 7.8131224444419 B1uNs 49.159539812169136 B1uNs 49.159539812169136 B1uNpz 0.778887276851304 B1uNpz 0.778887276851304
E1u 28 9.8610032394894 B3uNpx 24.937913680092802 B3uNpx 24.937913680092802 B2uNpy 24.937913680092802 B2uNpy 24.937913680092802 B1uNpz 0.119796275928206 B1uNpz 0.119796275928206
E1u 29 9.8642092306578 B3uNpx 24.999467536439852 B3uNpx 24.999467536439852 B2uNpy 24.999467536439852 B2uNpy 24.999467536439852
E1u 30 9.913421344486 B1uNpz 48.585388978797489 B1uNpz 48.585388978797489 B1uNs 1.223183801134506 B1uNs 1.223183801134506
E1g 28 9.9422054125958 B2gNpx 24.996039869938279 B2gNpx 24.996039869938279 B3gNpy 24.996039869938279 B3gNpy 24.996039869938279
E1g 29 9.9453143833317 B2gNpx 24.997303255720915 B2gNpx 24.997303255720915 B3gNpy 24.997303255720915 B3gNpy 24.997303255720915
E1g 30 10.266883800863 AgNpz 48.839691954790617 AgNpz 48.839691954790617 AgNs 1.146915407989891 AgNs 1.146915407989891
E1g 31 22.407469396934 AgNs 49.997310032676360 AgNs 49.997310032676360
E1u 31 22.996147947284 B1uNs 49.837595365684180 B1uNs 49.837595365684180 B1uNpz 0.152888312896697 B1uNpz 0.152888312896697
E1u 32 29.20381593099 B3uNpx 24.711088782929902 B3uNpx 24.711088782929902 B2uNpy 24.711088782929902 B2uNpy 24.711088782929902 B1uNpz 0.568821807577577 B1uNpz 0.568821807577577
E1u 33 29.217607084152 B3uNpx 24.999928090134667 B3uNpx 24.999928090134667 B2uNpy 24.999928090134667 B2uNpy 24.999928090134667
E1g 32 29.264994924076 B2gNpx 24.962785359781723 B2gNpx 24.962785359781723 B3gNpy 24.962785359781723 B3gNpy 24.962785359781723
E1g 33 29.278190099243 B2gNpx 24.999609108075319 B2gNpx 24.999609108075319 B3gNpy 24.999609108075319 B3gNpy 24.999609108075319
E1u 34 29.293287771942 B1uNpz 48.765313458205242 B1uNpz 48.765313458205242 B1uNs 0.709337027647764 B1uNs 0.709337027647764 B3uNpx 0.240512976208006 B3uNpx 0.240512976208006 B2uNpy 0.240512976208006 B2uNpy 0.240512976208006
E1g 34 29.50955096752 AgNpz 49.708286888460783 AgNpz 49.708286888460783 AgNs 0.222943675561314 AgNs 0.222943675561314
E1g 35 63.098447173064 AgNs 49.999454331722177 AgNs 49.999454331722177
E1u 35 63.616338565681 B1uNs 49.952915715021220 B1uNs 49.952915715021220
E1u 36 95.967405898741 B3uNpx 21.664106664922063 B3uNpx 21.664106664922063 B2uNpy 21.664106664922063 B2uNpy 21.664106664922063 B1uNpz 6.635351338183802 B1uNpz 6.635351338183802
E1g 36 96.02661130235 B2gNpx 23.854201240663237 B2gNpx 23.854201240663237 B3gNpy 23.854201240663237 B3gNpy 23.854201240663237 AgNpz 2.286955433990123 AgNpz 2.286955433990123
E1u 37 96.053612746213 B3uNpx 24.999980432202882 B3uNpx 24.999980432202882 B2uNpy 24.999980432202882 B2uNpy 24.999980432202882
E1g 37 96.1047504336 B2gNpx 24.999865765266673 B2gNpx 24.999865765266673 B3gNpy 24.999865765266673 B3gNpy 24.999865765266673
E1u 38 96.110508245809 B1uNpz 43.541873596582484 B1uNpz 43.541873596582484 B3uNpx 3.109793429492191 B3uNpx 3.109793429492191 B2uNpy 3.109793429492191 B2uNpy 3.109793429492191 B1uNs 0.222160613509999 B1uNs 0.222160613509999
E1g 38 96.25886762326 AgNpz 47.736677228249789 AgNpz 47.736677228249789 B2gNpx 1.085978791098150 B2gNpx 1.085978791098150 B3gNpy 1.085978791098150 B3gNpy 1.085978791098150
E1g 39 170.48370546234 AgNs 49.999788277365568 AgNs 49.999788277365568
E1u 39 170.95092855111 B1uNs 49.981217745469429 B1uNs 49.981217745469429
E1u 40 394.49285371386 B3uNpx 17.063099523491346 B3uNpx 17.063099523491346 B2uNpy 17.063099523491346 B2uNpy 17.063099523491346 B1uNpz 15.840925123570988 B1uNpz 15.840925123570988
E1g 40 394.55020688086 B2gNpx 17.736942107800335 B2gNpx 17.736942107800335 B3gNpy 17.736942107800335 B3gNpy 17.736942107800335 AgNpz 14.515181211363531 AgNpz 14.515181211363531
E1u 41 395.57817985579 B3uNpx 24.999993416005164 B3uNpx 24.999993416005164 B2uNpy 24.999993416005164 B2uNpy 24.999993416005164
E1u 42 395.61137948709 B1uNpz 34.402663862344404 B1uNpz 34.402663862344404 B3uNpx 7.763023339631545 B3uNpx 7.763023339631545 B2uNpy 7.763023339631545 B2uNpy 7.763023339631545
E1g 41 395.61468708452 B2gNpx 24.999948675204745 B2gNpx 24.999948675204745 B3gNpy 24.999948675204745 B3gNpy 24.999948675204745
E1g 42 395.69637133219 AgNpz 35.677029879846287 AgNpz 35.677029879846287 B2gNpx 7.148145800258826 B2gNpx 7.148145800258826 B3gNpy 7.148145800258826 B3gNpy 7.148145800258826
E1g 43 459.96143233149 AgNs 49.999898714061580 AgNs 49.999898714061580
E1u 43 460.38502038474 B1uNs 49.990950911522098 B1uNs 49.990950911522098
E1g 44 1270.1425903505 AgNs 49.999948693835620 AgNs 49.999948693835620
E1u 44 1270.5183792571 B1uNs 49.995175468979106 B1uNs 49.995175468979106
E1g 45 3619.3519745896 AgNs 49.999971679992981 AgNs 49.999971679992981
E1u 45 3619.6617248241 B1uNs 49.997325276543656 B1uNs 49.997325276543656
E1g 46 10481.185202785 AgNs 49.999984616223074 AgNs 49.999984616223074
E1u 46 10481.400756074 B1uNs 49.998544039981766 B1uNs 49.998544039981766
E1g 47 30246.269563988 AgNs 49.999992415830775 AgNs 49.999992415830775
E1u 47 30246.383384705 B1uNs 49.999281088217614 B1uNs 49.999281088217614
E1g 48 92956.495426193 AgNs 49.999997226285970 AgNs 49.999997226285970
E1u 48 92956.536547973 B1uNs 49.999736757737786 B1uNs 49.999736757737786
