E1g 1 -15.799667751927 AgNs 49.999766514632192 AgNs 49.999766514632192
E1g 2 -1.2389281713709 AgNs 48.014799291539518 AgNs 48.014799291539518 AgNpz 1.947578079443215 AgNpz 1.947578079443215
E1g 3 -0.5832839228543 AgNpz 38.791908741297433 AgNpz 38.791908741297433 AgNs 11.127849168188865 AgNs 11.127849168188865
E1g 4 -0.00139378245 B2gNpx 24.983295414902528 B2gNpx 24.983295414902528 B3gNpy 24.983295414902528 B3gNpy 24.983295414902528
E1g 5 -0.000982636194 B2gNpx 24.983888944630280 B2gNpx 24.983888944630280 B3gNpy 24.983888944630280 B3gNpy 24.983888944630280
E1g 6 0.291681234114 AgNpz 34.247833857323897 AgNpz 34.247833857323897 AgNs 15.749945048887723 AgNs 15.749945048887723
E1g 7 0.3387733718533 B2gNpx 24.999106155655525 B2gNpx 24.999106155655525 B3gNpy 24.999106155655525 B3gNpy 24.999106155655525
E1g 8 0.3388953589726 B2gNpx 24.999387489575227 B2gNpx 24.999387489575227 B3gNpy 24.999387489575227 B3gNpy 24.999387489575227
E1g 9 0.3639225957065 AgNs 47.851659711973156 AgNs 47.851659711973156 AgNpz 2.146901072494297 AgNpz 2.146901072494297
E1g 10 1.0627446686038 B1gNdxy 33.333249749468429 B1gNdxy 33.333249749468429 AgNdxx 8.333312433824148 AgNdxx 8.333312433824148 AgNdyy 8.333312433824148 AgNdyy 8.333312433824148
E1g 11 1.0627476930676 B1gNdxy 33.333333338057216 B1gNdxy 33.333333338057216 AgNdxx 8.333333330971394 AgNdxx 8.333333330971394 AgNdyy 8.333333330971394 AgNdyy 8.333333330971394
E1g 12 1.1276034805087 AgNpz 49.323418939354333 AgNpz 49.323418939354333 AgNs 0.286120961951280 AgNs 0.286120961951280 AgNdzz 0.259286557286514 AgNdzz 0.259286557286514
E1g 13 1.208781598991 B2gNpx 24.969981893431658 B2gNpx 24.969981893431658 B3gNpy 24.969981893431658 B3gNpy 24.969981893431658
E1g 14 1.209118435052 B2gNpx 24.970316567501900 B2gNpx 24.970316567501900 B3gNpy 24.970316567501900 B3gNpy 24.970316567501900
E1g 15 1.7000847083918 AgNs 34.373800691663710 AgNs 34.373800691663710 AgNpz 13.357277164555475 AgNpz 13.357277164555475 AgNdzz 1.512575972839585 AgNdzz 1.512575972839585 AgNdxx 0.378143993209896 AgNdxx 0.378143993209896 AgNdyy 0.378143993209896 AgNdyy 0.378143993209896
E1g 16 1.7976015368023 B2gNdxz 13.327686968001052 B2gNdxz 13.327686968001052 B3gNdyz 13.327686968001052 B3gNdyz 13.327686968001052 B2gNpx 11.671948254035531 B2gNpx 11.671948254035531 B3gNpy 11.671948254035531 B3gNpy 11.671948254035531
E1g 17 1.7976191980334 B2gNdxz 13.326105232676566 B2gNdxz 13.326105232676566 B3gNdyz 13.326105232676566 B3gNdyz 13.326105232676566 B2gNpx 11.673894497108600 B2gNpx 11.673894497108600 B3gNpy 11.673894497108600 B3gNpy 11.673894497108600
E1g 18 2.075914172978 AgNs 49.107721532605808 AgNs 49.107721532605808 AgNpz 0.847746628811095 AgNpz 0.847746628811095
E1g 19 3.4528297608331 AgNpz 48.665906862950521 AgNpz 48.665906862950521 AgNs 1.015528220026159 AgNs 1.015528220026159 AgNdzz 0.209984426607941 AgNdzz 0.209984426607941
E1g 20 3.5730250258319 B2gNpx 24.988919883137452 B2gNpx 24.988919883137452 B3gNpy 24.988919883137452 B3gNpy 24.988919883137452
E1g 21 3.5740095785492 B2gNpx 24.990130753991007 B2gNpx 24.990130753991007 B3gNpy 24.990130753991007 B3gNpy 24.990130753991007
E1g 22 4.5151795516114 B1gNdxy 33.332973668365639 B1gNdxy 33.332973668365639 AgNdxx 8.333243417091410 AgNdxx 8.333243417091410 AgNdyy 8.333243417091410 AgNdyy 8.333243417091410
E1g 23 4.5156013984296 B1gNdxy 33.333333333333329 B1gNdxy 33.333333333333329 AgNdxx 8.333333333333332 AgNdxx 8.333333333333332 AgNdyy 8.333333333333332 AgNdyy 8.333333333333332
E1g 24 4.7225223824985 B2gNdxz 21.670029735879663 B2gNdxz 21.670029735879663 B3gNdyz 21.670029735879663 B3gNdyz 21.670029735879663 B2gNpx 3.329357856196238 B2gNpx 3.329357856196238 B3gNpy 3.329357856196238 B3gNpy 3.329357856196238
E1g 25 4.7227430774139 B2gNdxz 21.668012544338431 B2gNdxz 21.668012544338431 B3gNdyz 21.668012544338431 B3gNdyz 21.668012544338431 B2gNpx 3.331943674503674 B2gNpx 3.331943674503674 B3gNpy 3.331943674503674 B3gNpy 3.331943674503674
E1g 26 4.8000640319603 AgNdzz 22.801096248644384 AgNdzz 22.801096248644384 AgNs 11.083488971953393 AgNs 11.083488971953393 AgNdxx 5.700274064588802 AgNdxx 5.700274064588802 AgNdyy 5.700274064588802 AgNdyy 5.700274064588802 AgNpz 4.712063441758614 AgNpz 4.712063441758614
E1g 27 7.2275971619924 AgNs 49.993009438753447 AgNs 49.993009438753447
E1g 28 9.9422054125958 B2gNpx 24.996039869938279 B2gNpx 24.996039869938279 B3gNpy 24.996039869938279 B3gNpy 24.996039869938279
E1g 29 9.9453143833317 B2gNpx 24.997303255720915 B2gNpx 24.997303255720915 B3gNpy 24.997303255720915 B3gNpy 24.997303255720915
E1g 30 10.266883800863 AgNpz 48.839691954790617 AgNpz 48.839691954790617 AgNs 1.146915407989891 AgNs 1.146915407989891
E1g 31 22.407469396934 AgNs 49.997310032676360 AgNs 49.997310032676360
E1g 32 29.264994924076 B2gNpx 24.962785359781723 B2gNpx 24.962785359781723 B3gNpy 24.962785359781723 B3gNpy 24.962785359781723
E1g 33 29.278190099243 B2gNpx 24.999609108075319 B2gNpx 24.999609108075319 B3gNpy 24.999609108075319 B3gNpy 24.999609108075319
E1g 34 29.50955096752 AgNpz 49.708286888460783 AgNpz 49.708286888460783 AgNs 0.222943675561314 AgNs 0.222943675561314
E1g 35 63.098447173064 AgNs 49.999454331722177 AgNs 49.999454331722177
E1g 36 96.02661130235 B2gNpx 23.854201240663237 B2gNpx 23.854201240663237 B3gNpy 23.854201240663237 B3gNpy 23.854201240663237 AgNpz 2.286955433990123 AgNpz 2.286955433990123
E1g 37 96.1047504336 B2gNpx 24.999865765266673 B2gNpx 24.999865765266673 B3gNpy 24.999865765266673 B3gNpy 24.999865765266673
E1g 38 96.25886762326 AgNpz 47.736677228249789 AgNpz 47.736677228249789 B2gNpx 1.085978791098150 B2gNpx 1.085978791098150 B3gNpy 1.085978791098150 B3gNpy 1.085978791098150
E1g 39 170.48370546234 AgNs 49.999788277365568 AgNs 49.999788277365568
E1g 40 394.55020688086 B2gNpx 17.736942107800335 B2gNpx 17.736942107800335 B3gNpy 17.736942107800335 B3gNpy 17.736942107800335 AgNpz 14.515181211363531 AgNpz 14.515181211363531
E1g 41 395.61468708452 B2gNpx 24.999948675204745 B2gNpx 24.999948675204745 B3gNpy 24.999948675204745 B3gNpy 24.999948675204745
E1g 42 395.69637133219 AgNpz 35.677029879846287 AgNpz 35.677029879846287 B2gNpx 7.148145800258826 B2gNpx 7.148145800258826 B3gNpy 7.148145800258826 B3gNpy 7.148145800258826
E1g 43 459.96143233149 AgNs 49.999898714061580 AgNs 49.999898714061580
E1g 44 1270.1425903505 AgNs 49.999948693835620 AgNs 49.999948693835620
E1g 45 3619.3519745896 AgNs 49.999971679992981 AgNs 49.999971679992981
E1g 46 10481.185202785 AgNs 49.999984616223074 AgNs 49.999984616223074
E1g 47 30246.269563988 AgNs 49.999992415830775 AgNs 49.999992415830775
E1g 48 92956.495426193 AgNs 49.999997226285970 AgNs 49.999997226285970
E1u 1 -15.798895910548 B1uNs 49.999806294754606 B1uNs 49.999806294754606
E1u 2 -0.8952386523746 B1uNs 47.888984876975009 B1uNs 47.888984876975009 B1uNpz 2.108492954595478 B1uNpz 2.108492954595478
E1u 3 -0.490494943518 B3uNpx 24.783790468242017 B3uNpx 24.783790468242017 B2uNpy 24.783790468242017 B2uNpy 24.783790468242017 B3uNdxz 0.215356016176192 B3uNdxz 0.215356016176192 B2uNdyz 0.215356016176192 B2uNdyz 0.215356016176192
E1u 4 -0.4900947401532 B3uNpx 24.784451228161082 B3uNpx 24.784451228161082 B2uNpy 24.784451228161082 B2uNpy 24.784451228161082 B3uNdxz 0.215548766472326 B3uNdxz 0.215548766472326 B2uNdyz 0.215548766472326 B2uNdyz 0.215548766472326
E1u 5 0.1768291079319 B1uNs 30.182354497553405 B1uNs 30.182354497553405 B1uNpz 19.814213550674651 B1uNpz 19.814213550674651
E1u 6 0.2664543841187 B3uNpx 24.993919417346788 B3uNpx 24.993919417346788 B2uNpy 24.993919417346788 B2uNpy 24.993919417346788
E1u 7 0.2665463214411 B3uNpx 24.995781145936427 B3uNpx 24.995781145936427 B2uNpy 24.995781145936427 B2uNpy 24.995781145936427
E1u 8 0.3632297984595 B1uNpz 41.360834302888499 B1uNpz 41.360834302888499 B1uNs 8.627574861258990 B1uNs 8.627574861258990
E1u 9 0.6733055103973 B1uNs 45.641629697288295 B1uNs 45.641629697288295 B1uNpz 4.339076128486719 B1uNpz 4.339076128486719
E1u 10 1.1096659249292 B3uNdxz 19.179607075253710 B3uNdxz 19.179607075253710 B2uNdyz 19.179607075253710 B2uNdyz 19.179607075253710 B3uNpx 4.986989245168065 B3uNpx 4.986989245168065 B2uNpy 4.986989245168065 B2uNpy 4.986989245168065 B1uNpz 1.377965548755478 B1uNpz 1.377965548755478 B1uNs 0.282684528240930 B1uNs 0.282684528240930
E1u 11 1.1097380247866 B3uNdxz 20.078919097405940 B3uNdxz 20.078919097405940 B2uNdyz 20.078919097405940 B2uNdyz 20.078919097405940 B3uNpx 4.921063285728434 B3uNpx 4.921063285728434 B2uNpy 4.921063285728434 B2uNpy 4.921063285728434
E1u 12 1.1146996344389 B1uNpz 41.449864560974852 B1uNpz 41.449864560974852 B1uNs 8.364684606901166 B1uNs 8.364684606901166 B1uNdzz 0.120542842358865 B1uNdzz 0.120542842358865
E1u 13 1.141872039913 B3uNpx 24.760123437448328 B3uNpx 24.760123437448328 B2uNpy 24.760123437448328 B2uNpy 24.760123437448328 B3uNdxz 0.212773982712083 B3uNdxz 0.212773982712083 B2uNdyz 0.212773982712083 B2uNdyz 0.212773982712083
E1u 14 1.1422039178316 B3uNpx 24.792652844564159 B3uNpx 24.792652844564159 B2uNpy 24.792652844564159 B2uNpy 24.792652844564159 B3uNdxz 0.207346973552625 B3uNdxz 0.207346973552625 B2uNdyz 0.207346973552625 B2uNdyz 0.207346973552625
E1u 15 1.3492980800472 AuNdxy 33.333301774831355 AuNdxy 33.333301774831355 B1uNdxx 8.333325446728793 B1uNdxx 8.333325446728793 B1uNdyy 8.333325446728793 B1uNdyy 8.333325446728793
E1u 16 1.3493211332461 AuNdxy 33.333333329231330 AuNdxy 33.333333329231330 B1uNdxx 8.333333335384332 B1uNdxx 8.333333335384332 B1uNdyy 8.333333335384332 B1uNdyy 8.333333335384332
E1u 17 1.9662107327921 B1uNs 35.018621317669528 B1uNs 35.018621317669528 B1uNpz 13.147620721702969 B1uNpz 13.147620721702969 B1uNdzz 1.222504964354078 B1uNdzz 1.222504964354078 B1uNdxx 0.305626241088520 B1uNdxx 0.305626241088520 B1uNdyy 0.305626241088520 B1uNdyy 0.305626241088520
E1u 18 2.6944829489593 B1uNs 40.777289214402821 B1uNs 40.777289214402821 B1uNpz 8.430044603783209 B1uNpz 8.430044603783209 B1uNdzz 0.528443253561236 B1uNdzz 0.528443253561236 B1uNdxx 0.132110813390309 B1uNdxx 0.132110813390309 B1uNdyy 0.132110813390309 B1uNdyy 0.132110813390309
E1u 19 3.4127631980663 B3uNpx 24.993339586032167 B3uNpx 24.993339586032167 B2uNpy 24.993339586032167 B2uNpy 24.993339586032167
E1u 20 3.4137597753865 B3uNpx 24.993627175749520 B3uNpx 24.993627175749520 B2uNpy 24.993627175749520 B2uNpy 24.993627175749520
E1u 21 3.8466079904793 B1uNpz 25.129143672666626 B1uNpz 25.129143672666626 B1uNs 22.778832567569765 B1uNs 22.778832567569765 B1uNdzz 1.394642915954911 B1uNdzz 1.394642915954911 B1uNdxx 0.348660728988728 B1uNdxx 0.348660728988728 B1uNdyy 0.348660728988728 B1uNdyy 0.348660728988728
E1u 22 4.607750873143 AuNdxy 33.330800809783923 AuNdxy 33.330800809783923 B1uNdxx 8.332700202445981 B1uNdxx 8.332700202445981 B1uNdyy 8.332700202445981 B1uNdyy 8.332700202445981
E1u 23 4.6081738620478 AuNdxy 33.333333336106392 AuNdxy 33.333333336106392 B1uNdxx 8.333333331946806 B1uNdxx 8.333333331946806 B1uNdyy 8.333333331946806 B1uNdyy 8.333333331946806
E1u 24 4.663030455569 B3uNdxz 24.605848661439275 B3uNdxz 24.605848661439275 B2uNdyz 24.605848661439275 B2uNdyz 24.605848661439275 B3uNpx 0.393802294084287 B3uNpx 0.393802294084287 B2uNpy 0.393802294084287 B2uNpy 0.393802294084287
E1u 25 4.6632447793867 B3uNdxz 24.604574696668919 B3uNdxz 24.604574696668919 B2uNdyz 24.604574696668919 B2uNdyz 24.604574696668919 B3uNpx 0.394273824257517 B3uNpx 0.394273824257517 B2uNpy 0.394273824257517 B2uNpy 0.394273824257517
E1u 26 5.0764778268455 B1uNs 23.712249032000912 B1uNs 23.712249032000912 B1uNpz 21.526628580158523 B1uNpz 21.526628580158523 B1uNdzz 3.174075145674508 B1uNdzz 3.174075145674508 B1uNdxx 0.793518786581328 B1uNdxx 0.793518786581328 B1uNdyy 0.793518786581328 B1uNdyy 0.793518786581328
E1u 27 7.8131224444419 B1uNs 49.159539812169136 B1uNs 49.159539812169136 B1uNpz 0.778887276851304 B1uNpz 0.778887276851304
E1u 28 9.8610032394894 B3uNpx 24.937913680092802 B3uNpx 24.937913680092802 B2uNpy 24.937913680092802 B2uNpy 24.937913680092802 B1uNpz 0.119796275928206 B1uNpz 0.119796275928206
E1u 29 9.8642092306578 B3uNpx 24.999467536439852 B3uNpx 24.999467536439852 B2uNpy 24.999467536439852 B2uNpy 24.999467536439852
E1u 30 9.913421344486 B1uNpz 48.585388978797489 B1uNpz 48.585388978797489 B1uNs 1.223183801134506 B1uNs 1.223183801134506
E1u 31 22.996147947284 B1uNs 49.837595365684180 B1uNs 49.837595365684180 B1uNpz 0.152888312896697 B1uNpz 0.152888312896697
E1u 32 29.20381593099 B3uNpx 24.711088782929902 B3uNpx 24.711088782929902 B2uNpy 24.711088782929902 B2uNpy 24.711088782929902 B1uNpz 0.568821807577577 B1uNpz 0.568821807577577
E1u 33 29.217607084152 B3uNpx 24.999928090134667 B3uNpx 24.999928090134667 B2uNpy 24.999928090134667 B2uNpy 24.999928090134667
E1u 34 29.293287771942 B1uNpz 48.765313458205242 B1uNpz 48.765313458205242 B1uNs 0.709337027647764 B1uNs 0.709337027647764 B3uNpx 0.240512976208006 B3uNpx 0.240512976208006 B2uNpy 0.240512976208006 B2uNpy 0.240512976208006
E1u 35 63.616338565681 B1uNs 49.952915715021220 B1uNs 49.952915715021220
E1u 36 95.967405898741 B3uNpx 21.664106664922063 B3uNpx 21.664106664922063 B2uNpy 21.664106664922063 B2uNpy 21.664106664922063 B1uNpz 6.635351338183802 B1uNpz 6.635351338183802
E1u 37 96.053612746213 B3uNpx 24.999980432202882 B3uNpx 24.999980432202882 B2uNpy 24.999980432202882 B2uNpy 24.999980432202882
E1u 38 96.110508245809 B1uNpz 43.541873596582484 B1uNpz 43.541873596582484 B3uNpx 3.109793429492191 B3uNpx 3.109793429492191 B2uNpy 3.109793429492191 B2uNpy 3.109793429492191 B1uNs 0.222160613509999 B1uNs 0.222160613509999
E1u 39 170.95092855111 B1uNs 49.981217745469429 B1uNs 49.981217745469429
E1u 40 394.49285371386 B3uNpx 17.063099523491346 B3uNpx 17.063099523491346 B2uNpy 17.063099523491346 B2uNpy 17.063099523491346 B1uNpz 15.840925123570988 B1uNpz 15.840925123570988
E1u 41 395.57817985579 B3uNpx 24.999993416005164 B3uNpx 24.999993416005164 B2uNpy 24.999993416005164 B2uNpy 24.999993416005164
E1u 42 395.61137948709 B1uNpz 34.402663862344404 B1uNpz 34.402663862344404 B3uNpx 7.763023339631545 B3uNpx 7.763023339631545 B2uNpy 7.763023339631545 B2uNpy 7.763023339631545
E1u 43 460.38502038474 B1uNs 49.990950911522098 B1uNs 49.990950911522098
E1u 44 1270.5183792571 B1uNs 49.995175468979106 B1uNs 49.995175468979106
E1u 45 3619.6617248241 B1uNs 49.997325276543656 B1uNs 49.997325276543656
E1u 46 10481.400756074 B1uNs 49.998544039981766 B1uNs 49.998544039981766
E1u 47 30246.383384705 B1uNs 49.999281088217614 B1uNs 49.999281088217614
E1u 48 92956.536547973 B1uNs 49.999736757737786 B1uNs 49.999736757737786
