Electronic no. 1 E1u -138035.45332973
B1uNs        49.999750113095473 %
B1uNs        49.999750113095473 %

Electronic no. 1 E1g -138035.4130419
AgNs         49.999997367309220 %
AgNs         49.999997367309220 %

Electronic no. 2 E1u -70395.913433125
B1uNs        49.999308473077690 %
B1uNs        49.999308473077690 %

Electronic no. 2 E1g -70395.801919644
AgNs         49.999992706587832 %
AgNs         49.999992706587832 %

Electronic no. 3 E1u -49174.136295906
B1uNs        49.998600236607174 %
B1uNs        49.998600236607174 %

Electronic no. 3 E1g -49173.925741662
AgNs         49.999985217936114 %
AgNs         49.999985217936114 %

Electronic no. 4 E1u -41736.135742918
B1uNs        49.997457994573530 %
B1uNs        49.997457994573530 %

Electronic no. 4 E1g -41735.835567384
AgNs         49.999973118053575 %
AgNs         49.999973118053575 %

Electronic no. 5 E1u -39121.599677375
B1uNs        49.995536299213391 %
B1uNs        49.995536299213391 %

Electronic no. 5 E1g -39121.240826006
AgNs         49.999952688857782 %
AgNs         49.999952688857782 %

Electronic no. 6 E1g -38178.821433233
AgNpz        16.714977707282589 %
AgNpz        16.714977707282589 %
B2gNpx       16.525963254032931 %
B2gNpx       16.525963254032931 %
B3gNpy       16.525963254032931 %
B3gNpy       16.525963254032931 %
AgNs          0.232931148339893 %
AgNs          0.232931148339893 %

Electronic no. 6 E1u -38178.769913867
B1uNpz       16.523533446965288 %
B1uNpz       16.523533446965288 %
B3uNpx       16.307938904988404 %
B3uNpx       16.307938904988404 %
B2uNpy       16.307938904988404 %
B2uNpy       16.307938904988404 %
B1uNs         0.858103911081208 %
B1uNs         0.858103911081208 %

Electronic no. 7 E1u -38177.872828828
B1uNs        49.991480820114148 %
B1uNs        49.991480820114148 %

Electronic no. 7 E1g -38177.477780765
AgNs         49.999812868201630 %
AgNs         49.999812868201630 %

Electronic no. 8 E1g -38083.878375685
AgNpz        33.400406676449940 %
AgNpz        33.400406676449940 %
B2gNpx        8.288215406386707 %
B2gNpx        8.288215406386707 %
B3gNpy        8.288215406386707 %
B3gNpy        8.288215406386707 %

Electronic no. 9 E1g -38083.805637224
B2gNpx       24.999953509586781 %
B2gNpx       24.999953509586781 %
B3gNpy       24.999953509586781 %
B3gNpy       24.999953509586781 %

Electronic no. 8 E1u -38083.798683518
B1uNpz       33.423311348999285 %
B1uNpz       33.423311348999285 %
B3uNpx        8.256567393978646 %
B3uNpx        8.256567393978646 %
B2uNpy        8.256567393978646 %
B2uNpy        8.256567393978646 %

Electronic no. 9 E1u -38083.770273754
B3uNpx       24.999994070275243 %
B3uNpx       24.999994070275243 %
B2uNpy       24.999994070275243 %
B2uNpy       24.999994070275243 %

Electronic no. 10 E1u -37817.510152038
B1uNs        49.985064503309125 %
B1uNs        49.985064503309125 %

Electronic no. 10 E1g -37817.088699528
AgNs         49.999841124928530 %
AgNs         49.999841124928530 %

Electronic no. 11 E1g -37730.195319683
AgNpz        17.007776413171577 %
AgNpz        17.007776413171577 %
B2gNpx       16.483015064611923 %
B2gNpx       16.483015064611923 %
B3gNpy       16.483015064611923 %
B3gNpy       16.483015064611923 %

Electronic no. 11 E1u -37730.121757729
B1uNpz       16.996019361997195 %
B1uNpz       16.996019361997195 %
B3uNpx       16.465903535192268 %
B3uNpx       16.465903535192268 %
B2uNpy       16.465903535192268 %
B2uNpy       16.465903535192268 %

Electronic no. 12 E1g -37702.306773509
AgNpz        33.447510030129799 %
AgNpz        33.447510030129799 %
B2gNpx        8.247995837650373 %
B2gNpx        8.247995837650373 %
B3gNpy        8.247995837650373 %
B3gNpy        8.247995837650373 %

Electronic no. 13 E1g -37702.206300508
B2gNpx       24.999885632011182 %
B2gNpx       24.999885632011182 %
B3gNpy       24.999885632011182 %
B3gNpy       24.999885632011182 %

Electronic no. 12 E1u -37702.193688978
B1uNpz       33.521163845175870 %
B1uNpz       33.521163845175870 %
B3uNpx        8.159036064448882 %
B3uNpx        8.159036064448882 %
B2uNpy        8.159036064448882 %
B2uNpy        8.159036064448882 %
B1uNs         0.149792033387458 %
B1uNs         0.149792033387458 %

Electronic no. 13 E1u -37702.157551981
B3uNpx       24.999983995857747 %
B3uNpx       24.999983995857747 %
B2uNpy       24.999983995857747 %
B2uNpy       24.999983995857747 %

Electronic no. 14 E1u -37671.179752867
B1uNs        49.968980100806469 %
B1uNs        49.968980100806469 %

Electronic no. 14 E1g -37670.735712957
AgNs         49.999688323111656 %
AgNs         49.999688323111656 %

Electronic no. 15 E1g -37620.491058213
AgNpz        17.379165825633102 %
AgNpz        17.379165825633102 %
B2gNpx       16.279158263849347 %
B2gNpx       16.279158263849347 %
B3gNpy       16.279158263849347 %
B3gNpy       16.279158263849347 %

Electronic no. 15 E1u -37620.400198689
B1uNpz       17.335171346507359 %
B1uNpz       17.335171346507359 %
B3uNpx       16.241090181836338 %
B3uNpx       16.241090181836338 %
B2uNpy       16.241090181836338 %
B2uNpy       16.241090181836338 %
B1uNs         0.171880167359524 %
B1uNs         0.171880167359524 %

Electronic no. 16 E1u -37608.419492221
B1uNs        49.919891161921981 %
B1uNs        49.919891161921981 %

Electronic no. 16 E1g -37607.950463941
AgNs         49.993431801369425 %
AgNs         49.993431801369425 %

Electronic no. 17 E1g -37607.764058492
AgNpz        32.522597447118216 %
AgNpz        32.522597447118216 %
B2gNpx        7.956119310800694 %
B2gNpx        7.956119310800694 %
B3gNpy        7.956119310800694 %
B3gNpy        7.956119310800694 %
AgNs          1.563808808044624 %
AgNs          1.563808808044624 %

Electronic no. 18 E1g -37607.64196661
B2gNpx       24.999716015402896 %
B2gNpx       24.999716015402896 %
B3gNpy       24.999716015402896 %
B3gNpy       24.999716015402896 %

Electronic no. 17 E1u -37607.621383702
B1uNpz       33.373113013624959 %
B1uNpz       33.373113013624959 %
B3uNpx        7.889959510582595 %
B3uNpx        7.889959510582595 %
B2uNpy        7.889959510582595 %
B2uNpy        7.889959510582595 %
B1uNs         0.826042390701738 %
B1uNs         0.826042390701738 %

Electronic no. 18 E1u -37607.584483263
B3uNpx       24.999952886492299 %
B3uNpx       24.999952886492299 %
B2uNpy       24.999952886492299 %
B2uNpy       24.999952886492299 %

Electronic no. 19 E1g -37582.692827129
AgNpz        17.945979713452409 %
AgNpz        17.945979713452409 %
B2gNpx       15.906612201602540 %
B2gNpx       15.906612201602540 %
B3gNpy       15.906612201602540 %
B3gNpy       15.906612201602540 %
AgNs          0.238531343799951 %
AgNs          0.238531343799951 %

Electronic no. 19 E1u -37582.57832131
B1uNpz       17.822744894271278 %
B1uNpz       17.822744894271278 %
B3uNpx       15.678455194589624 %
B3uNpx       15.678455194589624 %
B2uNpy       15.678455194589624 %
B2uNpy       15.678455194589624 %
B1uNs         0.794332682340198 %
B1uNs         0.794332682340198 %

Electronic no. 20 E1u -37580.2633601
B1uNs        49.771283683107590 %
B1uNs        49.771283683107590 %
B1uNpz        0.212866211384414 %
B1uNpz        0.212866211384414 %

Electronic no. 20 E1g -37579.759529896
AgNs         49.998600810291563 %
AgNs         49.998600810291563 %

Electronic no. 21 E1g -37576.713990881
AgNpz        33.051106997005675 %
AgNpz        33.051106997005675 %
B2gNpx        8.252582143540810 %
B2gNpx        8.252582143540810 %
B3gNpy        8.252582143540810 %
B3gNpy        8.252582143540810 %
AgNs          0.438595862987501 %
AgNs          0.438595862987501 %

Electronic no. 22 E1g -37576.547239948
B2gNpx       24.998943536148317 %
B2gNpx       24.998943536148317 %
B3gNpy       24.998943536148317 %
B3gNpy       24.998943536148317 %

Electronic no. 21 E1u -37576.512145157
B1uNpz       34.151625561732580 %
B1uNpz       34.151625561732580 %
B3uNpx        7.546776634765100 %
B3uNpx        7.546776634765100 %
B2uNpy        7.546776634765100 %
B2uNpy        7.546776634765100 %
B1uNs         0.698330917527007 %
B1uNs         0.698330917527007 %

Electronic no. 22 E1u -37576.481770037
B3uNpx       24.999717928950027 %
B3uNpx       24.999717928950027 %
B2uNpy       24.999717928950027 %
B2uNpy       24.999717928950027 %

Electronic no. 23 E1u -37568.674790622
B1uNs        24.301693442775210 %
B1uNs        24.301693442775210 %
B1uNpz       15.909589537231556 %
B1uNpz       15.909589537231556 %
B1uNdzz       3.012534100245871 %
B1uNdzz       3.012534100245871 %
B3uNdxz       2.619054522753453 %
B3uNdxz       2.619054522753453 %
B2uNdyz       2.619054522753453 %
B2uNdyz       2.619054522753453 %
B1uNdxx       0.753133523390462 %
B1uNdxx       0.753133523390462 %
B1uNdyy       0.753133523390462 %
B1uNdyy       0.753133523390462 %

Electronic no. 23 E1g -37568.572278682
B2gNdxz      14.887128080506976 %
B2gNdxz      14.887128080506976 %
B3gNdyz      14.887128080506976 %
B3gNdyz      14.887128080506976 %
AgNdzz        7.573346403848038 %
AgNdzz        7.573346403848038 %
AgNpz         5.231141675714018 %
AgNpz         5.231141675714018 %
AgNdxx        1.893336663962263 %
AgNdxx        1.893336663962263 %
AgNdyy        1.893336663962263 %
AgNdyy        1.893336663962263 %
AgNs          1.466876909547763 %
AgNs          1.466876909547763 %
B2gNpx        1.083852760975845 %
B2gNpx        1.083852760975845 %
B3gNpy        1.083852760975845 %
B3gNpy        1.083852760975845 %

Electronic no. 24 E1u -37568.436558388
AuNdxy       24.845400532980282 %
AuNdxy       24.845400532980282 %
B3uNdxz       6.314718410371200 %
B3uNdxz       6.314718410371200 %
B2uNdyz       6.314718410371200 %
B2uNdyz       6.314718410371200 %
B1uNdxx       6.211350133245070 %
B1uNdxx       6.211350133245070 %
B1uNdyy       6.211350133245070 %
B1uNdyy       6.211350133245070 %

Electronic no. 24 E1g -37568.382728797
B1gNdxy      20.855183134503836 %
B1gNdxy      20.855183134503836 %
B2gNdxz       8.470027231482694 %
B2gNdxz       8.470027231482694 %
B3gNdyz       8.470027231482694 %
B3gNdyz       8.470027231482694 %
AgNdxx        5.213795594411539 %
AgNdxx        5.213795594411539 %
AgNdyy        5.213795594411539 %
AgNdyy        5.213795594411539 %
B2gNpx        0.888585606853853 %
B2gNpx        0.888585606853853 %
B3gNpy        0.888585606853853 %
B3gNpy        0.888585606853853 %

Electronic no. 25 E1g -37567.948274837
AgNpz        16.944800324682948 %
AgNpz        16.944800324682948 %
B2gNpx       15.350961176879395 %
B2gNpx       15.350961176879395 %
B3gNpy       15.350961176879395 %
B3gNpy       15.350961176879395 %
AgNs          2.273156536463492 %
AgNs          2.273156536463492 %

Electronic no. 25 E1u -37567.777601127
B1uNpz       19.519882575038441 %
B1uNpz       19.519882575038441 %
B3uNpx       14.069183997943389 %
B3uNpx       14.069183997943389 %
B2uNpy       14.069183997943389 %
B2uNpy       14.069183997943389 %
B1uNs         2.242795133037148 %
B1uNs         2.242795133037148 %

Electronic no. 26 E1u -37567.289552531
B1uNs        49.207549114103678 %
B1uNs        49.207549114103678 %
B1uNpz        0.733257525558750 %
B1uNpz        0.733257525558750 %

Electronic no. 26 E1g -37566.79139072
AgNs         49.925788719642057 %
AgNs         49.925788719642057 %

Electronic no. 27 E1u -37565.656999565
B1uNs        23.777685427894834 %
B1uNs        23.777685427894834 %
B1uNpz       15.768917008511142 %
B1uNpz       15.768917008511142 %
B1uNdzz       2.841491347533327 %
B1uNdzz       2.841491347533327 %
B3uNdxz       2.331411543848873 %
B3uNdxz       2.331411543848873 %
B2uNdyz       2.331411543848873 %
B2uNdyz       2.331411543848873 %
B3uNpx        0.764168730120520 %
B3uNpx        0.764168730120520 %
B2uNpy        0.764168730120520 %
B2uNpy        0.764168730120520 %
B1uNdxx       0.710372834060954 %
B1uNdxx       0.710372834060954 %
B1uNdyy       0.710372834060954 %
B1uNdyy       0.710372834060954 %

Electronic no. 27 E1g -37565.543442346
AgNpz        13.460172557599575 %
AgNpz        13.460172557599575 %
AgNdzz        6.200068536319317 %
AgNdzz        6.200068536319317 %
B2gNdxz       6.052171030312925 %
B2gNdxz       6.052171030312925 %
B3gNdyz       6.052171030312925 %
B3gNdyz       6.052171030312925 %
B2gNpx        5.937345661952797 %
B2gNpx        5.937345661952797 %
B3gNpy        5.937345661952797 %
B3gNpy        5.937345661952797 %
AgNs          3.260691395299593 %
AgNs          3.260691395299593 %
AgNdxx        1.550017063125025 %
AgNdxx        1.550017063125025 %
AgNdyy        1.550017063125025 %
AgNdyy        1.550017063125025 %

Electronic no. 28 E1g -37565.429163007
B2gNdxz      16.995534958957030 %
B2gNdxz      16.995534958957030 %
B3gNdyz      16.995534958957030 %
B3gNdyz      16.995534958957030 %
B2gNpx        5.475804922968893 %
B2gNpx        5.475804922968893 %
B3gNpy        5.475804922968893 %
B3gNpy        5.475804922968893 %
B1gNdxy       3.371546878288950 %
B1gNdxy       3.371546878288950 %
AgNdxx        0.842886678929599 %
AgNdxx        0.842886678929599 %
AgNdyy        0.842886678929599 %
AgNdyy        0.842886678929599 %

Electronic no. 28 E1u -37565.399293197
B3uNdxz      16.416493639891751 %
B3uNdxz      16.416493639891751 %
B2uNdyz      16.416493639891751 %
B2uNdyz      16.416493639891751 %
B3uNpx        5.303806520055049 %
B3uNpx        5.303806520055049 %
B2uNpy        5.303806520055049 %
B2uNpy        5.303806520055049 %
AuNdxy        4.372933052888137 %
AuNdxy        4.372933052888137 %
B1uNdxx       1.093233313609129 %
B1uNdxx       1.093233313609129 %
B1uNdyy       1.093233313609129 %
B1uNdyy       1.093233313609129 %

Electronic no. 29 E1u -37565.348391561
AuNdxy       33.333332990825838 %
AuNdxy       33.333332990825838 %
B1uNdxx       8.333333504587083 %
B1uNdxx       8.333333504587083 %
B1uNdyy       8.333333504587083 %
B1uNdyy       8.333333504587083 %

Electronic no. 29 E1g -37565.254227112
B1gNdxy      33.333333434392287 %
B1gNdxy      33.333333434392287 %
AgNdxx        8.333333282803856 %
AgNdxx        8.333333282803856 %
AgNdyy        8.333333282803856 %
AgNdyy        8.333333282803856 %

Electronic no. 30 E1g -37564.996222409
AgNpz        29.886303515196985 %
AgNpz        29.886303515196985 %
B2gNpx        9.594804440053023 %
B2gNpx        9.594804440053023 %
B3gNpy        9.594804440053023 %
B3gNpy        9.594804440053023 %
AgNs          0.417019665885201 %
AgNs          0.417019665885201 %
AgNdzz        0.171329180546751 %
AgNdzz        0.171329180546751 %
B2gNdxz       0.125037086957346 %
B2gNdxz       0.125037086957346 %
B3gNdyz       0.125037086957346 %
B3gNdyz       0.125037086957346 %

Electronic no. 31 E1g -37564.882513985
B2gNpx       24.974542161222409 %
B2gNpx       24.974542161222409 %
B3gNpy       24.974542161222409 %
B3gNpy       24.974542161222409 %

Electronic no. 30 E1u -37564.85215031
B1uNpz       32.244020288173992 %
B1uNpz       32.244020288173992 %
B1uNs         5.773941335756829 %
B1uNs         5.773941335756829 %
B3uNpx        5.668899576633109 %
B3uNpx        5.668899576633109 %
B2uNpy        5.668899576633109 %
B2uNpy        5.668899576633109 %
B1uNdzz       0.415603365473201 %
B1uNdzz       0.415603365473201 %
B1uNdxx       0.103900840304447 %
B1uNdxx       0.103900840304447 %
B1uNdyy       0.103900840304447 %
B1uNdyy       0.103900840304447 %

Electronic no. 31 E1u -37564.762375478
B3uNpx       24.937344097998462 %
B3uNpx       24.937344097998462 %
B2uNpy       24.937344097998462 %
B2uNpy       24.937344097998462 %

Electronic no. 32 E1u -37561.851760493
B1uNs        36.966352170093039 %
B1uNs        36.966352170093039 %
B1uNpz        8.576734391593067 %
B1uNpz        8.576734391593067 %
B3uNpx        1.603944965678666 %
B3uNpx        1.603944965678666 %
B2uNpy        1.603944965678666 %
B2uNpy        1.603944965678666 %
B1uNdzz       0.832216193128284 %
B1uNdzz       0.832216193128284 %
B1uNdxx       0.208054048282071 %
B1uNdxx       0.208054048282071 %
B1uNdyy       0.208054048282071 %
B1uNdyy       0.208054048282071 %

Electronic no. 32 E1g -37561.632083094
B2gNpx       17.600967427375728 %
B2gNpx       17.600967427375728 %
B3gNpy       17.600967427375728 %
B3gNpy       17.600967427375728 %
AgNpz        10.250640232102809 %
AgNpz        10.250640232102809 %
AgNs          4.528509884804276 %
AgNs          4.528509884804276 %

Electronic no. 33 E1u -37561.447766142
B1uNs        43.699558041891812 %
B1uNs        43.699558041891812 %
B1uNpz        4.725122254910270 %
B1uNpz        4.725122254910270 %
B3uNpx        0.680225176992659 %
B3uNpx        0.680225176992659 %
B2uNpy        0.680225176992659 %
B2uNpy        0.680225176992659 %
B1uNdzz       0.142945969844772 %
B1uNdzz       0.142945969844772 %

Electronic no. 33 E1g -37561.135476955
AgNs         48.125936752545300 %
AgNs         48.125936752545300 %
AgNpz         1.094136862943291 %
AgNpz         1.094136862943291 %
B2gNpx        0.350388108795238 %
B2gNpx        0.350388108795238 %
B3gNpy        0.350388108795238 %
B3gNpy        0.350388108795238 %

Electronic no. 34 E1u -37560.803804564
B1uNs        24.418807077016318 %
B1uNs        24.418807077016318 %
B1uNpz       14.364976605004804 %
B1uNpz       14.364976605004804 %
B3uNpx        3.906862043314747 %
B3uNpx        3.906862043314747 %
B2uNpy        3.906862043314747 %
B2uNpy        3.906862043314747 %
B1uNdzz       2.262500771705187 %
B1uNdzz       2.262500771705187 %
B1uNdxx       0.565625176630844 %
B1uNdxx       0.565625176630844 %
B1uNdyy       0.565625176630844 %
B1uNdyy       0.565625176630844 %

Electronic no. 34 E1g -37560.541623502
AgNs         20.502238971152313 %
AgNs         20.502238971152313 %
AgNpz        16.459671228573871 %
AgNpz        16.459671228573871 %
B2gNdxz       4.450977504283051 %
B2gNdxz       4.450977504283051 %
B3gNdyz       4.450977504283051 %
B3gNdyz       4.450977504283051 %
AgNdzz        1.725058287345132 %
AgNdzz        1.725058287345132 %
B2gNpx        0.774273680345016 %
B2gNpx        0.774273680345016 %
B3gNpy        0.774273680345016 %
B3gNpy        0.774273680345016 %
AgNdxx        0.431264571836283 %
AgNdxx        0.431264571836283 %
AgNdyy        0.431264571836283 %
AgNdyy        0.431264571836283 %

Electronic no. 35 E1g -37560.367565571
B2gNpx       24.994468696127242 %
B2gNpx       24.994468696127242 %
B3gNpy       24.994468696127242 %
B3gNpy       24.994468696127242 %

Electronic no. 35 E1u -37560.301897696
B1uNpz       25.060972109456298 %
B1uNpz       25.060972109456298 %
B1uNs        20.621997102811168 %
B1uNs        20.621997102811168 %
B1uNdzz       1.402542782232416 %
B1uNdzz       1.402542782232416 %
B3uNpx        1.047181664323020 %
B3uNpx        1.047181664323020 %
B2uNpy        1.047181664323020 %
B2uNpy        1.047181664323020 %
B1uNdxx       0.350635683348216 %
B1uNdxx       0.350635683348216 %
B1uNdyy       0.350635683348216 %
B1uNdyy       0.350635683348216 %

Electronic no. 36 E1g -37560.25021097
AgNpz        29.570624876126960 %
AgNpz        29.570624876126960 %
B2gNpx        9.375136377474497 %
B2gNpx        9.375136377474497 %
B3gNpy        9.375136377474497 %
B3gNpy        9.375136377474497 %
B2gNdxz       0.632024173566557 %
B2gNdxz       0.632024173566557 %
B3gNdyz       0.632024173566557 %
B3gNdyz       0.632024173566557 %
AgNs          0.382115991634807 %
AgNs          0.382115991634807 %

Electronic no. 36 E1u -37560.247954396
B3uNpx       24.945943805119757 %
B3uNpx       24.945943805119757 %
B2uNpy       24.945943805119757 %
B2uNpy       24.945943805119757 %

Electronic no. 37 E1g -37560.166713391
B2gNdxz      15.208917351752429 %
B2gNdxz      15.208917351752429 %
B3gNdyz      15.208917351752429 %
B3gNdyz      15.208917351752429 %
B2gNpx        9.224784739726601 %
B2gNpx        9.224784739726601 %
B3gNpy        9.224784739726601 %
B3gNpy        9.224784739726601 %
B1gNdxy       0.755063864404083 %
B1gNdxy       0.755063864404083 %
AgNdxx        0.188765976318929 %
AgNdxx        0.188765976318929 %
AgNdyy        0.188765976318929 %
AgNdyy        0.188765976318929 %

Electronic no. 37 E1u -37560.066439751
AuNdxy       20.552848122598736 %
AuNdxy       20.552848122598736 %
B3uNpx        7.199207793934168 %
B3uNpx        7.199207793934168 %
B2uNpy        7.199207793934168 %
B2uNpy        7.199207793934168 %
B1uNdxx       5.138212221910194 %
B1uNdxx       5.138212221910194 %
B1uNdyy       5.138212221910194 %
B1uNdyy       5.138212221910194 %
B3uNdxz       2.386155922856270 %
B3uNdxz       2.386155922856270 %
B2uNdyz       2.386155922856270 %
B2uNdyz       2.386155922856270 %

Electronic no. 38 E1g -37559.982878423
AgNs         23.613906925711248 %
AgNs         23.613906925711248 %
B2gNdxz       7.772569314794030 %
B2gNdxz       7.772569314794030 %
B3gNdyz       7.772569314794030 %
B3gNdyz       7.772569314794030 %
AgNdzz        3.827525899316947 %
AgNdzz        3.827525899316947 %
AgNpz         1.953004281907810 %
AgNpz         1.953004281907810 %
B2gNpx        1.573330656908730 %
B2gNpx        1.573330656908730 %
B3gNpy        1.573330656908730 %
B3gNpy        1.573330656908730 %
AgNdxx        0.956881474829237 %
AgNdxx        0.956881474829237 %
AgNdyy        0.956881474829237 %
AgNdyy        0.956881474829237 %

Electronic no. 38 E1u -37559.794240574
B1uNpz       27.323618059456756 %
B1uNpz       27.323618059456756 %
B1uNs        17.570168619745019 %
B1uNs        17.570168619745019 %
B3uNdxz       1.335975210357172 %
B3uNdxz       1.335975210357172 %
B2uNdyz       1.335975210357172 %
B2uNdyz       1.335975210357172 %
B1uNdzz       1.041222638031182 %
B1uNdzz       1.041222638031182 %
B3uNpx        0.436214471905329 %
B3uNpx        0.436214471905329 %
B2uNpy        0.436214471905329 %
B2uNpy        0.436214471905329 %
B1uNdxx       0.260305659121018 %
B1uNdxx       0.260305659121018 %
B1uNdyy       0.260305659121018 %
B1uNdyy       0.260305659121018 %

Electronic no. 39 E1g -37559.672932862
B1gNdxy      12.079381407552177 %
B1gNdxy      12.079381407552177 %
B2gNpx        8.396833634550038 %
B2gNpx        8.396833634550038 %
B3gNpy        8.396833634550038 %
B3gNpy        8.396833634550038 %
B2gNdxz       7.543630506771503 %
B2gNdxz       7.543630506771503 %
B3gNdyz       7.543630506771503 %
B3gNdyz       7.543630506771503 %
AgNdxx        3.019845154902369 %
AgNdxx        3.019845154902369 %
AgNdyy        3.019845154902369 %
AgNdyy        3.019845154902369 %

Electronic no. 39 E1u -37559.529035003
AuNdxy       33.333333893808160 %
AuNdxy       33.333333893808160 %
B1uNdxx       8.333333053095920 %
B1uNdxx       8.333333053095920 %
B1uNdyy       8.333333053095920 %
B1uNdyy       8.333333053095920 %

Electronic no. 40 E1u -37559.42432991
B3uNdxz      17.180398595940950 %
B3uNdxz      17.180398595940950 %
B2uNdyz      17.180398595940950 %
B2uNdyz      17.180398595940950 %
AuNdxy        5.598159293181374 %
AuNdxy        5.598159293181374 %
B3uNpx        3.620981741054612 %
B3uNpx        3.620981741054612 %
B2uNpy        3.620981741054612 %
B2uNpy        3.620981741054612 %
B1uNdxx       1.399540016413754 %
B1uNdxx       1.399540016413754 %
B1uNdyy       1.399540016413754 %
B1uNdyy       1.399540016413754 %

Electronic no. 40 E1g -37559.252599254
B1gNdxy      33.333333421032364 %
B1gNdxy      33.333333421032364 %
AgNdxx        8.333333289483818 %
AgNdxx        8.333333289483818 %
AgNdyy        8.333333289483818 %
AgNdyy        8.333333289483818 %

Electronic no. 41 E1u -37559.147008373
B1uNs        44.842500565787446 %
B1uNs        44.842500565787446 %
B1uNpz        5.070276331010362 %
B1uNpz        5.070276331010362 %

Electronic no. 41 E1g -37559.120749371
B2gNpx       17.178848363614076 %
B2gNpx       17.178848363614076 %
B3gNpy       17.178848363614076 %
B3gNpy       17.178848363614076 %
AgNpz        13.611352950765175 %
AgNpz        13.611352950765175 %
AgNs          2.019091364206255 %
AgNs          2.019091364206255 %

Electronic no. 42 E1u -37558.957493213
B1uNpz       20.025997045388944 %
B1uNpz       20.025997045388944 %
B1uNs        10.981487029961615 %
B1uNs        10.981487029961615 %
B3uNpx        9.380146252792828 %
B3uNpx        9.380146252792828 %
B2uNpy        9.380146252792828 %
B2uNpy        9.380146252792828 %
B1uNdzz       0.124492594354298 %
B1uNdzz       0.124492594354298 %

Electronic no. 42 E1g -37558.709945089
AgNs         42.903254997320964 %
AgNs         42.903254997320964 %
AgNpz         2.484544347770244 %
AgNpz         2.484544347770244 %
B2gNpx        2.303162404302386 %
B2gNpx        2.303162404302386 %
B3gNpy        2.303162404302386 %
B3gNpy        2.303162404302386 %

Electronic no. 43 E1g -37558.693777803
B2gNpx       24.988223101914226 %
B2gNpx       24.988223101914226 %
B3gNpy       24.988223101914226 %
B3gNpy       24.988223101914226 %

Electronic no. 43 E1u -37558.662398944
B1uNs        33.699975331293821 %
B1uNs        33.699975331293821 %
B1uNpz       15.275477354784199 %
B1uNpz       15.275477354784199 %
B3uNpx        0.444295915828466 %
B3uNpx        0.444295915828466 %
B2uNpy        0.444295915828466 %
B2uNpy        0.444295915828466 %

Electronic no. 44 E1g -37558.654008752
AgNpz        19.841280139705550 %
AgNpz        19.841280139705550 %
AgNs         13.501593622888858 %
AgNs         13.501593622888858 %
B2gNpx        8.287849139493243 %
B2gNpx        8.287849139493243 %
B3gNpy        8.287849139493243 %
B3gNpy        8.287849139493243 %

Electronic no. 44 E1u -37558.523786807
B3uNpx       24.975880194211737 %
B3uNpx       24.975880194211737 %
B2uNpy       24.975880194211737 %
B2uNpy       24.975880194211737 %

Electronic no. 45 E1u -37558.262739953
B1uNs        43.656572385754764 %
B1uNs        43.656572385754764 %
B1uNpz        5.975392932948540 %
B1uNpz        5.975392932948540 %
B3uNpx        0.176017863144233 %
B3uNpx        0.176017863144233 %
B2uNpy        0.176017863144233 %
B2uNpy        0.176017863144233 %

Electronic no. 45 E1g -37558.101900151
AgNpz        17.407247839652499 %
AgNpz        17.407247839652499 %
B2gNpx       16.050997037870861 %
B2gNpx       16.050997037870861 %
B3gNpy       16.050997037870861 %
B3gNpy       16.050997037870861 %
AgNs          0.427725646057860 %
AgNs          0.427725646057860 %

Electronic no. 46 E1u -37558.045180348
B1uNs        19.188523167091045 %
B1uNs        19.188523167091045 %
B1uNpz       12.009337778777372 %
B1uNpz       12.009337778777372 %
B3uNpx        9.396224545446980 %
B3uNpx        9.396224545446980 %
B2uNpy        9.396224545446980 %
B2uNpy        9.396224545446980 %

Electronic no. 46 E1g -37558.024972196
B2gNpx       24.987788289915329 %
B2gNpx       24.987788289915329 %
B3gNpy       24.987788289915329 %
B3gNpy       24.987788289915329 %

Electronic no. 47 E1g -37558.022785538
AgNpz        19.176793701517465 %
AgNpz        19.176793701517465 %
B2gNpx       15.141173761774182 %
B2gNpx       15.141173761774182 %
B3gNpy       15.141173761774182 %
B3gNpy       15.141173761774182 %
AgNs          0.535872823455710 %
AgNs          0.535872823455710 %

Electronic no. 47 E1u -37557.932015679
B3uNpx       24.993423805615024 %
B3uNpx       24.993423805615024 %
B2uNpy       24.993423805615024 %
B2uNpy       24.993423805615024 %

Electronic no. 48 E1u -37557.900907472
B1uNpz       28.778609138786617 %
B1uNpz       28.778609138786617 %
B1uNs        19.555636456667397 %
B1uNs        19.555636456667397 %
B3uNpx        0.830177884049944 %
B3uNpx        0.830177884049944 %
B2uNpy        0.830177884049944 %
B2uNpy        0.830177884049944 %

Electronic no. 48 E1g -37557.897872532
AgNs         47.979913279832935 %
AgNs         47.979913279832935 %
AgNpz         1.882591167366750 %
AgNpz         1.882591167366750 %


