NO_HEADERINFO: This output cannot be used for the dcaspt2_input_generator program.
NO_HEADERINFO: This output cannot be used for the dcaspt2_input_generator program.
E1g 1 -0.526485926423000 AgHs(1) 49.699515461618539 AgHs(2) 49.699515461618539 AgHpz(1) 0.300484538009202 AgHpz(2) 0.300484538009202
E1g 2 0.250665177868000 AgHs(1) 49.998808554412570 AgHs(2) 49.998808554412570
E1u 2 0.451570382508000 B1uHs(1) 49.988491728540616 B1uHs(2) 49.988491728540616
E1u 3 0.883181893938000 B3uHpx(1) 24.999999591813264 B3uHpx(2) 24.999999591813264 B2uHpy(1) 24.999999591813264 B2uHpy(2) 24.999999591813264
E1u 4 0.883205858372000 B3uHpx(1) 25.000000000000000 B3uHpx(2) 25.000000000000000 B2uHpy(1) 25.000000000000000 B2uHpy(2) 25.000000000000000
E1g 3 1.196019983870000 AgHs(1) 39.720231281141800 AgHs(2) 39.720231281141800 AgHpz(1) 10.279768510884937 AgHpz(2) 10.279768510884937
E1g 4 1.365556888460000 B2gHpx(1) 24.999998288432959 B2gHpx(2) 24.999998288432959 B3gHpy(1) 24.999998288432959 B3gHpy(2) 24.999998288432959
E1g 5 1.365580489550000 B2gHpx(1) 25.000000000000000 B2gHpx(2) 25.000000000000000 B3gHpy(1) 25.000000000000000 B3gHpy(2) 25.000000000000000
E1u 5 1.567491301210000 B1uHs(1) 48.617313022818045 B1uHs(2) 48.617313022818045 B1uHpz(1) 1.382686977126630 B1uHpz(2) 1.382686977126630
E1g 6 1.569654025310000 AgHs(1) 48.847192034791824 AgHs(2) 48.847192034791824 AgHpz(1) 1.152807928756452 AgHpz(2) 1.152807928756452
E1u 6 2.055457176890000 B1uHs(1) 26.730024709922962 B1uHs(2) 26.730024709922962 B1uHpz(1) 23.269975289975147 B1uHpz(2) 23.269975289975147
E1g 7 5.976354226130000 AgHs(1) 49.977466060569917 AgHs(2) 49.977466060569917
E1u 7 6.059486161930000 B1uHs(1) 49.651053744869358 B1uHs(2) 49.651053744869358 B1uHpz(1) 0.348946255130346 B1uHpz(2) 0.348946255130346
E1u 8 25.812155079000000 B1uHs(1) 49.919617900073767 B1uHs(2) 49.919617900073767
E1g 8 25.984601185900001 AgHs(1) 49.994795532855349 AgHs(2) 49.994795532855349
E1u 9 156.667540325000004 B1uHs(1) 49.975629279796877 B1uHs(2) 49.975629279796877
E1g 9 156.768673559999996 AgHs(1) 49.998482347558742 AgHs(2) 49.998482347558742
