electron_num 10 point_group C1 moltra_scheme default
E1 1..27 
E1 closed 10 open 0 virtual 44 

E1 1 -11.006820043798999 ACs 99.961920761575172
E1 2 -1.191936184685200 ACs 75.887333608562770 AHs(3) 6.067641418468362 AHs(4) 6.028939092584189 AHs(1) 6.027547890798878 AHs(2) 5.987753687946769
E1 3 -0.723475057164000 ACpz 29.227831563015481 ACpx 22.619644371318749 AHs(2) 11.742404100880291 AHs(4) 11.522802511873573 AHs(3) 8.827759473153851 AHs(1) 8.801663890984376 ACpy 7.257755805848613
E1 4 -0.720393306268500 ACpy 44.691470999495529 ACpx 14.200054115046159 AHs(1) 13.313749357348433 AHs(2) 10.209439245713616 AHs(3) 10.071894021188619 AHs(4) 7.396993933025610 ACpz 0.116397808536433
E1 5 -0.717355807879900 ACpz 29.662904076006573 ACpx 22.188772334120539 AHs(3) 11.844901146894376 AHs(4) 11.825110897747718 AHs(2) 8.791764068058303 AHs(1) 8.627495301848548 ACpy 7.058933647681245
E1 6 0.304685545613500 ACs 77.779987317614015 AHs(3) 5.663726879009456 AHs(4) 5.556044854696199 AHs(1) 5.554600711548844 AHs(2) 5.445482820299655
E1 7 0.418675232543100 AHs(2) 27.994721588776965 AHs(4) 27.158029555105706 AHs(3) 17.318188800033241 AHs(1) 16.671665576807289 ACpz 5.381246119902302 ACpx 4.475167729401318 ACpy 1.000919279711131
E1 8 0.419538465756500 AHs(1) 33.819587877437939 AHs(3) 21.671238580820802 AHs(2) 21.585539124331284 AHs(4) 12.155696890333289 ACpy 8.803788504522824 ACpx 1.955824981042483
E1 9 0.420392972654600 AHs(3) 28.314950415491165 AHs(4) 27.611596282474721 AHs(2) 16.959691054054737 AHs(1) 16.434097430373658 ACpz 5.378034154064153 ACpx 4.338097581986387 ACpy 0.963463243342082
E1 10 0.812061586336900 ACpz 20.846208704821109 AHs(1) 15.610744402592246 AHs(2) 15.532726618025411 AHs(3) 13.802495853500332 AHs(4) 13.670285771742110 ACpx 12.663519682878244 ACpy 7.873000417017691
E1 11 0.813393827410200 ACpy 25.769613357667183 AHs(4) 16.497128216530317 ACpx 15.505374809101577 AHs(3) 14.931854848622079 AHs(2) 14.338696320960912 AHs(1) 12.883961268074806
E1 12 0.814726107447200 ACpz 20.433169678448156 AHs(3) 15.631573278835209 AHs(1) 15.494171178764834 AHs(4) 13.819132849919423 AHs(2) 13.731886659331364 ACpx 13.179453857679285 ACpy 7.709577148559521
E1 13 1.390065530773300 ACs 85.889302728753478 AHs(3) 3.602686257658724 AHs(1) 3.527928989004676 AHs(4) 3.527440575987782 AHs(2) 3.452228560853929
E1 14 1.587227266355900 AHs(2) 39.195819654402833 AHs(1) 26.067569997746453 ACpz 14.468607565799438 ACpy 13.680385703697773 AHs(3) 4.873347255251828 AHs(4) 1.150679152480233 ACpx 0.560858035595545
E1 15 1.588760068559500 AHs(4) 51.238049429489728 ACpx 27.540785542198631 AHs(3) 9.587047851139877 AHs(2) 9.433707217530850 ACpy 1.178669249879319 AHs(1) 1.010792076691246
E1 16 1.590250901326100 AHs(3) 39.152836548041869 AHs(1) 26.371912225315203 ACpz 14.250617156928836 ACpy 13.872938673985644 AHs(2) 4.656156026710572 AHs(4) 1.063885810798021 ACpx 0.629066050549704
E1 17 2.285562490036800 ACs 68.222056842275080 AHs(3) 8.092005784397443 AHs(4) 7.944945942200407 AHs(1) 7.944379244912830 AHs(2) 7.795878335770763
E1 18 4.460186158997300 ACpz 30.373234651656649 ACpx 26.739271329620234 AHs(3) 24.525270138356216 AHs(4) 13.194985789337505 ACpy 3.427111614474472 AHs(2) 1.712799373100972
E1 19 4.467991045043700 ACpy 54.028773246305981 AHs(1) 29.414141340780503 ACpx 6.632626176777551 AHs(3) 3.472872198487575 AHs(4) 3.217046239700317 AHs(2) 3.183477480242685
E1 20 4.475979108169600 ACpz 30.287957894477518 ACpx 27.345404592634249 AHs(2) 24.198334583927643 AHs(4) 13.054606562849660 ACpy 3.252705360625823 AHs(3) 1.835431344948339
E1 21 5.918148553268100 ACs 94.099567916494777 AHs(2) 1.564671438208175 AHs(4) 1.469422542375916 AHs(1) 1.462870776844436 AHs(3) 1.396557227223501
E1 22 6.041941561131900 AHs(2) 29.794891094884061 AHs(1) 26.056716054508193 ACpz 14.994731386627050 ACpy 12.880153420146332 AHs(3) 6.984227807959800 AHs(4) 4.122741967685800 ACpx 2.619865649291476 ACs 2.546672618897271
E1 23 6.050361094071100 AHs(4) 42.707970767955892 ACpx 25.883256010254968 AHs(3) 13.077042962018984 AHs(2) 12.499038226816447 ACpy 5.310401921629478 AHs(1) 0.451332607419058
E1 24 6.059358125612400 AHs(3) 31.915427479879167 AHs(1) 24.006225873881853 ACpz 15.396725149804682 ACpy 12.470404161099907 AHs(2) 6.879166461251295 AHs(4) 4.565932178127037 ACpx 2.622383721245046 ACs 2.143734974711003
E1 25 7.586417059410600 ACs 98.423918433224642 AHs(3) 0.403674846431715 AHs(4) 0.394067571164420 AHs(1) 0.393966712739995 AHs(2) 0.384321260154570
E1 26 23.749630196546001 ACs 99.906344564070423
E1 27 107.065337123419994 ACs 99.936361607303851
