electron_num 18 point_group D2h moltra_scheme default
E1g 2..5 E1u 1..15 
E1g closed 6 open 0 virtual 26 E1u closed 12 open 0 virtual 48 

E1g 1 -119.071580690770006
E1g 2 -12.404797436750000
E1u 1 -9.627244962840001
E1u 2 -9.542863380420000
E1u 3 -9.542863380420000
E1g 3 -1.283815828800000
E1u 4 -0.593366769620000
E1u 5 -0.585907943890000
E1u 6 -0.585907943890000
E1g 4 0.530388695150000
E1u 7 0.627214802630000
E1u 8 0.631089335300000
E1u 9 0.631089335300000
E1u 10 3.001915719160000
E1u 11 3.015456283570000
E1u 12 3.015456283570000
E1g 5 3.227108318610000
E1u 13 8.959809610640001
E1u 14 8.990195827020001
E1u 15 8.990195827020001
E1g 6 10.300842525400000
E1u 16 20.868359197400000
E1u 17 20.926990718270002
E1u 18 20.926990718290000
E1g 7 25.068543696550002
E1u 19 45.380607527430001
E1u 20 45.517002550930002
E1u 21 45.517002550949996
E1g 8 56.739522324600003
E1u 22 112.761068159860002
E1u 23 113.234124712769997
E1u 24 113.234124712780002
E1g 9 124.649673414760002
E1g 10 257.444168420960011
E1u 25 349.127920597020022
E1u 26 351.291349700079991
E1u 27 351.291349700079991
E1g 11 508.094628013629972
E1g 12 979.941926639970006
E1u 28 1395.987248938690072
E1u 29 1415.734016681190042
E1u 30 1415.734016681190042
E1g 13 1919.113072265550045
E1g 14 3777.085218084840108
E1g 15 8730.638378224659391
E1g 16 28435.501606416299182
