electron_num 14 E1g 1..43 E1u 1..43 
E1g closed 6 open 0 virtual 90 E1u closed 8 open 0 virtual 88 

E1g 1 -15.799667669125000 AgN2s(1) 49.999766514632022 AgN2s(2) 49.999766514632022
E1u 1 -15.798895827698001 B1uN2s(1) 49.999806294754499 B1uN2s(2) 49.999806294754499
E1g 2 -1.238928114886100 AgN2s(1) 48.014799567347268 AgN2s(2) 48.014799567347268 AgN2pz(1) 1.947577812253153 AgN2pz(2) 1.947577812253153
E1u 2 -0.895238608989200 B1uN2s(1) 47.888984490094217 B1uN2s(2) 47.888984490094217 B1uN2pz(1) 2.108493343677719 B1uN2pz(2) 2.108493343677719
E1g 3 -0.583283885248300 AgN2pz(1) 38.791909293158369 AgN2pz(2) 38.791909293158369 AgN2s(1) 11.127848667371934 AgN2s(2) 11.127848667371934
E1u 3 -0.490494906056500 B3uN2px(1) 24.783790440429204 B3uN2px(2) 24.783790440429204 B2uN2py(1) 24.783790440429204 B2uN2py(2) 24.783790440429204 B3uN2dxz(1) 0.215356048249415 B3uN2dxz(2) 0.215356048249415 B2uN2dyz(1) 0.215356048249415 B2uN2dyz(2) 0.215356048249415
E1u 4 -0.490094702812800 B3uN2px(1) 24.784451196074745 B3uN2px(2) 24.784451196074745 B2uN2py(1) 24.784451196074745 B2uN2py(2) 24.784451196074745 B3uN2dxz(1) 0.215548798557614 B3uN2dxz(2) 0.215548798557614 B2uN2dyz(1) 0.215548798557614 B2uN2dyz(2) 0.215548798557614
E1g 4 -0.001393740310000 B2gN2px(1) 24.983295435234044 B2gN2px(2) 24.983295435234044 B3gN2py(1) 24.983295435234044 B3gN2py(2) 24.983295435234044
E1g 5 -0.000982597018000 B2gN2px(1) 24.983888946857434 B2gN2px(2) 24.983888946857434 B3gN2py(1) 24.983888946857434 B3gN2py(2) 24.983888946857434
E1u 5 0.176829120411700 B1uN2s(1) 30.182354091180546 B1uN2s(2) 30.182354091180546 B1uN2pz(1) 19.814213957112209 B1uN2pz(2) 19.814213957112209
E1u 6 0.266454390275100 B3uN2px(1) 24.993919416937036 B3uN2px(2) 24.993919416937036 B2uN2py(1) 24.993919416937036 B2uN2py(2) 24.993919416937036
E1u 7 0.266546327549700 B3uN2px(1) 24.995781146324603 B3uN2px(2) 24.995781146324603 B2uN2py(1) 24.995781146324603 B2uN2py(2) 24.995781146324603
E1g 6 0.291681240860400 AgN2pz(1) 34.247835151519240 AgN2pz(2) 34.247835151519240 AgN2s(1) 15.749943773979991 AgN2s(2) 15.749943773979991
E1g 7 0.338773380766900 B2gN2px(1) 24.999106161402331 B2gN2px(2) 24.999106161402331 B3gN2py(1) 24.999106161402331 B3gN2py(2) 24.999106161402331
E1g 8 0.338895367588700 B2gN2px(1) 24.999387489908028 B2gN2px(2) 24.999387489908028 B3gN2py(1) 24.999387489908028 B3gN2py(2) 24.999387489908028
E1u 8 0.363229839740700 B1uN2pz(1) 41.360837013168357 B1uN2pz(2) 41.360837013168357 B1uN2s(1) 8.627572153093240 B1uN2s(2) 8.627572153093240
E1g 9 0.363922613059000 AgN2s(1) 47.851660086897020 AgN2s(2) 47.851660086897020 AgN2pz(1) 2.146900700595456 AgN2pz(2) 2.146900700595456
E1u 9 0.673305521893800 B1uN2s(1) 45.641629747148109 B1uN2s(2) 45.641629747148109 B1uN2pz(1) 4.339076077718302 B1uN2pz(2) 4.339076077718302
E1g 10 1.062744699287000 B1gN2dxy(1) 33.333249743123467 B1gN2dxy(2) 33.333249743123467 AgN2dxx(1) 8.333312435780867 AgN2dxx(2) 8.333312435780867 AgN2dyy(1) 8.333312435780867 AgN2dyy(2) 8.333312435780867
E1g 11 1.062747723590300 B1gN2dxy(1) 33.333333328609456 B1gN2dxy(2) 33.333333328609456 AgN2dxx(1) 8.333333335695272 AgN2dxx(2) 8.333333335695272 AgN2dyy(1) 8.333333335695272 AgN2dyy(2) 8.333333335695272
E1u 10 1.109665959416000 B3uN2dxz(1) 19.179628283730164 B3uN2dxz(2) 19.179628283730164 B2uN2dyz(1) 19.179628283730164 B2uN2dyz(2) 19.179628283730164 B3uN2px(1) 4.986987066898198 B3uN2px(2) 4.986987066898198 B2uN2py(1) 4.986987066898198 B2uN2py(2) 4.986987066898198 B1uN2pz(1) 1.377934063232089 B1uN2pz(2) 1.377934063232089 B1uN2s(1) 0.282678092363328 B1uN2s(2) 0.282678092363328
E1u 11 1.109738058843500 B3uN2dxz(1) 20.078924718594038 B3uN2dxz(2) 20.078924718594038 B2uN2dyz(1) 20.078924718594038 B2uN2dyz(2) 20.078924718594038 B3uN2px(1) 4.921057665018675 B3uN2px(2) 4.921057665018675 B2uN2py(1) 4.921057665018675 B2uN2py(2) 4.921057665018675
E1u 12 1.114699659299600 B1uN2pz(1) 41.449864722566062 B1uN2pz(2) 41.449864722566062 B1uN2s(1) 8.364684481428617 B1uN2s(2) 8.364684481428617 B1uN2dzz(1) 0.120542849822689 B1uN2dzz(2) 0.120542849822689
E1g 12 1.127603506087700 AgN2pz(1) 49.323418950761727 AgN2pz(2) 49.323418950761727 AgN2s(1) 0.286120972258974 AgN2s(2) 0.286120972258974 AgN2dzz(1) 0.259286555990405 AgN2dzz(2) 0.259286555990405
E1u 13 1.141872064050200 B3uN2px(1) 24.760123807713043 B3uN2px(2) 24.760123807713043 B2uN2py(1) 24.760123807713043 B2uN2py(2) 24.760123807713043 B3uN2dxz(1) 0.212773827385864 B3uN2dxz(2) 0.212773827385864 B2uN2dyz(1) 0.212773827385864 B2uN2dyz(2) 0.212773827385864
E1u 14 1.142203941913000 B3uN2px(1) 24.792652996227329 B3uN2px(2) 24.792652996227329 B2uN2py(1) 24.792652996227329 B2uN2py(2) 24.792652996227329 B3uN2dxz(1) 0.207346821890142 B3uN2dxz(2) 0.207346821890142 B2uN2dyz(1) 0.207346821890142 B2uN2dyz(2) 0.207346821890142
E1g 13 1.208781623364900 B2gN2px(1) 24.969981900278192 B2gN2px(2) 24.969981900278192 B3gN2py(1) 24.969981900278192 B3gN2py(2) 24.969981900278192
E1g 14 1.209118459176700 B2gN2px(1) 24.970316569544966 B2gN2px(2) 24.970316569544966 B3gN2py(1) 24.970316569544966 B3gN2py(2) 24.970316569544966
E1u 15 1.349298106765600 AuN2dxy(1) 33.333301775263344 AuN2dxy(2) 33.333301775263344 B1uN2dxx(1) 8.333325446892301 B1uN2dxx(2) 8.333325446892301 B1uN2dyy(1) 8.333325446892301 B1uN2dyy(2) 8.333325446892301
E1u 16 1.349321159644800 AuN2dxy(1) 33.333333329305468 AuN2dxy(2) 33.333333329305468 B1uN2dxx(1) 8.333333335347266 B1uN2dxx(2) 8.333333335347266 B1uN2dyy(1) 8.333333335347266 B1uN2dyy(2) 8.333333335347266
E1g 15 1.700084737732600 AgN2s(1) 34.373800831622674 AgN2s(2) 34.373800831622674 AgN2pz(1) 13.357277044649333 AgN2pz(2) 13.357277044649333 AgN2dzz(1) 1.512575960172290 AgN2dzz(2) 1.512575960172290 AgN2dxx(1) 0.378143990213358 AgN2dxx(2) 0.378143990213358 AgN2dyy(1) 0.378143990213358 AgN2dyy(2) 0.378143990213358
E1g 16 1.797601562569900 B2gN2dxz(1) 13.327687069963154 B2gN2dxz(2) 13.327687069963154 B3gN2dyz(1) 13.327687069963154 B3gN2dyz(2) 13.327687069963154 B2gN2px(1) 11.671948160433150 B2gN2px(2) 11.671948160433150 B3gN2py(1) 11.671948160433150 B3gN2py(2) 11.671948160433150
E1g 17 1.797619223695500 B2gN2dxz(1) 13.326105327877361 B2gN2dxz(2) 13.326105327877361 B3gN2dyz(1) 13.326105327877361 B3gN2dyz(2) 13.326105327877361 B2gN2px(1) 11.673894401910532 B2gN2px(2) 11.673894401910532 B3gN2py(1) 11.673894401910532 B3gN2py(2) 11.673894401910532
E1u 17 1.966210763170800 B1uN2s(1) 35.018621230367472 B1uN2s(2) 35.018621230367472 B1uN2pz(1) 13.147620756533993 B1uN2pz(2) 13.147620756533993 B1uN2dzz(1) 1.222504999333752 B1uN2dzz(2) 1.222504999333752 B1uN2dxx(1) 0.305626249833438 B1uN2dxx(2) 0.305626249833438 B1uN2dyy(1) 0.305626249833438 B1uN2dyy(2) 0.305626249833438
E1g 18 2.075914213209100 AgN2s(1) 49.107721494843489 AgN2s(2) 49.107721494843489 AgN2pz(1) 0.847746666948454 AgN2pz(2) 0.847746666948454
E1u 18 2.694482982442900 B1uN2s(1) 40.777289342140875 B1uN2s(2) 40.777289342140875 B1uN2pz(1) 8.430044479124120 B1uN2pz(2) 8.430044479124120 B1uN2dzz(1) 0.528443251477662 B1uN2dzz(2) 0.528443251477662 B1uN2dxx(1) 0.132110812901337 B1uN2dxx(2) 0.132110812901337 B1uN2dyy(1) 0.132110812901337 B1uN2dyy(2) 0.132110812901337
E1u 19 3.412763245554400 B3uN2px(1) 24.993339588781851 B3uN2px(2) 24.993339588781851 B2uN2py(1) 24.993339588781851 B2uN2py(2) 24.993339588781851
E1u 20 3.413759822664300 B3uN2px(1) 24.993627176750618 B3uN2px(2) 24.993627176750618 B2uN2py(1) 24.993627176750618 B2uN2py(2) 24.993627176750618
E1g 19 3.452829808616000 AgN2pz(1) 48.665906917634075 AgN2pz(2) 48.665906917634075 AgN2s(1) 1.015528191408251 AgN2s(2) 1.015528191408251 AgN2dzz(1) 0.209984417003230 AgN2dzz(2) 0.209984417003230
E1g 20 3.573025071221300 B2gN2px(1) 24.988919887329320 B2gN2px(2) 24.988919887329320 B3gN2py(1) 24.988919887329320 B3gN2py(2) 24.988919887329320
E1g 21 3.574009623792800 B2gN2px(1) 24.990130754315345 B2gN2px(2) 24.990130754315345 B3gN2py(1) 24.990130754315345 B3gN2py(2) 24.990130754315345
E1u 21 3.846608036947700 B1uN2pz(1) 25.129144100520701 B1uN2pz(2) 25.129144100520701 B1uN2s(1) 22.778832159810687 B1uN2s(2) 22.778832159810687 B1uN2dzz(1) 1.394642902678698 B1uN2dzz(2) 1.394642902678698 B1uN2dxx(1) 0.348660725669674 B1uN2dxx(2) 0.348660725669674 B1uN2dyy(1) 0.348660725669674 B1uN2dyy(2) 0.348660725669674
E1g 22 4.515179608451900 B1gN2dxy(1) 33.332973670268736 B1gN2dxy(2) 33.332973670268736 AgN2dxx(1) 8.333243418661899 AgN2dxx(2) 8.333243418661899 AgN2dyy(1) 8.333243418661899 AgN2dyy(2) 8.333243418661899
E1g 23 4.515601455005600 B1gN2dxy(1) 33.333333328769207 B1gN2dxy(2) 33.333333328769207 AgN2dxx(1) 8.333333335615398 AgN2dxx(2) 8.333333335615398 AgN2dyy(1) 8.333333335615398 AgN2dyy(2) 8.333333335615398
E1u 22 4.607750929497600 AuN2dxy(1) 33.330800830753816 AuN2dxy(2) 33.330800830753816 B1uN2dxx(1) 8.332700210979405 B1uN2dxx(2) 8.332700210979405 B1uN2dyy(1) 8.332700210979405 B1uN2dyy(2) 8.332700210979405
E1u 23 4.608173918059000 AuN2dxy(1) 33.333333333333329 AuN2dxy(2) 33.333333333333329 B1uN2dxx(1) 8.333333333333332 B1uN2dxx(2) 8.333333333333332 B1uN2dyy(1) 8.333333333333332 B1uN2dyy(2) 8.333333333333332
E1u 24 4.663030514744600 B3uN2dxz(1) 24.605848718691714 B3uN2dxz(2) 24.605848718691714 B2uN2dyz(1) 24.605848718691714 B2uN2dyz(2) 24.605848718691714 B3uN2px(1) 0.393802239968196 B3uN2px(2) 0.393802239968196 B2uN2py(1) 0.393802239968196 B2uN2py(2) 0.393802239968196
E1u 25 4.663244838400700 B3uN2dxz(1) 24.604574762230801 B3uN2dxz(2) 24.604574762230801 B2uN2dyz(1) 24.604574762230801 B2uN2dyz(2) 24.604574762230801 B3uN2px(1) 0.394273770187120 B3uN2px(2) 0.394273770187120 B2uN2py(1) 0.394273770187120 B2uN2py(2) 0.394273770187120
E1g 24 4.722522439920000 B2gN2dxz(1) 21.670029843219869 B2gN2dxz(2) 21.670029843219869 B3gN2dyz(1) 21.670029843219869 B3gN2dyz(2) 21.670029843219869 B2gN2px(1) 3.329357754962341 B2gN2px(2) 3.329357754962341 B3gN2py(1) 3.329357754962341 B3gN2py(2) 3.329357754962341
E1g 25 4.722743134626600 B2gN2dxz(1) 21.668012646457019 B2gN2dxz(2) 21.668012646457019 B3gN2dyz(1) 21.668012646457019 B3gN2dyz(2) 21.668012646457019 B2gN2px(1) 3.331943572791634 B2gN2px(2) 3.331943572791634 B3gN2py(1) 3.331943572791634 B3gN2py(2) 3.331943572791634
E1g 26 4.800064102811300 AgN2dzz(1) 22.801096892907321 AgN2dzz(2) 22.801096892907321 AgN2s(1) 11.083488426596590 AgN2s(2) 11.083488426596590 AgN2dxx(1) 5.700274224278317 AgN2dxx(2) 5.700274224278317 AgN2dyy(1) 5.700274224278317 AgN2dyy(2) 5.700274224278317 AgN2pz(1) 4.712063051126304 AgN2pz(2) 4.712063051126304
E1u 26 5.076477874807400 B1uN2s(1) 23.712248789382350 B1uN2s(2) 23.712248789382350 B1uN2pz(1) 21.526628686562326 B1uN2pz(2) 21.526628686562326 B1uN2dzz(1) 3.174075236747735 B1uN2dzz(2) 3.174075236747735 B1uN2dxx(1) 0.793518809186934 B1uN2dxx(2) 0.793518809186934 B1uN2dyy(1) 0.793518809186934 B1uN2dyy(2) 0.793518809186934
E1g 27 7.227597228547800 AgN2s(1) 49.993009440380504 AgN2s(2) 49.993009440380504
E1u 27 7.813122498049200 B1uN2s(1) 49.159539837853458 B1uN2s(2) 49.159539837853458 B1uN2pz(1) 0.778887253083480 B1uN2pz(2) 0.778887253083480
E1u 28 9.861003305607699 B3uN2px(1) 24.937913738878638 B3uN2px(2) 24.937913738878638 B2uN2py(1) 24.937913738878638 B2uN2py(2) 24.937913738878638 B1uN2pz(1) 0.119796162526098 B1uN2pz(2) 0.119796162526098
E1u 29 9.864209296553399 B3uN2px(1) 24.999467536469801 B3uN2px(2) 24.999467536469801 B2uN2py(1) 24.999467536469801 B2uN2py(2) 24.999467536469801
E1u 30 9.913421413121000 B1uN2pz(1) 48.585389207860423 B1uN2pz(2) 48.585389207860423 B1uN2s(1) 1.223183649244081 B1uN2s(2) 1.223183649244081
E1g 28 9.942205479860300 B2gN2px(1) 24.996039871168385 B2gN2px(2) 24.996039871168385 B3gN2py(1) 24.996039871168385 B3gN2py(2) 24.996039871168385
E1g 29 9.945314450459501 B2gN2px(1) 24.997303255884471 B2gN2px(2) 24.997303255884471 B3gN2py(1) 24.997303255884471 B3gN2py(2) 24.997303255884471
E1g 30 10.266883868034000 AgN2pz(1) 48.839691911672396 AgN2pz(2) 48.839691911672396 AgN2s(1) 1.146915452625481 AgN2s(2) 1.146915452625481
E1g 31 22.407469477054001 AgN2s(1) 49.997310032659684 AgN2s(2) 49.997310032659684
E1u 31 22.996148019384002 B1uN2s(1) 49.837595370015826 B1uN2s(2) 49.837595370015826 B1uN2pz(1) 0.152888308877610 B1uN2pz(2) 0.152888308877610
E1u 32 29.203816009834998 B3uN2px(1) 24.711088789814475 B3uN2px(2) 24.711088789814475 B2uN2py(1) 24.711088789814475 B2uN2py(2) 24.711088789814475 B1uN2pz(1) 0.568821795491304 B1uN2pz(2) 0.568821795491304
E1u 33 29.217607162797002 B3uN2px(1) 24.999928090143158 B3uN2px(2) 24.999928090143158 B2uN2py(1) 24.999928090143158 B2uN2py(2) 24.999928090143158
E1g 32 29.264995003999999 B2gN2px(1) 24.962785364255303 B2gN2px(2) 24.962785364255303 B3gN2py(1) 24.962785364255303 B3gN2py(2) 24.962785364255303
E1g 33 29.278190178991998 B2gN2px(1) 24.999609108086869 B2gN2px(2) 24.999609108086869 B3gN2py(1) 24.999609108086869 B3gN2py(2) 24.999609108086869
E1u 34 29.293287847298000 B1uN2pz(1) 48.765313566388016 B1uN2pz(2) 48.765313566388016 B1uN2s(1) 0.709336930976716 B1uN2s(2) 0.709336930976716 B3uN2px(1) 0.240512971856371 B3uN2px(2) 0.240512971856371 B2uN2py(1) 0.240512971856371 B2uN2py(2) 0.240512971856371
E1g 34 29.509551049435998 AgN2pz(1) 49.708286877963864 AgN2pz(2) 49.708286877963864 AgN2s(1) 0.222943693742990 AgN2s(2) 0.222943693742990
E1g 35 63.098447257017000 AgN2s(1) 49.999454331669597 AgN2s(2) 49.999454331669597
E1u 35 63.616338643135002 B1uN2s(1) 49.952915716260208 B1uN2s(2) 49.952915716260208
E1u 36 95.967405978274996 B3uN2px(1) 21.664106610592036 B3uN2px(2) 21.664106610592036 B2uN2py(1) 21.664106610592036 B2uN2py(2) 21.664106610592036 B1uN2pz(1) 6.635351450169827 B1uN2pz(2) 6.635351450169827
E1g 36 96.026611382872005 B2gN2px(1) 23.854201253984968 B2gN2px(2) 23.854201253984968 B3gN2py(1) 23.854201253984968 B3gN2py(2) 23.854201253984968 AgN2pz(1) 2.286955407252786 AgN2pz(2) 2.286955407252786
E1u 37 96.053612825132006 B3uN2px(1) 24.999980432205774 B3uN2px(2) 24.999980432205774 B2uN2py(1) 24.999980432205774 B2uN2py(2) 24.999980432205774
E1g 37 96.104750513382001 B2gN2px(1) 24.999865765264754 B2gN2px(2) 24.999865765264754 B3gN2py(1) 24.999865765264754 B3gN2py(2) 24.999865765264754
E1u 38 96.110508322773001 B1uN2pz(1) 43.541873510572216 B1uN2pz(2) 43.541873510572216 B3uN2px(1) 3.109793485482536 B3uN2px(2) 3.109793485482536 B2uN2py(1) 3.109793485482536 B2uN2py(2) 3.109793485482536 B1uN2s(1) 0.222160588606712 B1uN2s(2) 0.222160588606712
E1g 38 96.258867702448995 AgN2pz(1) 47.736677244622513 AgN2pz(2) 47.736677244622513 B2gN2px(1) 1.085978780790806 B2gN2px(2) 1.085978780790806 B3gN2py(1) 1.085978780790806 B3gN2py(2) 1.085978780790806
E1g 39 170.483705547710002 AgN2s(1) 49.999788277346298 AgN2s(2) 49.999788277346298
E1u 39 170.950928630090004 B1uN2s(1) 49.981217745949188 B1uN2s(2) 49.981217745949188
E1u 40 394.492853829049977 B3uN2px(1) 17.063099518615878 B3uN2px(2) 17.063099518615878 B2uN2py(1) 17.063099518615878 B2uN2py(2) 17.063099518615878 B1uN2pz(1) 15.840925136552404 B1uN2pz(2) 15.840925136552404
E1g 40 394.550206996529994 B2gN2px(1) 17.736942106873393 B2gN2px(2) 17.736942106873393 B3gN2py(1) 17.736942106873393 B3gN2py(2) 17.736942106873393 AgN2pz(1) 14.515181212999586 AgN2pz(2) 14.515181212999586
E1u 41 395.578179961670003 B3uN2px(1) 24.999993416005616 B3uN2px(2) 24.999993416005616 B2uN2py(1) 24.999993416005616 B2uN2py(2) 24.999993416005616
E1u 42 395.611379592070023 B1uN2pz(1) 34.402663850023345 B1uN2pz(2) 34.402663850023345 B3uN2px(1) 7.763023349237806 B3uN2px(2) 7.763023349237806 B2uN2py(1) 7.763023349237806 B2uN2py(2) 7.763023349237806
E1g 41 395.614687190860025 B2gN2px(1) 24.999948675204742 B2gN2px(2) 24.999948675204742 B3gN2py(1) 24.999948675204742 B3gN2py(2) 24.999948675204742
E1g 42 395.696371437470020 AgN2pz(1) 35.677029865075625 AgN2pz(2) 35.677029865075625 B2gN2px(1) 7.148145807429040 B2gN2px(2) 7.148145807429040 B3gN2py(1) 7.148145807429040 B3gN2py(2) 7.148145807429040
E1g 43 459.961432461829986 AgN2s(1) 49.999898714052989 AgN2s(2) 49.999898714052989
E1u 43 460.385020508909975 B1uN2s(1) 49.990950911758176 B1uN2s(2) 49.990950911758176
E1g 44 1270.142590861900089 AgN2s(1) 49.999948693832948 AgN2s(2) 49.999948693832948
E1u 44 1270.518379762899940 B1uN2s(1) 49.995175469100261 B1uN2s(2) 49.995175469100261
E1g 45 3619.351977766799791 AgN2s(1) 49.999971679990203 AgN2s(2) 49.999971679990203
E1u 45 3619.661727997000071 B1uN2s(1) 49.997325276619947 B1uN2s(2) 49.997325276619947
E1g 46 10481.185221996000109 AgN2s(1) 49.999984616223095 AgN2s(2) 49.999984616223095
E1u 46 10481.400775281999813 B1uN2s(1) 49.998544040019993 B1uN2s(2) 49.998544040019993
E1g 47 30246.269656661999761 AgN2s(1) 49.999992415830704 AgN2s(2) 49.999992415830704
E1u 47 30246.383477377999952 B1uN2s(1) 49.999281088237815 B1uN2s(2) 49.999281088237815
E1g 48 92956.495805665996158 AgN2s(1) 49.999997226285700 AgN2s(2) 49.999997226285700
E1u 48 92956.536927445005858 B1uN2s(1) 49.999736757739548 B1uN2s(2) 49.999736757739548
