NO_HEADERINFO: This output cannot be used for the dcaspt2_input_generator program.
NO_HEADERINFO: This output cannot be used for the dcaspt2_input_generator program.
E1g 1 -138035.413041899999371 AgN2s(1) 49.999997367309220 AgN2s(2) 49.999997367309220
E1g 2 -70395.801919644000009 AgN2s(1) 49.999992706587840 AgN2s(2) 49.999992706587840
E1g 3 -49173.925741662002110 AgN2s(1) 49.999985217936114 AgN2s(2) 49.999985217936114
E1g 4 -41735.835567383997841 AgN2s(1) 49.999973118053575 AgN2s(2) 49.999973118053575
E1g 5 -39121.240826005996496 AgN2s(1) 49.999952688857782 AgN2s(2) 49.999952688857782
E1g 6 -38178.821433233002608 AgN2pz(1) 16.714977707282589 AgN2pz(2) 16.714977707282589 B2gN2px(1) 16.525963254032931 B2gN2px(2) 16.525963254032931 B3gN2py(1) 16.525963254032931 B3gN2py(2) 16.525963254032931 AgN2s(1) 0.232931148339893 AgN2s(2) 0.232931148339893
E1g 7 -38177.477780765002535 AgN2s(1) 49.999812868201630 AgN2s(2) 49.999812868201630
E1g 8 -38083.878375685002538 AgN2pz(1) 33.400406676449940 AgN2pz(2) 33.400406676449940 B2gN2px(1) 8.288215406386707 B2gN2px(2) 8.288215406386707 B3gN2py(1) 8.288215406386707 B3gN2py(2) 8.288215406386707
E1g 9 -38083.805637224002567 B2gN2px(1) 24.999953509586785 B2gN2px(2) 24.999953509586785 B3gN2py(1) 24.999953509586785 B3gN2py(2) 24.999953509586785
E1g 10 -37817.088699528001598 AgN2s(1) 49.999841124928537 AgN2s(2) 49.999841124928537
E1g 11 -37730.195319682999980 AgN2pz(1) 17.007776413171577 AgN2pz(2) 17.007776413171577 B2gN2px(1) 16.483015064611923 B2gN2px(2) 16.483015064611923 B3gN2py(1) 16.483015064611923 B3gN2py(2) 16.483015064611923
E1g 12 -37702.306773509000777 AgN2pz(1) 33.447510030129799 AgN2pz(2) 33.447510030129799 B2gN2px(1) 8.247995837650373 B2gN2px(2) 8.247995837650373 B3gN2py(1) 8.247995837650373 B3gN2py(2) 8.247995837650373
E1g 13 -37702.206300507998094 B2gN2px(1) 24.999885632011186 B2gN2px(2) 24.999885632011186 B3gN2py(1) 24.999885632011186 B3gN2py(2) 24.999885632011186
E1g 14 -37670.735712957000942 AgN2s(1) 49.999688323111648 AgN2s(2) 49.999688323111648
E1g 15 -37620.491058213003271 AgN2pz(1) 17.379165825633098 AgN2pz(2) 17.379165825633098 B2gN2px(1) 16.279158263849347 B2gN2px(2) 16.279158263849347 B3gN2py(1) 16.279158263849347 B3gN2py(2) 16.279158263849347
E1g 16 -37607.950463941000635 AgN2s(1) 49.993431801369425 AgN2s(2) 49.993431801369425
E1g 17 -37607.764058492000913 AgN2pz(1) 32.522597447118216 AgN2pz(2) 32.522597447118216 B2gN2px(1) 7.956119310800696 B2gN2px(2) 7.956119310800696 B3gN2py(1) 7.956119310800696 B3gN2py(2) 7.956119310800696 AgN2s(1) 1.563808808044624 AgN2s(2) 1.563808808044624
E1g 18 -37607.641966609997326 B2gN2px(1) 24.999716015402896 B2gN2px(2) 24.999716015402896 B3gN2py(1) 24.999716015402896 B3gN2py(2) 24.999716015402896
E1g 19 -37582.692827129001671 AgN2pz(1) 17.945979713452409 AgN2pz(2) 17.945979713452409 B2gN2px(1) 15.906612201602540 B2gN2px(2) 15.906612201602540 B3gN2py(1) 15.906612201602540 B3gN2py(2) 15.906612201602540 AgN2s(1) 0.238531343799951 AgN2s(2) 0.238531343799951
E1g 20 -37579.759529896000458 AgN2s(1) 49.998600810291563 AgN2s(2) 49.998600810291563
E1g 21 -37576.713990880998608 AgN2pz(1) 33.051106997005675 AgN2pz(2) 33.051106997005675 B2gN2px(1) 8.252582143540810 B2gN2px(2) 8.252582143540810 B3gN2py(1) 8.252582143540810 B3gN2py(2) 8.252582143540810 AgN2s(1) 0.438595862987501 AgN2s(2) 0.438595862987501
E1g 22 -37576.547239947998605 B2gN2px(1) 24.998943536148317 B2gN2px(2) 24.998943536148317 B3gN2py(1) 24.998943536148317 B3gN2py(2) 24.998943536148317
E1g 23 -37568.572278681996977 B2gN2dxz(1) 14.887128080506976 B2gN2dxz(2) 14.887128080506976 B3gN2dyz(1) 14.887128080506976 B3gN2dyz(2) 14.887128080506976 AgN2dzz(1) 7.573346403848038 AgN2dzz(2) 7.573346403848038 AgN2pz(1) 5.231141675714018 AgN2pz(2) 5.231141675714018 AgN2dxx(1) 1.893336663962263 AgN2dxx(2) 1.893336663962263 AgN2dyy(1) 1.893336663962263 AgN2dyy(2) 1.893336663962263 AgN2s(1) 1.466876909547763 AgN2s(2) 1.466876909547763 B2gN2px(1) 1.083852760975845 B2gN2px(2) 1.083852760975845 B3gN2py(1) 1.083852760975845 B3gN2py(2) 1.083852760975845
E1g 24 -37568.382728796997981 B1gN2dxy(1) 20.855183134503836 B1gN2dxy(2) 20.855183134503836 B2gN2dxz(1) 8.470027231482694 B2gN2dxz(2) 8.470027231482694 B3gN2dyz(1) 8.470027231482694 B3gN2dyz(2) 8.470027231482694 AgN2dxx(1) 5.213795594411539 AgN2dxx(2) 5.213795594411539 AgN2dyy(1) 5.213795594411539 AgN2dyy(2) 5.213795594411539 B2gN2px(1) 0.888585606853853 B2gN2px(2) 0.888585606853853 B3gN2py(1) 0.888585606853853 B3gN2py(2) 0.888585606853853
E1g 25 -37567.948274836999190 AgN2pz(1) 16.944800324682948 AgN2pz(2) 16.944800324682948 B2gN2px(1) 15.350961176879393 B2gN2px(2) 15.350961176879393 B3gN2py(1) 15.350961176879393 B3gN2py(2) 15.350961176879393 AgN2s(1) 2.273156536463492 AgN2s(2) 2.273156536463492
E1g 26 -37566.791390719998162 AgN2s(1) 49.925788719642057 AgN2s(2) 49.925788719642057
E1g 27 -37565.543442346002848 AgN2pz(1) 13.460172557599575 AgN2pz(2) 13.460172557599575 AgN2dzz(1) 6.200068536319316 AgN2dzz(2) 6.200068536319316 B2gN2dxz(1) 6.052171030312924 B2gN2dxz(2) 6.052171030312924 B3gN2dyz(1) 6.052171030312924 B3gN2dyz(2) 6.052171030312924 B2gN2px(1) 5.937345661952797 B2gN2px(2) 5.937345661952797 B3gN2py(1) 5.937345661952797 B3gN2py(2) 5.937345661952797 AgN2s(1) 3.260691395299593 AgN2s(2) 3.260691395299593 AgN2dxx(1) 1.550017063125025 AgN2dxx(2) 1.550017063125025 AgN2dyy(1) 1.550017063125025 AgN2dyy(2) 1.550017063125025
E1g 28 -37565.429163007000170 B2gN2dxz(1) 16.995534958957030 B2gN2dxz(2) 16.995534958957030 B3gN2dyz(1) 16.995534958957030 B3gN2dyz(2) 16.995534958957030 B2gN2px(1) 5.475804922968893 B2gN2px(2) 5.475804922968893 B3gN2py(1) 5.475804922968893 B3gN2py(2) 5.475804922968893 B1gN2dxy(1) 3.371546878288950 B1gN2dxy(2) 3.371546878288950 AgN2dxx(1) 0.842886678929599 AgN2dxx(2) 0.842886678929599 AgN2dyy(1) 0.842886678929599 AgN2dyy(2) 0.842886678929599
E1g 29 -37565.254227111996443 B1gN2dxy(1) 33.333333434392287 B1gN2dxy(2) 33.333333434392287 AgN2dxx(1) 8.333333282803855 AgN2dxx(2) 8.333333282803855 AgN2dyy(1) 8.333333282803855 AgN2dyy(2) 8.333333282803855
E1g 30 -37564.996222408997710 AgN2pz(1) 29.886303515196982 AgN2pz(2) 29.886303515196982 B2gN2px(1) 9.594804440053023 B2gN2px(2) 9.594804440053023 B3gN2py(1) 9.594804440053023 B3gN2py(2) 9.594804440053023 AgN2s(1) 0.417019665885201 AgN2s(2) 0.417019665885201 AgN2dzz(1) 0.171329180546751 AgN2dzz(2) 0.171329180546751 B2gN2dxz(1) 0.125037086957346 B2gN2dxz(2) 0.125037086957346 B3gN2dyz(1) 0.125037086957346 B3gN2dyz(2) 0.125037086957346
E1g 31 -37564.882513985001424 B2gN2px(1) 24.974542161222406 B2gN2px(2) 24.974542161222406 B3gN2py(1) 24.974542161222406 B3gN2py(2) 24.974542161222406
E1g 32 -37561.632083094002155 B2gN2px(1) 17.600967427375728 B2gN2px(2) 17.600967427375728 B3gN2py(1) 17.600967427375728 B3gN2py(2) 17.600967427375728 AgN2pz(1) 10.250640232102807 AgN2pz(2) 10.250640232102807 AgN2s(1) 4.528509884804276 AgN2s(2) 4.528509884804276
E1g 33 -37561.135476955001650 AgN2s(1) 48.125936752545300 AgN2s(2) 48.125936752545300 AgN2pz(1) 1.094136862943291 AgN2pz(2) 1.094136862943291 B2gN2px(1) 0.350388108795238 B2gN2px(2) 0.350388108795238 B3gN2py(1) 0.350388108795238 B3gN2py(2) 0.350388108795238
E1g 34 -37560.541623502002039 AgN2s(1) 20.502238971152313 AgN2s(2) 20.502238971152313 AgN2pz(1) 16.459671228573868 AgN2pz(2) 16.459671228573868 B2gN2dxz(1) 4.450977504283051 B2gN2dxz(2) 4.450977504283051 B3gN2dyz(1) 4.450977504283051 B3gN2dyz(2) 4.450977504283051 AgN2dzz(1) 1.725058287345132 AgN2dzz(2) 1.725058287345132 B2gN2px(1) 0.774273680345016 B2gN2px(2) 0.774273680345016 B3gN2py(1) 0.774273680345016 B3gN2py(2) 0.774273680345016 AgN2dxx(1) 0.431264571836283 AgN2dxx(2) 0.431264571836283 AgN2dyy(1) 0.431264571836283 AgN2dyy(2) 0.431264571836283
E1g 35 -37560.367565571003070 B2gN2px(1) 24.994468696127242 B2gN2px(2) 24.994468696127242 B3gN2py(1) 24.994468696127242 B3gN2py(2) 24.994468696127242
E1g 36 -37560.250210969999898 AgN2pz(1) 29.570624876126960 AgN2pz(2) 29.570624876126960 B2gN2px(1) 9.375136377474497 B2gN2px(2) 9.375136377474497 B3gN2py(1) 9.375136377474497 B3gN2py(2) 9.375136377474497 B2gN2dxz(1) 0.632024173566557 B2gN2dxz(2) 0.632024173566557 B3gN2dyz(1) 0.632024173566557 B3gN2dyz(2) 0.632024173566557 AgN2s(1) 0.382115991634807 AgN2s(2) 0.382115991634807
E1g 37 -37560.166713391001394 B2gN2dxz(1) 15.208917351752429 B2gN2dxz(2) 15.208917351752429 B3gN2dyz(1) 15.208917351752429 B3gN2dyz(2) 15.208917351752429 B2gN2px(1) 9.224784739726601 B2gN2px(2) 9.224784739726601 B3gN2py(1) 9.224784739726601 B3gN2py(2) 9.224784739726601 B1gN2dxy(1) 0.755063864404083 B1gN2dxy(2) 0.755063864404083 AgN2dxx(1) 0.188765976318929 AgN2dxx(2) 0.188765976318929 AgN2dyy(1) 0.188765976318929 AgN2dyy(2) 0.188765976318929
E1g 38 -37559.982878422997601 AgN2s(1) 23.613906925711252 AgN2s(2) 23.613906925711252 B2gN2dxz(1) 7.772569314794032 B2gN2dxz(2) 7.772569314794032 B3gN2dyz(1) 7.772569314794032 B3gN2dyz(2) 7.772569314794032 AgN2dzz(1) 3.827525899316947 AgN2dzz(2) 3.827525899316947 AgN2pz(1) 1.953004281907810 AgN2pz(2) 1.953004281907810 B2gN2px(1) 1.573330656908730 B2gN2px(2) 1.573330656908730 B3gN2py(1) 1.573330656908730 B3gN2py(2) 1.573330656908730 AgN2dxx(1) 0.956881474829237 AgN2dxx(2) 0.956881474829237 AgN2dyy(1) 0.956881474829237 AgN2dyy(2) 0.956881474829237
E1g 39 -37559.672932861998561 B1gN2dxy(1) 12.079381407552177 B1gN2dxy(2) 12.079381407552177 B2gN2px(1) 8.396833634550038 B2gN2px(2) 8.396833634550038 B3gN2py(1) 8.396833634550038 B3gN2py(2) 8.396833634550038 B2gN2dxz(1) 7.543630506771502 B2gN2dxz(2) 7.543630506771502 B3gN2dyz(1) 7.543630506771502 B3gN2dyz(2) 7.543630506771502 AgN2dxx(1) 3.019845154902369 AgN2dxx(2) 3.019845154902369 AgN2dyy(1) 3.019845154902369 AgN2dyy(2) 3.019845154902369
E1g 40 -37559.252599254003144 B1gN2dxy(1) 33.333333421032364 B1gN2dxy(2) 33.333333421032364 AgN2dxx(1) 8.333333289483818 AgN2dxx(2) 8.333333289483818 AgN2dyy(1) 8.333333289483818 AgN2dyy(2) 8.333333289483818
E1g 41 -37559.120749371002603 B2gN2px(1) 17.178848363614073 B2gN2px(2) 17.178848363614073 B3gN2py(1) 17.178848363614073 B3gN2py(2) 17.178848363614073 AgN2pz(1) 13.611352950765177 AgN2pz(2) 13.611352950765177 AgN2s(1) 2.019091364206255 AgN2s(2) 2.019091364206255
E1g 42 -37558.709945089001849 AgN2s(1) 42.903254997320964 AgN2s(2) 42.903254997320964 AgN2pz(1) 2.484544347770244 AgN2pz(2) 2.484544347770244 B2gN2px(1) 2.303162404302386 B2gN2px(2) 2.303162404302386 B3gN2py(1) 2.303162404302386 B3gN2py(2) 2.303162404302386
E1g 43 -37558.693777802996919 B2gN2px(1) 24.988223101914230 B2gN2px(2) 24.988223101914230 B3gN2py(1) 24.988223101914230 B3gN2py(2) 24.988223101914230
E1g 44 -37558.654008751997026 AgN2pz(1) 19.841280139705550 AgN2pz(2) 19.841280139705550 AgN2s(1) 13.501593622888858 AgN2s(2) 13.501593622888858 B2gN2px(1) 8.287849139493243 B2gN2px(2) 8.287849139493243 B3gN2py(1) 8.287849139493243 B3gN2py(2) 8.287849139493243
E1g 45 -37558.101900150999427 AgN2pz(1) 17.407247839652495 AgN2pz(2) 17.407247839652495 B2gN2px(1) 16.050997037870861 B2gN2px(2) 16.050997037870861 B3gN2py(1) 16.050997037870861 B3gN2py(2) 16.050997037870861 AgN2s(1) 0.427725646057860 AgN2s(2) 0.427725646057860
E1g 46 -37558.024972195998998 B2gN2px(1) 24.987788289915329 B2gN2px(2) 24.987788289915329 B3gN2py(1) 24.987788289915329 B3gN2py(2) 24.987788289915329
E1g 47 -37558.022785537999880 AgN2pz(1) 19.176793701517465 AgN2pz(2) 19.176793701517465 B2gN2px(1) 15.141173761774182 B2gN2px(2) 15.141173761774182 B3gN2py(1) 15.141173761774182 B3gN2py(2) 15.141173761774182 AgN2s(1) 0.535872823455710 AgN2s(2) 0.535872823455710
E1g 48 -37557.897872531997564 AgN2s(1) 47.979913279832935 AgN2s(2) 47.979913279832935 AgN2pz(1) 1.882591167366750 AgN2pz(2) 1.882591167366750
E1u 1 -138035.453329729993129 B1uN2s(1) 49.999750113095473 B1uN2s(2) 49.999750113095473
E1u 2 -70395.913433124995208 B1uN2s(1) 49.999308473077690 B1uN2s(2) 49.999308473077690
E1u 3 -49174.136295905998850 B1uN2s(1) 49.998600236607174 B1uN2s(2) 49.998600236607174
E1u 4 -41736.135742917998869 B1uN2s(1) 49.997457994573537 B1uN2s(2) 49.997457994573537
E1u 5 -39121.599677375001193 B1uN2s(1) 49.995536299213391 B1uN2s(2) 49.995536299213391
E1u 6 -38178.769913866999559 B1uN2pz(1) 16.523533446965292 B1uN2pz(2) 16.523533446965292 B3uN2px(1) 16.307938904988404 B3uN2px(2) 16.307938904988404 B2uN2py(1) 16.307938904988404 B2uN2py(2) 16.307938904988404 B1uN2s(1) 0.858103911081208 B1uN2s(2) 0.858103911081208
E1u 7 -38177.872828828003549 B1uN2s(1) 49.991480820114141 B1uN2s(2) 49.991480820114141
E1u 8 -38083.798683517998143 B1uN2pz(1) 33.423311348999285 B1uN2pz(2) 33.423311348999285 B3uN2px(1) 8.256567393978646 B3uN2px(2) 8.256567393978646 B2uN2py(1) 8.256567393978646 B2uN2py(2) 8.256567393978646
E1u 9 -38083.770273754002119 B3uN2px(1) 24.999994070275243 B3uN2px(2) 24.999994070275243 B2uN2py(1) 24.999994070275243 B2uN2py(2) 24.999994070275243
E1u 10 -37817.510152037997614 B1uN2s(1) 49.985064503309133 B1uN2s(2) 49.985064503309133
E1u 11 -37730.121757729000819 B1uN2pz(1) 16.996019361997199 B1uN2pz(2) 16.996019361997199 B3uN2px(1) 16.465903535192268 B3uN2px(2) 16.465903535192268 B2uN2py(1) 16.465903535192268 B2uN2py(2) 16.465903535192268
E1u 12 -37702.193688977997226 B1uN2pz(1) 33.521163845175863 B1uN2pz(2) 33.521163845175863 B3uN2px(1) 8.159036064448882 B3uN2px(2) 8.159036064448882 B2uN2py(1) 8.159036064448882 B2uN2py(2) 8.159036064448882 B1uN2s(1) 0.149792033387458 B1uN2s(2) 0.149792033387458
E1u 13 -37702.157551980999415 B3uN2px(1) 24.999983995857747 B3uN2px(2) 24.999983995857747 B2uN2py(1) 24.999983995857747 B2uN2py(2) 24.999983995857747
E1u 14 -37671.179752866999479 B1uN2s(1) 49.968980100806469 B1uN2s(2) 49.968980100806469
E1u 15 -37620.400198688999808 B1uN2pz(1) 17.335171346507359 B1uN2pz(2) 17.335171346507359 B3uN2px(1) 16.241090181836338 B3uN2px(2) 16.241090181836338 B2uN2py(1) 16.241090181836338 B2uN2py(2) 16.241090181836338 B1uN2s(1) 0.171880167359524 B1uN2s(2) 0.171880167359524
E1u 16 -37608.419492221000837 B1uN2s(1) 49.919891161921974 B1uN2s(2) 49.919891161921974
E1u 17 -37607.621383701996820 B1uN2pz(1) 33.373113013624966 B1uN2pz(2) 33.373113013624966 B3uN2px(1) 7.889959510582595 B3uN2px(2) 7.889959510582595 B2uN2py(1) 7.889959510582595 B2uN2py(2) 7.889959510582595 B1uN2s(1) 0.826042390701738 B1uN2s(2) 0.826042390701738
E1u 18 -37607.584483263002767 B3uN2px(1) 24.999952886492299 B3uN2px(2) 24.999952886492299 B2uN2py(1) 24.999952886492299 B2uN2py(2) 24.999952886492299
E1u 19 -37582.578321310000319 B1uN2pz(1) 17.822744894271278 B1uN2pz(2) 17.822744894271278 B3uN2px(1) 15.678455194589624 B3uN2px(2) 15.678455194589624 B2uN2py(1) 15.678455194589624 B2uN2py(2) 15.678455194589624 B1uN2s(1) 0.794332682340198 B1uN2s(2) 0.794332682340198
E1u 20 -37580.263360099997954 B1uN2s(1) 49.771283683107590 B1uN2s(2) 49.771283683107590 B1uN2pz(1) 0.212866211384414 B1uN2pz(2) 0.212866211384414
E1u 21 -37576.512145157001214 B1uN2pz(1) 34.151625561732580 B1uN2pz(2) 34.151625561732580 B3uN2px(1) 7.546776634765100 B3uN2px(2) 7.546776634765100 B2uN2py(1) 7.546776634765100 B2uN2py(2) 7.546776634765100 B1uN2s(1) 0.698330917527007 B1uN2s(2) 0.698330917527007
E1u 22 -37576.481770036996750 B3uN2px(1) 24.999717928950027 B3uN2px(2) 24.999717928950027 B2uN2py(1) 24.999717928950027 B2uN2py(2) 24.999717928950027
E1u 23 -37568.674790621997090 B1uN2s(1) 24.301693442775210 B1uN2s(2) 24.301693442775210 B1uN2pz(1) 15.909589537231556 B1uN2pz(2) 15.909589537231556 B1uN2dzz(1) 3.012534100245871 B1uN2dzz(2) 3.012534100245871 B3uN2dxz(1) 2.619054522753453 B3uN2dxz(2) 2.619054522753453 B2uN2dyz(1) 2.619054522753453 B2uN2dyz(2) 2.619054522753453 B1uN2dxx(1) 0.753133523390462 B1uN2dxx(2) 0.753133523390462 B1uN2dyy(1) 0.753133523390462 B1uN2dyy(2) 0.753133523390462
E1u 24 -37568.436558387998957 AuN2dxy(1) 24.845400532980282 AuN2dxy(2) 24.845400532980282 B3uN2dxz(1) 6.314718410371201 B3uN2dxz(2) 6.314718410371201 B2uN2dyz(1) 6.314718410371201 B2uN2dyz(2) 6.314718410371201 B1uN2dxx(1) 6.211350133245070 B1uN2dxx(2) 6.211350133245070 B1uN2dyy(1) 6.211350133245070 B1uN2dyy(2) 6.211350133245070
E1u 25 -37567.777601127003436 B1uN2pz(1) 19.519882575038441 B1uN2pz(2) 19.519882575038441 B3uN2px(1) 14.069183997943387 B3uN2px(2) 14.069183997943387 B2uN2py(1) 14.069183997943387 B2uN2py(2) 14.069183997943387 B1uN2s(1) 2.242795133037148 B1uN2s(2) 2.242795133037148
E1u 26 -37567.289552531001391 B1uN2s(1) 49.207549114103685 B1uN2s(2) 49.207549114103685 B1uN2pz(1) 0.733257525558750 B1uN2pz(2) 0.733257525558750
E1u 27 -37565.656999564998841 B1uN2s(1) 23.777685427894834 B1uN2s(2) 23.777685427894834 B1uN2pz(1) 15.768917008511140 B1uN2pz(2) 15.768917008511140 B1uN2dzz(1) 2.841491347533327 B1uN2dzz(2) 2.841491347533327 B3uN2dxz(1) 2.331411543848873 B3uN2dxz(2) 2.331411543848873 B2uN2dyz(1) 2.331411543848873 B2uN2dyz(2) 2.331411543848873 B3uN2px(1) 0.764168730120520 B3uN2px(2) 0.764168730120520 B2uN2py(1) 0.764168730120520 B2uN2py(2) 0.764168730120520 B1uN2dxx(1) 0.710372834060954 B1uN2dxx(2) 0.710372834060954 B1uN2dyy(1) 0.710372834060954 B1uN2dyy(2) 0.710372834060954
E1u 28 -37565.399293196998769 B3uN2dxz(1) 16.416493639891751 B3uN2dxz(2) 16.416493639891751 B2uN2dyz(1) 16.416493639891751 B2uN2dyz(2) 16.416493639891751 B3uN2px(1) 5.303806520055049 B3uN2px(2) 5.303806520055049 B2uN2py(1) 5.303806520055049 B2uN2py(2) 5.303806520055049 AuN2dxy(1) 4.372933052888137 AuN2dxy(2) 4.372933052888137 B1uN2dxx(1) 1.093233313609129 B1uN2dxx(2) 1.093233313609129 B1uN2dyy(1) 1.093233313609129 B1uN2dyy(2) 1.093233313609129
E1u 29 -37565.348391560997698 AuN2dxy(1) 33.333332990825845 AuN2dxy(2) 33.333332990825845 B1uN2dxx(1) 8.333333504587083 B1uN2dxx(2) 8.333333504587083 B1uN2dyy(1) 8.333333504587083 B1uN2dyy(2) 8.333333504587083
E1u 30 -37564.852150309998251 B1uN2pz(1) 32.244020288173999 B1uN2pz(2) 32.244020288173999 B1uN2s(1) 5.773941335756830 B1uN2s(2) 5.773941335756830 B3uN2px(1) 5.668899576633109 B3uN2px(2) 5.668899576633109 B2uN2py(1) 5.668899576633109 B2uN2py(2) 5.668899576633109 B1uN2dzz(1) 0.415603365473201 B1uN2dzz(2) 0.415603365473201 B1uN2dxx(1) 0.103900840304447 B1uN2dxx(2) 0.103900840304447 B1uN2dyy(1) 0.103900840304447 B1uN2dyy(2) 0.103900840304447
E1u 31 -37564.762375477999740 B3uN2px(1) 24.937344097998459 B3uN2px(2) 24.937344097998459 B2uN2py(1) 24.937344097998459 B2uN2py(2) 24.937344097998459
E1u 32 -37561.851760493002075 B1uN2s(1) 36.966352170093039 B1uN2s(2) 36.966352170093039 B1uN2pz(1) 8.576734391593066 B1uN2pz(2) 8.576734391593066 B3uN2px(1) 1.603944965678666 B3uN2px(2) 1.603944965678666 B2uN2py(1) 1.603944965678666 B2uN2py(2) 1.603944965678666 B1uN2dzz(1) 0.832216193128284 B1uN2dzz(2) 0.832216193128284 B1uN2dxx(1) 0.208054048282071 B1uN2dxx(2) 0.208054048282071 B1uN2dyy(1) 0.208054048282071 B1uN2dyy(2) 0.208054048282071
E1u 33 -37561.447766142002365 B1uN2s(1) 43.699558041891819 B1uN2s(2) 43.699558041891819 B1uN2pz(1) 4.725122254910270 B1uN2pz(2) 4.725122254910270 B3uN2px(1) 0.680225176992659 B3uN2px(2) 0.680225176992659 B2uN2py(1) 0.680225176992659 B2uN2py(2) 0.680225176992659 B1uN2dzz(1) 0.142945969844772 B1uN2dzz(2) 0.142945969844772
E1u 34 -37560.803804563998710 B1uN2s(1) 24.418807077016318 B1uN2s(2) 24.418807077016318 B1uN2pz(1) 14.364976605004804 B1uN2pz(2) 14.364976605004804 B3uN2px(1) 3.906862043314747 B3uN2px(2) 3.906862043314747 B2uN2py(1) 3.906862043314747 B2uN2py(2) 3.906862043314747 B1uN2dzz(1) 2.262500771705187 B1uN2dzz(2) 2.262500771705187 B1uN2dxx(1) 0.565625176630844 B1uN2dxx(2) 0.565625176630844 B1uN2dyy(1) 0.565625176630844 B1uN2dyy(2) 0.565625176630844
E1u 35 -37560.301897696001106 B1uN2pz(1) 25.060972109456298 B1uN2pz(2) 25.060972109456298 B1uN2s(1) 20.621997102811171 B1uN2s(2) 20.621997102811171 B1uN2dzz(1) 1.402542782232416 B1uN2dzz(2) 1.402542782232416 B3uN2px(1) 1.047181664323020 B3uN2px(2) 1.047181664323020 B2uN2py(1) 1.047181664323020 B2uN2py(2) 1.047181664323020 B1uN2dxx(1) 0.350635683348216 B1uN2dxx(2) 0.350635683348216 B1uN2dyy(1) 0.350635683348216 B1uN2dyy(2) 0.350635683348216
E1u 36 -37560.247954395999841 B3uN2px(1) 24.945943805119761 B3uN2px(2) 24.945943805119761 B2uN2py(1) 24.945943805119761 B2uN2py(2) 24.945943805119761
E1u 37 -37560.066439750997233 AuN2dxy(1) 20.552848122598736 AuN2dxy(2) 20.552848122598736 B3uN2px(1) 7.199207793934168 B3uN2px(2) 7.199207793934168 B2uN2py(1) 7.199207793934168 B2uN2py(2) 7.199207793934168 B1uN2dxx(1) 5.138212221910194 B1uN2dxx(2) 5.138212221910194 B1uN2dyy(1) 5.138212221910194 B1uN2dyy(2) 5.138212221910194 B3uN2dxz(1) 2.386155922856270 B3uN2dxz(2) 2.386155922856270 B2uN2dyz(1) 2.386155922856270 B2uN2dyz(2) 2.386155922856270
E1u 38 -37559.794240574003197 B1uN2pz(1) 27.323618059456756 B1uN2pz(2) 27.323618059456756 B1uN2s(1) 17.570168619745019 B1uN2s(2) 17.570168619745019 B3uN2dxz(1) 1.335975210357172 B3uN2dxz(2) 1.335975210357172 B2uN2dyz(1) 1.335975210357172 B2uN2dyz(2) 1.335975210357172 B1uN2dzz(1) 1.041222638031182 B1uN2dzz(2) 1.041222638031182 B3uN2px(1) 0.436214471905329 B3uN2px(2) 0.436214471905329 B2uN2py(1) 0.436214471905329 B2uN2py(2) 0.436214471905329 B1uN2dxx(1) 0.260305659121018 B1uN2dxx(2) 0.260305659121018 B1uN2dyy(1) 0.260305659121018 B1uN2dyy(2) 0.260305659121018
E1u 39 -37559.529035002997261 AuN2dxy(1) 33.333333893808160 AuN2dxy(2) 33.333333893808160 B1uN2dxx(1) 8.333333053095922 B1uN2dxx(2) 8.333333053095922 B1uN2dyy(1) 8.333333053095922 B1uN2dyy(2) 8.333333053095922
E1u 40 -37559.424329909998050 B3uN2dxz(1) 17.180398595940950 B3uN2dxz(2) 17.180398595940950 B2uN2dyz(1) 17.180398595940950 B2uN2dyz(2) 17.180398595940950 AuN2dxy(1) 5.598159293181373 AuN2dxy(2) 5.598159293181373 B3uN2px(1) 3.620981741054611 B3uN2px(2) 3.620981741054611 B2uN2py(1) 3.620981741054611 B2uN2py(2) 3.620981741054611 B1uN2dxx(1) 1.399540016413754 B1uN2dxx(2) 1.399540016413754 B1uN2dyy(1) 1.399540016413754 B1uN2dyy(2) 1.399540016413754
E1u 41 -37559.147008373001881 B1uN2s(1) 44.842500565787446 B1uN2s(2) 44.842500565787446 B1uN2pz(1) 5.070276331010362 B1uN2pz(2) 5.070276331010362
E1u 42 -37558.957493212998088 B1uN2pz(1) 20.025997045388944 B1uN2pz(2) 20.025997045388944 B1uN2s(1) 10.981487029961617 B1uN2s(2) 10.981487029961617 B3uN2px(1) 9.380146252792827 B3uN2px(2) 9.380146252792827 B2uN2py(1) 9.380146252792827 B2uN2py(2) 9.380146252792827 B1uN2dzz(1) 0.124492594354298 B1uN2dzz(2) 0.124492594354298
E1u 43 -37558.662398943997687 B1uN2s(1) 33.699975331293821 B1uN2s(2) 33.699975331293821 B1uN2pz(1) 15.275477354784197 B1uN2pz(2) 15.275477354784197 B3uN2px(1) 0.444295915828466 B3uN2px(2) 0.444295915828466 B2uN2py(1) 0.444295915828466 B2uN2py(2) 0.444295915828466
E1u 44 -37558.523786807003489 B3uN2px(1) 24.975880194211737 B3uN2px(2) 24.975880194211737 B2uN2py(1) 24.975880194211737 B2uN2py(2) 24.975880194211737
E1u 45 -37558.262739953002892 B1uN2s(1) 43.656572385754764 B1uN2s(2) 43.656572385754764 B1uN2pz(1) 5.975392932948540 B1uN2pz(2) 5.975392932948540 B3uN2px(1) 0.176017863144233 B3uN2px(2) 0.176017863144233 B2uN2py(1) 0.176017863144233 B2uN2py(2) 0.176017863144233
E1u 46 -37558.045180348002759 B1uN2s(1) 19.188523167091041 B1uN2s(2) 19.188523167091041 B1uN2pz(1) 12.009337778777372 B1uN2pz(2) 12.009337778777372 B3uN2px(1) 9.396224545446980 B3uN2px(2) 9.396224545446980 B2uN2py(1) 9.396224545446980 B2uN2py(2) 9.396224545446980
E1u 47 -37557.932015678998141 B3uN2px(1) 24.993423805615027 B3uN2px(2) 24.993423805615027 B2uN2py(1) 24.993423805615027 B2uN2py(2) 24.993423805615027
E1u 48 -37557.900907472001563 B1uN2pz(1) 28.778609138786614 B1uN2pz(2) 28.778609138786614 B1uN2s(1) 19.555636456667397 B1uN2s(2) 19.555636456667397 B3uN2px(1) 0.830177884049944 B3uN2px(2) 0.830177884049944 B2uN2py(1) 0.830177884049944 B2uN2py(2) 0.830177884049944
