NO_HEADERINFO: This output cannot be used for the dcaspt2_input_generator program.
NO_HEADERINFO: This output cannot be used for the dcaspt2_input_generator program.
E1 1 -20.589675813284000 A1Os 99.999444967298572
E1 2 -1.282492714849100 A1Os 95.764754672351700 A1Hs(1) 1.801539043092314 A1Hs(2) 1.801539043092314 A1Opz 0.371438660382249 A1Hpy(1) 0.104601231510461 A1Hpy(2) 0.104601231510461
E1 3 -0.664775414595200 B2Opy 58.112139648281932 B2Hs(1) 20.434660873261485 B2Hs(2) 20.434660873261485 B2Odyz 0.240508211246062 B2Hpy(1) 0.226329116588767 B2Hpy(2) 0.226329116588767 B2Hpz(1) 0.161662054190144 B2Hpz(2) 0.161662054190144
E1 4 -0.527354370697600 A1Opz 70.286649909363788 A1Os 17.795964574811677 A1Hs(1) 5.725756053149344 A1Hs(2) 5.725756053149344 A1Hpy(1) 0.162032851720124 A1Hpy(2) 0.162032851720124
E1 5 -0.491267550364700 B1Opx 99.416657637146827 B1Hpx(1) 0.256691284808614 B1Hpx(2) 0.256691284808614
E1 6 0.106881774923400 A1Os 33.946336328296809 A1Hs(1) 31.515318774737640 A1Hs(2) 31.515318774737640 A1Opz 2.993979136895924
E1 7 0.161863167791600 B2Hs(1) 46.053491501482775 B2Hs(2) 46.053491501482775 B2Opy 7.869723507411619
E1 8 0.402385981403700 A1Hs(1) 43.551793695717642 A1Hs(2) 43.551793695717642 A1Os 6.808819995445664 A1Opz 6.051428192182744
E1 9 0.446181148389500 B2Hs(1) 41.341770970355228 B2Hs(2) 41.341770970355228 B2Opy 17.261579175293441
E1 10 0.580467182913200 B1Opx 98.853150626647405 A1Opz 0.982765510970767
E1 11 0.582979138791800 A1Opz 85.818698877688064 A1Os 7.994843139862196 A1Hs(1) 2.415129574843099 A1Hs(2) 2.415129574843099 B1Opx 0.687835175162766 A1Hpy(1) 0.291175936771928 A1Hpy(2) 0.291175936771928
E1 12 0.700654164478700 B2Opy 68.278069638792786 B2Hs(1) 15.616637382507607 B2Hs(2) 15.616637382507607 B2Hpy(1) 0.206297687193170 B2Hpy(2) 0.206297687193170
E1 13 0.998681795789400 A1Os 91.964437041499309 A1Hs(1) 2.254045125372904 A1Hs(2) 2.254045125372904 A1Hpz(1) 1.635658109081991 A1Hpz(2) 1.635658109081991 A1Opz 0.246825516207756
E1 14 1.014846175445000 A2Hpx(1) 49.795626191469012 A2Hpx(2) 49.795626191469012 A2Odxy 0.408728803903541
E1 15 1.193462075890700 A1Os 64.340073756638617 A1Hs(1) 10.741946249551372 A1Hs(2) 10.741946249551372 A1Opz 7.925257908352683 A1Hpz(1) 2.015958277304379 A1Hpz(2) 2.015958277304379 A1Hpy(1) 1.101310033223679 A1Hpy(2) 1.101310033223679
E1 16 1.237252498855900 B1Hpx(1) 38.930257283151178 B1Hpx(2) 38.930257283151178 B1Opx 21.885582976373559 B1Odxz 0.253873115032775
E1 17 1.259942302276300 B2Opy 33.169251566147565 B2Hs(1) 19.220321063086367 B2Hs(2) 19.220321063086367 B2Hpz(1) 7.728049449308664 B2Hpz(2) 7.728049449308664 B2Hpy(1) 6.461286794043404 B2Hpy(2) 6.461286794043404
E1 18 1.443474739766200 A1Hs(1) 49.341756203342349 A1Hs(2) 49.341756203342349 A1Os 0.560671095233323 A1Opz 0.365485728241167 A1Hpy(1) 0.143012472294820 A1Hpy(2) 0.143012472294820
E1 19 1.488463208686300 B2Hs(1) 47.678906382207131 B2Hs(2) 47.678906382207131 B2Opy 1.563838063115093 B2Hpz(1) 1.232171544978444 B2Hpz(2) 1.232171544978444 B2Hpy(1) 0.281755619902724 B2Hpy(2) 0.281755619902724
E1 20 1.775738022112400 A1Os 35.750766944007829 A1Hs(1) 21.003513194365357 A1Hs(2) 21.003513194365357 A1Hpy(1) 7.477375132450470 A1Hpy(2) 7.477375132450470 A1Opz 5.306675024068194 A1Hpz(1) 0.986291257013469 A1Hpz(2) 0.986291257013469
