electron_num 18 E1 3..18 
E1 closed 18 open 0 virtual 18 point_group C1 moltra_scheme default 

E1 1 -26.413780143149001 AFs(2) 49.999643281086534 AFs(1) 49.999642328620197
E1 2 -26.412828734796001 AFs(1) 49.997829138471431 AFs(2) 49.997828186211457
E1 3 -2.217499570953400 AFs(1) 41.107606376209375 AFs(2) 41.107606376209375 AFpz(1) 8.892378391528187 AFpz(2) 8.892378391528187
E1 4 -1.338829915486300 AFs(1) 48.300764240417152 AFs(2) 48.300764240417152 AFpz(1) 1.699210078587006 AFpz(2) 1.699210078587006
E1 5 -0.989741830142700 AFpx(1) 24.999851537491260 AFpx(2) 24.999851537491260 AFpy(1) 24.999851496463979 AFpy(2) 24.999851496463979
E1 6 -0.988173208902600 AFpy(1) 25.000000022619144 AFpy(2) 25.000000022159206 AFpx(1) 24.999999982363871 AFpx(2) 24.999999972857776
E1 7 -0.903217101385200 AFpz(1) 36.457722209562810 AFpz(2) 36.457722209562810 AFs(1) 13.541480077532340 AFs(2) 13.541480077532340
E1 8 -0.540141490624600 AFpy(1) 24.999721536906549 AFpy(2) 24.999721533645410 AFpx(1) 24.999721219879582 AFpx(2) 24.999721219601685
E1 9 -0.538179788006100 AFpx(1) 25.000000160589199 AFpx(2) 25.000000158791213 AFpy(2) 24.999999844144210 AFpy(1) 24.999999836475379
E1 10 0.651317483583770
E1 11 1.381921192710440
E1 12 1.383937185090090
E1 13 1.471652168049180
E1 14 1.479086888192330
E1 15 1.534175666882820
E1 16 1.535915084666420
E1 17 1.585893704718420
E1 18 2.272243974606740
