electron_num 14 E1g 1..43 E1u 1..43 
E1g closed 6 open 0 virtual 90 E1u closed 8 open 0 virtual 88 point_group D2h

E1g 1 -15.799667751927000 AgN2s(1) 49.999766514632199 AgN2s(2) 49.999766514632199
E1g 2 -1.238928171370900 AgN2s(1) 48.014799291539511 AgN2s(2) 48.014799291539511 AgN2pz(1) 1.947578079443215 AgN2pz(2) 1.947578079443215
E1g 3 -0.583283922854300 AgN2pz(1) 38.791908741297441 AgN2pz(2) 38.791908741297441 AgN2s(1) 11.127849168188863 AgN2s(2) 11.127849168188863
E1g 4 -0.001393782450000 B2gN2px(1) 24.983295414902528 B2gN2px(2) 24.983295414902528 B3gN2py(1) 24.983295414902528 B3gN2py(2) 24.983295414902528
E1g 5 -0.000982636194000 B2gN2px(1) 24.983888944630277 B2gN2px(2) 24.983888944630277 B3gN2py(1) 24.983888944630277 B3gN2py(2) 24.983888944630277
E1g 6 0.291681234114000 AgN2pz(1) 34.247833857323897 AgN2pz(2) 34.247833857323897 AgN2s(1) 15.749945048887723 AgN2s(2) 15.749945048887723
E1g 7 0.338773371853300 B2gN2px(1) 24.999106155655525 B2gN2px(2) 24.999106155655525 B3gN2py(1) 24.999106155655525 B3gN2py(2) 24.999106155655525
E1g 8 0.338895358972600 B2gN2px(1) 24.999387489575227 B2gN2px(2) 24.999387489575227 B3gN2py(1) 24.999387489575227 B3gN2py(2) 24.999387489575227
E1g 9 0.363922595706500 AgN2s(1) 47.851659711973163 AgN2s(2) 47.851659711973163 AgN2pz(1) 2.146901072494297 AgN2pz(2) 2.146901072494297
E1g 10 1.062744668603800 B1gN2dxy(1) 33.333249749468436 B1gN2dxy(2) 33.333249749468436 AgN2dxx(1) 8.333312433824149 AgN2dxx(2) 8.333312433824149 AgN2dyy(1) 8.333312433824149 AgN2dyy(2) 8.333312433824149
E1g 11 1.062747693067600 B1gN2dxy(1) 33.333333338057216 B1gN2dxy(2) 33.333333338057216 AgN2dxx(1) 8.333333330971392 AgN2dxx(2) 8.333333330971392 AgN2dyy(1) 8.333333330971392 AgN2dyy(2) 8.333333330971392
E1g 12 1.127603480508700 AgN2pz(1) 49.323418939354333 AgN2pz(2) 49.323418939354333 AgN2s(1) 0.286120961951280 AgN2s(2) 0.286120961951280 AgN2dzz(1) 0.259286557286514 AgN2dzz(2) 0.259286557286514
E1g 13 1.208781598991000 B2gN2px(1) 24.969981893431655 B2gN2px(2) 24.969981893431655 B3gN2py(1) 24.969981893431655 B3gN2py(2) 24.969981893431655
E1g 14 1.209118435052000 B2gN2px(1) 24.970316567501900 B2gN2px(2) 24.970316567501900 B3gN2py(1) 24.970316567501900 B3gN2py(2) 24.970316567501900
E1g 15 1.700084708391800 AgN2s(1) 34.373800691663710 AgN2s(2) 34.373800691663710 AgN2pz(1) 13.357277164555475 AgN2pz(2) 13.357277164555475 AgN2dzz(1) 1.512575972839585 AgN2dzz(2) 1.512575972839585 AgN2dxx(1) 0.378143993209896 AgN2dxx(2) 0.378143993209896 AgN2dyy(1) 0.378143993209896 AgN2dyy(2) 0.378143993209896
E1g 16 1.797601536802300 B2gN2dxz(1) 13.327686968001052 B2gN2dxz(2) 13.327686968001052 B3gN2dyz(1) 13.327686968001052 B3gN2dyz(2) 13.327686968001052 B2gN2px(1) 11.671948254035531 B2gN2px(2) 11.671948254035531 B3gN2py(1) 11.671948254035531 B3gN2py(2) 11.671948254035531
E1g 17 1.797619198033400 B2gN2dxz(1) 13.326105232676566 B2gN2dxz(2) 13.326105232676566 B3gN2dyz(1) 13.326105232676566 B3gN2dyz(2) 13.326105232676566 B2gN2px(1) 11.673894497108600 B2gN2px(2) 11.673894497108600 B3gN2py(1) 11.673894497108600 B3gN2py(2) 11.673894497108600
E1g 18 2.075914172978000 AgN2s(1) 49.107721532605808 AgN2s(2) 49.107721532605808 AgN2pz(1) 0.847746628811095 AgN2pz(2) 0.847746628811095
E1g 19 3.452829760833100 AgN2pz(1) 48.665906862950528 AgN2pz(2) 48.665906862950528 AgN2s(1) 1.015528220026159 AgN2s(2) 1.015528220026159 AgN2dzz(1) 0.209984426607941 AgN2dzz(2) 0.209984426607941
E1g 20 3.573025025831900 B2gN2px(1) 24.988919883137452 B2gN2px(2) 24.988919883137452 B3gN2py(1) 24.988919883137452 B3gN2py(2) 24.988919883137452
E1g 21 3.574009578549200 B2gN2px(1) 24.990130753991004 B2gN2px(2) 24.990130753991004 B3gN2py(1) 24.990130753991004 B3gN2py(2) 24.990130753991004
E1g 22 4.515179551611400 B1gN2dxy(1) 33.332973668365639 B1gN2dxy(2) 33.332973668365639 AgN2dxx(1) 8.333243417091410 AgN2dxx(2) 8.333243417091410 AgN2dyy(1) 8.333243417091410 AgN2dyy(2) 8.333243417091410
E1g 23 4.515601398429600 B1gN2dxy(1) 33.333333333333329 B1gN2dxy(2) 33.333333333333329 AgN2dxx(1) 8.333333333333332 AgN2dxx(2) 8.333333333333332 AgN2dyy(1) 8.333333333333332 AgN2dyy(2) 8.333333333333332
E1g 24 4.722522382498500 B2gN2dxz(1) 21.670029735879663 B2gN2dxz(2) 21.670029735879663 B3gN2dyz(1) 21.670029735879663 B3gN2dyz(2) 21.670029735879663 B2gN2px(1) 3.329357856196238 B2gN2px(2) 3.329357856196238 B3gN2py(1) 3.329357856196238 B3gN2py(2) 3.329357856196238
E1g 25 4.722743077413900 B2gN2dxz(1) 21.668012544338431 B2gN2dxz(2) 21.668012544338431 B3gN2dyz(1) 21.668012544338431 B3gN2dyz(2) 21.668012544338431 B2gN2px(1) 3.331943674503674 B2gN2px(2) 3.331943674503674 B3gN2py(1) 3.331943674503674 B3gN2py(2) 3.331943674503674
E1g 26 4.800064031960300 AgN2dzz(1) 22.801096248644384 AgN2dzz(2) 22.801096248644384 AgN2s(1) 11.083488971953393 AgN2s(2) 11.083488971953393 AgN2dxx(1) 5.700274064588803 AgN2dxx(2) 5.700274064588803 AgN2dyy(1) 5.700274064588803 AgN2dyy(2) 5.700274064588803 AgN2pz(1) 4.712063441758615 AgN2pz(2) 4.712063441758615
E1g 27 7.227597161992400 AgN2s(1) 49.993009438753447 AgN2s(2) 49.993009438753447
E1g 28 9.942205412595801 B2gN2px(1) 24.996039869938279 B2gN2px(2) 24.996039869938279 B3gN2py(1) 24.996039869938279 B3gN2py(2) 24.996039869938279
E1g 29 9.945314383331700 B2gN2px(1) 24.997303255720919 B2gN2px(2) 24.997303255720919 B3gN2py(1) 24.997303255720919 B3gN2py(2) 24.997303255720919
E1g 30 10.266883800863001 AgN2pz(1) 48.839691954790617 AgN2pz(2) 48.839691954790617 AgN2s(1) 1.146915407989891 AgN2s(2) 1.146915407989891
E1g 31 22.407469396934001 AgN2s(1) 49.997310032676360 AgN2s(2) 49.997310032676360
E1g 32 29.264994924075999 B2gN2px(1) 24.962785359781723 B2gN2px(2) 24.962785359781723 B3gN2py(1) 24.962785359781723 B3gN2py(2) 24.962785359781723
E1g 33 29.278190099243002 B2gN2px(1) 24.999609108075319 B2gN2px(2) 24.999609108075319 B3gN2py(1) 24.999609108075319 B3gN2py(2) 24.999609108075319
E1g 34 29.509550967519999 AgN2pz(1) 49.708286888460790 AgN2pz(2) 49.708286888460790 AgN2s(1) 0.222943675561314 AgN2s(2) 0.222943675561314
E1g 35 63.098447173064002 AgN2s(1) 49.999454331722184 AgN2s(2) 49.999454331722184
E1g 36 96.026611302350005 B2gN2px(1) 23.854201240663233 B2gN2px(2) 23.854201240663233 B3gN2py(1) 23.854201240663233 B3gN2py(2) 23.854201240663233 AgN2pz(1) 2.286955433990123 AgN2pz(2) 2.286955433990123
E1g 37 96.104750433600003 B2gN2px(1) 24.999865765266669 B2gN2px(2) 24.999865765266669 B3gN2py(1) 24.999865765266669 B3gN2py(2) 24.999865765266669
E1g 38 96.258867623260002 AgN2pz(1) 47.736677228249789 AgN2pz(2) 47.736677228249789 B2gN2px(1) 1.085978791098150 B2gN2px(2) 1.085978791098150 B3gN2py(1) 1.085978791098150 B3gN2py(2) 1.085978791098150
E1g 39 170.483705462339998 AgN2s(1) 49.999788277365568 AgN2s(2) 49.999788277365568
E1g 40 394.550206880860003 B2gN2px(1) 17.736942107800331 B2gN2px(2) 17.736942107800331 B3gN2py(1) 17.736942107800331 B3gN2py(2) 17.736942107800331 AgN2pz(1) 14.515181211363529 AgN2pz(2) 14.515181211363529
E1g 41 395.614687084520028 B2gN2px(1) 24.999948675204745 B2gN2px(2) 24.999948675204745 B3gN2py(1) 24.999948675204745 B3gN2py(2) 24.999948675204745
E1g 42 395.696371332189983 AgN2pz(1) 35.677029879846280 AgN2pz(2) 35.677029879846280 B2gN2px(1) 7.148145800258826 B2gN2px(2) 7.148145800258826 B3gN2py(1) 7.148145800258826 B3gN2py(2) 7.148145800258826
E1g 43 459.961432331490016 AgN2s(1) 49.999898714061580 AgN2s(2) 49.999898714061580
E1g 44 1270.142590350500086 AgN2s(1) 49.999948693835620 AgN2s(2) 49.999948693835620
E1g 45 3619.351974589600104 AgN2s(1) 49.999971679992974 AgN2s(2) 49.999971679992974
E1g 46 10481.185202785000001 AgN2s(1) 49.999984616223081 AgN2s(2) 49.999984616223081
E1g 47 30246.269563988000300 AgN2s(1) 49.999992415830775 AgN2s(2) 49.999992415830775
E1g 48 92956.495426192996092 AgN2s(1) 49.999997226285963 AgN2s(2) 49.999997226285963
E1u 1 -15.798895910548000 B1uN2s(1) 49.999806294754606 B1uN2s(2) 49.999806294754606
E1u 2 -0.895238652374600 B1uN2s(1) 47.888984876975002 B1uN2s(2) 47.888984876975002 B1uN2pz(1) 2.108492954595478 B1uN2pz(2) 2.108492954595478
E1u 3 -0.490494943518000 B3uN2px(1) 24.783790468242017 B3uN2px(2) 24.783790468242017 B2uN2py(1) 24.783790468242017 B2uN2py(2) 24.783790468242017 B3uN2dxz(1) 0.215356016176192 B3uN2dxz(2) 0.215356016176192 B2uN2dyz(1) 0.215356016176192 B2uN2dyz(2) 0.215356016176192
E1u 4 -0.490094740153200 B3uN2px(1) 24.784451228161082 B3uN2px(2) 24.784451228161082 B2uN2py(1) 24.784451228161082 B2uN2py(2) 24.784451228161082 B3uN2dxz(1) 0.215548766472326 B3uN2dxz(2) 0.215548766472326 B2uN2dyz(1) 0.215548766472326 B2uN2dyz(2) 0.215548766472326
E1u 5 0.176829107931900 B1uN2s(1) 30.182354497553408 B1uN2s(2) 30.182354497553408 B1uN2pz(1) 19.814213550674651 B1uN2pz(2) 19.814213550674651
E1u 6 0.266454384118700 B3uN2px(1) 24.993919417346785 B3uN2px(2) 24.993919417346785 B2uN2py(1) 24.993919417346785 B2uN2py(2) 24.993919417346785
E1u 7 0.266546321441100 B3uN2px(1) 24.995781145936427 B3uN2px(2) 24.995781145936427 B2uN2py(1) 24.995781145936427 B2uN2py(2) 24.995781145936427
E1u 8 0.363229798459500 B1uN2pz(1) 41.360834302888499 B1uN2pz(2) 41.360834302888499 B1uN2s(1) 8.627574861258990 B1uN2s(2) 8.627574861258990
E1u 9 0.673305510397300 B1uN2s(1) 45.641629697288295 B1uN2s(2) 45.641629697288295 B1uN2pz(1) 4.339076128486719 B1uN2pz(2) 4.339076128486719
E1u 10 1.109665924929200 B3uN2dxz(1) 19.179607075253706 B3uN2dxz(2) 19.179607075253706 B2uN2dyz(1) 19.179607075253706 B2uN2dyz(2) 19.179607075253706 B3uN2px(1) 4.986989245168065 B3uN2px(2) 4.986989245168065 B2uN2py(1) 4.986989245168065 B2uN2py(2) 4.986989245168065 B1uN2pz(1) 1.377965548755478 B1uN2pz(2) 1.377965548755478 B1uN2s(1) 0.282684528240930 B1uN2s(2) 0.282684528240930
E1u 11 1.109738024786600 B3uN2dxz(1) 20.078919097405940 B3uN2dxz(2) 20.078919097405940 B2uN2dyz(1) 20.078919097405940 B2uN2dyz(2) 20.078919097405940 B3uN2px(1) 4.921063285728434 B3uN2px(2) 4.921063285728434 B2uN2py(1) 4.921063285728434 B2uN2py(2) 4.921063285728434
E1u 12 1.114699634438900 B1uN2pz(1) 41.449864560974859 B1uN2pz(2) 41.449864560974859 B1uN2s(1) 8.364684606901166 B1uN2s(2) 8.364684606901166 B1uN2dzz(1) 0.120542842358865 B1uN2dzz(2) 0.120542842358865
E1u 13 1.141872039913000 B3uN2px(1) 24.760123437448328 B3uN2px(2) 24.760123437448328 B2uN2py(1) 24.760123437448328 B2uN2py(2) 24.760123437448328 B3uN2dxz(1) 0.212773982712083 B3uN2dxz(2) 0.212773982712083 B2uN2dyz(1) 0.212773982712083 B2uN2dyz(2) 0.212773982712083
E1u 14 1.142203917831600 B3uN2px(1) 24.792652844564159 B3uN2px(2) 24.792652844564159 B2uN2py(1) 24.792652844564159 B2uN2py(2) 24.792652844564159 B3uN2dxz(1) 0.207346973552625 B3uN2dxz(2) 0.207346973552625 B2uN2dyz(1) 0.207346973552625 B2uN2dyz(2) 0.207346973552625
E1u 15 1.349298080047200 AuN2dxy(1) 33.333301774831355 AuN2dxy(2) 33.333301774831355 B1uN2dxx(1) 8.333325446728793 B1uN2dxx(2) 8.333325446728793 B1uN2dyy(1) 8.333325446728793 B1uN2dyy(2) 8.333325446728793
E1u 16 1.349321133246100 AuN2dxy(1) 33.333333329231330 AuN2dxy(2) 33.333333329231330 B1uN2dxx(1) 8.333333335384332 B1uN2dxx(2) 8.333333335384332 B1uN2dyy(1) 8.333333335384332 B1uN2dyy(2) 8.333333335384332
E1u 17 1.966210732792100 B1uN2s(1) 35.018621317669528 B1uN2s(2) 35.018621317669528 B1uN2pz(1) 13.147620721702971 B1uN2pz(2) 13.147620721702971 B1uN2dzz(1) 1.222504964354078 B1uN2dzz(2) 1.222504964354078 B1uN2dxx(1) 0.305626241088520 B1uN2dxx(2) 0.305626241088520 B1uN2dyy(1) 0.305626241088520 B1uN2dyy(2) 0.305626241088520
E1u 18 2.694482948959300 B1uN2s(1) 40.777289214402821 B1uN2s(2) 40.777289214402821 B1uN2pz(1) 8.430044603783209 B1uN2pz(2) 8.430044603783209 B1uN2dzz(1) 0.528443253561236 B1uN2dzz(2) 0.528443253561236 B1uN2dxx(1) 0.132110813390309 B1uN2dxx(2) 0.132110813390309 B1uN2dyy(1) 0.132110813390309 B1uN2dyy(2) 0.132110813390309
E1u 19 3.412763198066300 B3uN2px(1) 24.993339586032167 B3uN2px(2) 24.993339586032167 B2uN2py(1) 24.993339586032167 B2uN2py(2) 24.993339586032167
E1u 20 3.413759775386500 B3uN2px(1) 24.993627175749520 B3uN2px(2) 24.993627175749520 B2uN2py(1) 24.993627175749520 B2uN2py(2) 24.993627175749520
E1u 21 3.846607990479300 B1uN2pz(1) 25.129143672666622 B1uN2pz(2) 25.129143672666622 B1uN2s(1) 22.778832567569761 B1uN2s(2) 22.778832567569761 B1uN2dzz(1) 1.394642915954911 B1uN2dzz(2) 1.394642915954911 B1uN2dxx(1) 0.348660728988728 B1uN2dxx(2) 0.348660728988728 B1uN2dyy(1) 0.348660728988728 B1uN2dyy(2) 0.348660728988728
E1u 22 4.607750873143000 AuN2dxy(1) 33.330800809783923 AuN2dxy(2) 33.330800809783923 B1uN2dxx(1) 8.332700202445981 B1uN2dxx(2) 8.332700202445981 B1uN2dyy(1) 8.332700202445981 B1uN2dyy(2) 8.332700202445981
E1u 23 4.608173862047800 AuN2dxy(1) 33.333333336106392 AuN2dxy(2) 33.333333336106392 B1uN2dxx(1) 8.333333331946806 B1uN2dxx(2) 8.333333331946806 B1uN2dyy(1) 8.333333331946806 B1uN2dyy(2) 8.333333331946806
E1u 24 4.663030455569000 B3uN2dxz(1) 24.605848661439275 B3uN2dxz(2) 24.605848661439275 B2uN2dyz(1) 24.605848661439275 B2uN2dyz(2) 24.605848661439275 B3uN2px(1) 0.393802294084286 B3uN2px(2) 0.393802294084286 B2uN2py(1) 0.393802294084286 B2uN2py(2) 0.393802294084286
E1u 25 4.663244779386700 B3uN2dxz(1) 24.604574696668919 B3uN2dxz(2) 24.604574696668919 B2uN2dyz(1) 24.604574696668919 B2uN2dyz(2) 24.604574696668919 B3uN2px(1) 0.394273824257517 B3uN2px(2) 0.394273824257517 B2uN2py(1) 0.394273824257517 B2uN2py(2) 0.394273824257517
E1u 26 5.076477826845500 B1uN2s(1) 23.712249032000912 B1uN2s(2) 23.712249032000912 B1uN2pz(1) 21.526628580158523 B1uN2pz(2) 21.526628580158523 B1uN2dzz(1) 3.174075145674508 B1uN2dzz(2) 3.174075145674508 B1uN2dxx(1) 0.793518786581327 B1uN2dxx(2) 0.793518786581327 B1uN2dyy(1) 0.793518786581327 B1uN2dyy(2) 0.793518786581327
E1u 27 7.813122444441900 B1uN2s(1) 49.159539812169129 B1uN2s(2) 49.159539812169129 B1uN2pz(1) 0.778887276851304 B1uN2pz(2) 0.778887276851304
E1u 28 9.861003239489399 B3uN2px(1) 24.937913680092802 B3uN2px(2) 24.937913680092802 B2uN2py(1) 24.937913680092802 B2uN2py(2) 24.937913680092802 B1uN2pz(1) 0.119796275928206 B1uN2pz(2) 0.119796275928206
E1u 29 9.864209230657799 B3uN2px(1) 24.999467536439855 B3uN2px(2) 24.999467536439855 B2uN2py(1) 24.999467536439855 B2uN2py(2) 24.999467536439855
E1u 30 9.913421344486000 B1uN2pz(1) 48.585388978797489 B1uN2pz(2) 48.585388978797489 B1uN2s(1) 1.223183801134505 B1uN2s(2) 1.223183801134505
E1u 31 22.996147947284001 B1uN2s(1) 49.837595365684180 B1uN2s(2) 49.837595365684180 B1uN2pz(1) 0.152888312896697 B1uN2pz(2) 0.152888312896697
E1u 32 29.203815930990000 B3uN2px(1) 24.711088782929902 B3uN2px(2) 24.711088782929902 B2uN2py(1) 24.711088782929902 B2uN2py(2) 24.711088782929902 B1uN2pz(1) 0.568821807577577 B1uN2pz(2) 0.568821807577577
E1u 33 29.217607084152000 B3uN2px(1) 24.999928090134663 B3uN2px(2) 24.999928090134663 B2uN2py(1) 24.999928090134663 B2uN2py(2) 24.999928090134663
E1u 34 29.293287771942001 B1uN2pz(1) 48.765313458205242 B1uN2pz(2) 48.765313458205242 B1uN2s(1) 0.709337027647764 B1uN2s(2) 0.709337027647764 B3uN2px(1) 0.240512976208006 B3uN2px(2) 0.240512976208006 B2uN2py(1) 0.240512976208006 B2uN2py(2) 0.240512976208006
E1u 35 63.616338565680998 B1uN2s(1) 49.952915715021220 B1uN2s(2) 49.952915715021220
E1u 36 95.967405898741006 B3uN2px(1) 21.664106664922063 B3uN2px(2) 21.664106664922063 B2uN2py(1) 21.664106664922063 B2uN2py(2) 21.664106664922063 B1uN2pz(1) 6.635351338183801 B1uN2pz(2) 6.635351338183801
E1u 37 96.053612746213005 B3uN2px(1) 24.999980432202882 B3uN2px(2) 24.999980432202882 B2uN2py(1) 24.999980432202882 B2uN2py(2) 24.999980432202882
E1u 38 96.110508245809001 B1uN2pz(1) 43.541873596582484 B1uN2pz(2) 43.541873596582484 B3uN2px(1) 3.109793429492191 B3uN2px(2) 3.109793429492191 B2uN2py(1) 3.109793429492191 B2uN2py(2) 3.109793429492191 B1uN2s(1) 0.222160613509999 B1uN2s(2) 0.222160613509999
E1u 39 170.950928551109996 B1uN2s(1) 49.981217745469429 B1uN2s(2) 49.981217745469429
E1u 40 394.492853713859972 B3uN2px(1) 17.063099523491342 B3uN2px(2) 17.063099523491342 B2uN2py(1) 17.063099523491342 B2uN2py(2) 17.063099523491342 B1uN2pz(1) 15.840925123570987 B1uN2pz(2) 15.840925123570987
E1u 41 395.578179855789983 B3uN2px(1) 24.999993416005164 B3uN2px(2) 24.999993416005164 B2uN2py(1) 24.999993416005164 B2uN2py(2) 24.999993416005164
E1u 42 395.611379487090005 B1uN2pz(1) 34.402663862344404 B1uN2pz(2) 34.402663862344404 B3uN2px(1) 7.763023339631545 B3uN2px(2) 7.763023339631545 B2uN2py(1) 7.763023339631545 B2uN2py(2) 7.763023339631545
E1u 43 460.385020384740017 B1uN2s(1) 49.990950911522091 B1uN2s(2) 49.990950911522091
E1u 44 1270.518379257099923 B1uN2s(1) 49.995175468979106 B1uN2s(2) 49.995175468979106
E1u 45 3619.661724824100020 B1uN2s(1) 49.997325276543656 B1uN2s(2) 49.997325276543656
E1u 46 10481.400756073999219 B1uN2s(1) 49.998544039981766 B1uN2s(2) 49.998544039981766
E1u 47 30246.383384705000935 B1uN2s(1) 49.999281088217607 B1uN2s(2) 49.999281088217607
E1u 48 92956.536547972995322 B1uN2s(1) 49.999736757737779 B1uN2s(2) 49.999736757737779
