electron_num 106 E1g 16..85 E1u 11..91 
E1g closed 52 open 0 virtual 268 E1u closed 54 open 0 virtual 314 
E1u 19 -8.882441570337400 B3uUpx 49.999172476298739 B2uUpy 49.999172476298739
E1u 20 -8.860751098704700 B1uUpz 66.766609997188567 B3uUpx 16.052352691541234 B2uUpy 16.052352691541234 B1uOs(1) 0.547408583853977 B1uOs(2) 0.547408583853977
E1g 17 -5.117526725467400 B2gUdxz 35.987808727554935 B3gUdyz 35.987808727554935 AgUdzz 18.548678611340048 AgUdxx 4.637169653126273 AgUdyy 4.637169653126273 AgUs 0.137285121776232
E1g 18 -5.110790783015800 B1gUdxy 49.881914269535386 B2gUdxz 12.588217725335923 B3gUdyz 12.588217725335923 AgUdxx 12.470478563230676 AgUdyy 12.470478563230676
E1g 19 -4.803835933370100 B2gUdxz 30.337915669150643 B3gUdyz 30.337915669150643 AgUdzz 26.110848178313290 AgUdxx 6.527712047428292 AgUdyy 6.527712047428292 AgUs 0.134289378478735
E1g 20 -4.795173558793800 B1gUdxy 66.666502001768350 AgUdxx 16.666625494443096 AgUdyy 16.666625494443096
E1g 21 -4.792848078014000 B2gUdxz 42.032263697283291 B3gUdyz 42.032263697283291 B1gUdxy 10.622263637371351 AgUdxx 2.655565909712189 AgUdyy 2.655565909712189
E1g 22 -2.841780938472100 AgUs 99.760915333336001
E1u 21 -2.139152486029600 B1uUpz 49.083306605400423 B3uUpx 14.048718623926645 B2uUpy 14.048718623926645 B1uOs(1) 10.652901411967395 B1uOs(2) 10.652901411967395 B1uOpz(1) 0.673544704525068 B1uOpz(2) 0.673544704525068
E1u 22 -1.871197476122300 B3uUpx 23.514614684653925 B2uUpy 23.514614684653925 B1uUpz 18.841759117157842 B1uOs(1) 16.398777446705928 B1uOs(2) 16.398777446705928 B1uOpz(1) 0.547198737494549 B1uOpz(2) 0.547198737494549
E1g 23 -1.785007146170900 AgUs 34.897876995801369 AgOs(1) 30.991620555511012 AgOs(2) 30.991620555511012 AgUdzz 1.325142270187212 AgOpz(1) 0.538227158475263 AgOpz(2) 0.538227158475263 AgUdxx 0.331285567456000 AgUdyy 0.331285567456000
E1u 23 -1.643383084652900 B3uUpx 49.680639737928637 B2uUpy 49.680639737928637 B3uOpx(1) 0.152687542670676 B3uOpx(2) 0.152687542670676 B2uOpy(1) 0.152687542670676 B2uOpy(2) 0.152687542670676
E1u 24 -1.428997749134700 B1uUpz 46.804445873350879 B1uOs(1) 22.111457226578800 B1uOs(2) 22.111457226578800 B3uUpx 2.934408308170552 B2uUpy 2.934408308170552 B1uOpz(1) 1.314922008287160 B1uOpz(2) 1.314922008287160 B1uUfxxz 0.127544628226400 B1uUfyyz 0.127544628226400
E1g 24 -1.062284882741500 B2gOpx(1) 17.848330049160602 B2gOpx(2) 17.848330049160602 B3gOpy(1) 17.848330049160602 B3gOpy(2) 17.848330049160602 B2gUdxz 13.418173271080411 B3gUdyz 13.418173271080411 AgOpz(1) 0.288570052164910 AgOpz(2) 0.288570052164910 AgUs 0.247064398190494 AgOs(1) 0.143757352822916 AgOs(2) 0.143757352822916 AgUdzz 0.115244297201555
E1g 25 -1.059251244710500 B2gOpx(1) 18.352314066039170 B2gOpx(2) 18.352314066039170 B3gOpy(1) 18.352314066039170 B3gOpy(2) 18.352314066039170 B2gUdxz 13.036261682361818 B3gUdyz 13.036261682361818
E1u 25 -1.047551608467500 B1uUpz 37.947867475897901 B1uOs(1) 22.458787261795592 B1uOs(2) 22.458787261795592 B1uOpz(1) 2.780299808912100 B1uOpz(2) 2.780299808912100 B3uOpx(1) 1.648800958059071 B3uOpx(2) 1.648800958059071 B2uOpy(1) 1.648800958059071 B2uOpy(2) 1.648800958059071 B1uUfxxz 0.980367429609907 B1uUfyyz 0.980367429609907 B3uUpx 0.813491514350361 B2uUpy 0.813491514350361 B1uUfzzz 0.435718857466774 B3uUfxzz 0.403361343339849 B2uUfyzz 0.403361343339849
E1g 26 -1.041102568111000 AgOpz(1) 26.628531644664594 AgOpz(2) 26.628531644664594 AgUs 15.143185257097610 AgOs(1) 9.560691695634343 AgOs(2) 9.560691695634343 AgUdzz 7.816913500660480 AgUdxx 1.954228374965979 AgUdyy 1.954228374965979 B2gOpx(1) 0.123145617692933 B2gOpx(2) 0.123145617692933 B3gOpy(1) 0.123145617692933 B3gOpy(2) 0.123145617692933
E1u 26 -1.026744916207700 B3uOpx(1) 17.992486636008543 B3uOpx(2) 17.992486636008543 B2uOpy(1) 17.992486636008543 B2uOpy(2) 17.992486636008543 B3uUpx 9.194844940878944 B2uUpy 9.194844940878944 B3uUfxzz 4.114543271253284 B2uUfyzz 4.114543271253284 B3uUfxxx 0.257158954001968 B3uUfxyy 0.257158954001968 B2uUfxxy 0.257158954001968 B2uUfyyy 0.257158954001968
E1u 27 -1.024287484505800 B1uUpz 37.215254434753163 B1uOs(1) 20.404925322920377 B1uOs(2) 20.404925322920377 B3uOpx(1) 2.678170854026799 B3uOpx(2) 2.678170854026799 B2uOpy(1) 2.678170854026799 B2uOpy(2) 2.678170854026799 B1uOpz(1) 2.382627930617659 B1uOpz(2) 2.382627930617659 B3uUpx 1.258185845899803 B2uUpy 1.258185845899803 B1uUfxxz 1.121417473658437 B1uUfyyz 1.121417473658437 B3uUfxzz 0.523409194747509 B2uUfyzz 0.523409194747509 B1uUfzzz 0.498407766244302
E1g 27 -0.428318322081400 AgUs 95.877374283922862 AgUdzz 1.255775396979477 AgOpz(1) 0.575197671227858 AgOpz(2) 0.575197671227858 AgOs(1) 0.541626449920821 AgOs(2) 0.541626449920821 AgUdxx 0.313943849113126 AgUdyy 0.313943849113126
E1u 28 -0.424714865031500 B3uUfxyy 34.266180926419906 B2uUfxxy 34.266180926419906 AuUfxyz 15.895464742640797 B1uUfxxz 3.973866186269522 B1uUfyyz 3.973866186269522 B3uUfxxx 3.807353438075514 B2uUfyyy 3.807353438075514
E1g 28 -0.424535607699400 B1gUdxy 66.448659747386046 AgUdxx 16.612164942120348 AgUdyy 16.612164942120348
E1u 29 -0.420496095624400 AuUfxyz 63.582944329199911 B1uUfxxz 15.895736081525838 B1uUfyyz 15.895736081525838 B3uUfxzz 0.805345277788860 B2uUfyzz 0.805345277788860 B3uOpx(1) 0.483071868436798 B3uOpx(2) 0.483071868436798 B2uOpy(1) 0.483071868436798 B2uOpy(2) 0.483071868436798 B3uUpx 0.420935700239463 B2uUpy 0.420935700239463
E1g 29 -0.412604250180600 B1gUdxy 66.638965375605324 AgUdxx 16.659741345078888 AgUdyy 16.659741345078888
E1u 30 -0.401760561583300 B3uUfxyy 44.999999998600728 B2uUfxxy 44.999999998600728 B3uUfxxx 5.000000001399274 B2uUfyyy 5.000000001399274
E1u 31 -0.400466296774700 AuUfxyz 60.691791674506845 B1uUfxxz 15.172947911521470 B1uUfyyz 15.172947911521470 B3uUfxyy 4.015038952875122 B2uUfxxy 4.015038952875122 B3uUfxxx 0.446115440259370 B2uUfyyy 0.446115440259370
E1u 32 -0.374784635173300 B3uUpx 23.571184416924183 B2uUpy 23.571184416924183 B3uUfxzz 12.537302744176920 B2uUfyzz 12.537302744176920 B3uOpx(1) 4.135204920331721 B3uOpx(2) 4.135204920331721 B2uOpy(1) 4.135204920331721 B2uOpy(2) 4.135204920331721 B1uUpz 3.530765571233956 B1uOpz(1) 1.613461125595125 B1uOpz(2) 1.613461125595125 B3uUfxxx 0.783581422247469 B3uUfxyy 0.783581422247469 B2uUfxxy 0.783581422247469 B2uUfyyy 0.783581422247469 B1uOs(1) 0.415164414402147 B1uOs(2) 0.415164414402147 B1uUfxxz 0.200107111478792 B1uUfyyz 0.200107111478792
E1u 33 -0.352403426668300 B3uUpx 16.579332598828074 B2uUpy 16.579332598828074 B3uUfxzz 16.011972954448854 B2uUfyzz 16.011972954448854 B3uOpx(1) 6.951494010891744 B3uOpx(2) 6.951494010891744 B2uOpy(1) 6.951494010891744 B2uOpy(2) 6.951494010891744 AuUfxyz 1.971938593999866 B3uUfxxx 1.000748309690611 B3uUfxyy 1.000748309690611 B2uUfxxy 1.000748309690611 B2uUfyyy 1.000748309690611 B1uUfxxz 0.492984647307064 B1uUfyyz 0.492984647307064
E1u 34 -0.279788725758500 B1uUpz 27.863636696413113 B1uOs(1) 22.251571885113584 B1uOs(2) 22.251571885113584 B3uUpx 10.146958366548438 B2uUpy 10.146958366548438 B1uOpz(1) 1.165692769616445 B1uOpz(2) 1.165692769616445 B3uOpx(1) 0.748491762357734 B3uOpx(2) 0.748491762357734 B2uOpy(1) 0.748491762357734 B2uOpy(2) 0.748491762357734 B3uUfxzz 0.737667350251523 B2uUfyzz 0.737667350251523 B1uUfxxz 0.144485238615333 B1uUfyyz 0.144485238615333
E1u 35 -0.267908181150000 B3uUpx 42.530006941367624 B2uUpy 42.530006941367624 B3uUfxzz 2.494328168353718 B2uUfyzz 2.494328168353718 B3uOpx(1) 2.312021299130216 B3uOpx(2) 2.312021299130216 B2uOpy(1) 2.312021299130216 B2uOpy(2) 2.312021299130216 B3uUfxxx 0.155895510513329 B3uUfxyy 0.155895510513329 B2uUfxxy 0.155895510513329 B2uUfyyy 0.155895510513329
E1g 30 -0.234588124322600 B2gUdxz 32.700362304991465 B3gUdyz 32.700362304991465 B2gOpx(1) 7.808523418256888 B2gOpx(2) 7.808523418256888 B3gOpy(1) 7.808523418256888 B3gOpy(2) 7.808523418256888 AgUs 2.600227432819102 AgOs(1) 0.257127572207674 AgOs(2) 0.257127572207674
E1g 31 -0.227981611349700 B2gUdxz 33.946670716229903 B3gUdyz 33.946670716229903 B2gOpx(1) 7.959360512935774 B2gOpx(2) 7.959360512935774 B3gOpy(1) 7.959360512935774 B3gOpy(2) 7.959360512935774
E1u 36 -0.226561666275000 B1uUpz 33.069775725513864 B1uOs(1) 29.463578688667781 B1uOs(2) 29.463578688667781 B1uOpz(1) 2.492942841999186 B1uOpz(2) 2.492942841999186 B3uUpx 0.793883254190917 B2uUpy 0.793883254190917 B1uUfxxz 0.407913074620096 B1uUfyyz 0.407913074620096 B1uUfzzz 0.181294699902751
E1u 37 -0.213232395408300 B1uUpz 58.136743948854765 B1uOs(1) 9.683148958526070 B1uOs(2) 9.683148958526070 B1uOpz(1) 5.958947264422078 B1uOpz(2) 5.958947264422078 B3uUpx 2.808716580392154 B2uUpy 2.808716580392154 B1uUfxxz 1.449935642756432 B1uUfyyz 1.449935642756432 B1uUfzzz 0.644415840299055 B3uOpx(1) 0.299425519194579 B3uOpx(2) 0.299425519194579 B2uOpy(1) 0.299425519194579 B2uOpy(2) 0.299425519194579
E1g 32 -0.194663944429800 AgUs 98.404880195980667 AgOs(1) 0.450095381608068 AgOs(2) 0.450095381608068 AgUdzz 0.263562726929053 AgOpz(1) 0.108375331479253 AgOpz(2) 0.108375331479253
E1u 38 -0.135745511752400 B1uUpz 27.622819023309219 B1uOs(1) 20.395571780048929 B1uOs(2) 20.395571780048929 B3uUpx 13.433072487325440 B2uUpy 13.433072487325440 B1uOpz(1) 0.760892161802725 B1uOpz(2) 0.760892161802725 B3uOpx(1) 0.540657722657625 B3uOpx(2) 0.540657722657625 B2uOpy(1) 0.540657722657625 B2uOpy(2) 0.540657722657625 B3uUfxzz 0.288812633095639 B2uUfyzz 0.288812633095639 B1uUfxxz 0.157688467685221 B1uUfyyz 0.157688467685221
E1g 33 -0.133815344539400 B1gUdxy 44.429880662559661 B2gUdxz 15.066365869331525 B3gUdyz 15.066365869331525 AgUdxx 11.107470167151080 AgUdyy 11.107470167151080 B2gOpx(1) 0.804536483666498 B2gOpx(2) 0.804536483666498 B3gOpy(1) 0.804536483666498 B3gOpy(2) 0.804536483666498
E1g 34 -0.130126941889800 B2gUdxz 45.167315466720638 B3gUdyz 45.167315466720638 B2gOpx(1) 2.196864015717010 B2gOpx(2) 2.196864015717010 B3gOpy(1) 2.196864015717010 B3gOpy(2) 2.196864015717010 AgUs 0.355410461777875 AgOs(1) 0.206670348995873 AgOs(2) 0.206670348995873
E1u 39 -0.128628247654100 B3uUpx 42.888142026797397 B2uUpy 42.888142026797397 B3uOpx(1) 2.743554825371235 B3uOpx(2) 2.743554825371235 B2uOpy(1) 2.743554825371235 B2uOpy(2) 2.743554825371235 B3uUfxzz 1.443537681236427 B2uUfyzz 1.443537681236427
E1g 35 -0.126377273278700 B1gUdxy 66.666345120044326 AgUdxx 16.666586279642033 AgUdyy 16.666586279642033
E1g 36 -0.124904257903200 B2gUdxz 42.019103274926522 B3gUdyz 42.019103274926522 B1gUdxy 5.854476201521186 B2gOpx(1) 1.791389432057106 B2gOpx(2) 1.791389432057106 B3gOpy(1) 1.791389432057106 B3gOpy(2) 1.791389432057106 AgUdxx 1.463619050766377 AgUdyy 1.463619050766377
E1g 37 -0.120180680402900 AgUs 57.258393995430865 AgOs(1) 18.702236869660936 AgOs(2) 18.702236869660936 AgUdzz 2.618861303170922 AgOpz(1) 0.702079159822392 AgOpz(2) 0.702079159822392 AgUdxx 0.654715325731072 AgUdyy 0.654715325731072
E1g 38 0.032023178400000 AgUs 73.226847213826858 AgOpz(1) 9.916142574232300 AgOpz(2) 9.916142574232300 AgUdzz 3.892841213474495 AgUdxx 0.973210303317684 AgUdyy 0.973210303317684 AgOs(1) 0.547869201695983 AgOs(2) 0.547869201695983
E1g 39 0.071980167800000 AgUs 39.254074774802675 AgOs(1) 27.378370436615263 AgOs(2) 27.378370436615263 AgOpz(1) 2.364811502675303 AgOpz(2) 2.364811502675303 AgUdzz 0.837994961959253 AgUdxx 0.209498740490868 AgUdyy 0.209498740490868
