electron_num 106 E1g 16..85 E1u 11..91 
E1g closed 52 open 0 virtual 268 E1u closed 54 open 0 virtual 314 point_group D2h

E1g 1 -4272.959869915000127
E1g 2 -805.793884650999985
E1g 3 -207.167365616000012
E1g 4 -139.814704444999990
E1g 5 -139.808126396999995
E1g 6 -133.187450063999989
E1g 7 -133.180197015999994
E1g 8 -133.177153086000004
E1g 9 -55.071851635999998
E1g 10 -30.555916630999999
E1g 11 -30.533190846000000
E1g 12 -28.949846040000001
E1g 13 -28.931038445999999
E1g 14 -28.919708420999999
E1g 15 -21.128750701000001
E1g 16 -13.380419648000000
E1g 17 -5.117526725467400 B2gUdxz 35.987808727554935 B3gUdyz 35.987808727554935 AgUdzz 18.548678611340048 AgUdxx 4.637169653126273 AgUdyy 4.637169653126273 AgUs 0.137285121776232
E1g 18 -5.110790783015800 B1gUdxy 49.881914269535386 B2gUdxz 12.588217725335923 B3gUdyz 12.588217725335923 AgUdxx 12.470478563230676 AgUdyy 12.470478563230676
E1g 19 -4.803835933370100 B2gUdxz 30.337915669150643 B3gUdyz 30.337915669150643 AgUdzz 26.110848178313290 AgUdxx 6.527712047428292 AgUdyy 6.527712047428292 AgUs 0.134289378478735
E1g 20 -4.795173558793800 B1gUdxy 66.666502001768350 AgUdxx 16.666625494443096 AgUdyy 16.666625494443096
E1g 21 -4.792848078014000 B2gUdxz 42.032263697283291 B3gUdyz 42.032263697283291 B1gUdxy 10.622263637371351 AgUdxx 2.655565909712189 AgUdyy 2.655565909712189
E1g 22 -2.841780938472100 AgUs 99.760915333336001
E1g 23 -1.785007146170900 AgUs 34.897876995801369 AgOs(1) 30.991620555511012 AgOs(2) 30.991620555511012 AgUdzz 1.325142270187212 AgOpz(1) 0.538227158475263 AgOpz(2) 0.538227158475263 AgUdxx 0.331285567456000 AgUdyy 0.331285567456000
E1g 24 -1.062284882741500 B2gOpx(1) 17.848330049160602 B2gOpx(2) 17.848330049160602 B3gOpy(1) 17.848330049160602 B3gOpy(2) 17.848330049160602 B2gUdxz 13.418173271080411 B3gUdyz 13.418173271080411 AgOpz(1) 0.288570052164910 AgOpz(2) 0.288570052164910 AgUs 0.247064398190494 AgOs(1) 0.143757352822916 AgOs(2) 0.143757352822916 AgUdzz 0.115244297201555
E1g 25 -1.059251244710500 B2gOpx(1) 18.352314066039170 B2gOpx(2) 18.352314066039170 B3gOpy(1) 18.352314066039170 B3gOpy(2) 18.352314066039170 B2gUdxz 13.036261682361818 B3gUdyz 13.036261682361818
E1g 26 -1.041102568111000 AgOpz(1) 26.628531644664594 AgOpz(2) 26.628531644664594 AgUs 15.143185257097610 AgOs(1) 9.560691695634343 AgOs(2) 9.560691695634343 AgUdzz 7.816913500660480 AgUdxx 1.954228374965979 AgUdyy 1.954228374965979 B2gOpx(1) 0.123145617692933 B2gOpx(2) 0.123145617692933 B3gOpy(1) 0.123145617692933 B3gOpy(2) 0.123145617692933
E1g 27 -0.428318322081400 AgUs 95.877374283922862 AgUdzz 1.255775396979477 AgOpz(1) 0.575197671227858 AgOpz(2) 0.575197671227858 AgOs(1) 0.541626449920821 AgOs(2) 0.541626449920821 AgUdxx 0.313943849113126 AgUdyy 0.313943849113126
E1g 28 -0.424535607699400 B1gUdxy 66.448659747386046 AgUdxx 16.612164942120348 AgUdyy 16.612164942120348
E1g 29 -0.412604250180600 B1gUdxy 66.638965375605324 AgUdxx 16.659741345078888 AgUdyy 16.659741345078888
E1g 30 -0.234588124322600 B2gUdxz 32.700362304991465 B3gUdyz 32.700362304991465 B2gOpx(1) 7.808523418256888 B2gOpx(2) 7.808523418256888 B3gOpy(1) 7.808523418256888 B3gOpy(2) 7.808523418256888 AgUs 2.600227432819102 AgOs(1) 0.257127572207674 AgOs(2) 0.257127572207674
E1g 31 -0.227981611349700 B2gUdxz 33.946670716229903 B3gUdyz 33.946670716229903 B2gOpx(1) 7.959360512935774 B2gOpx(2) 7.959360512935774 B3gOpy(1) 7.959360512935774 B3gOpy(2) 7.959360512935774
E1g 32 -0.194663944429800 AgUs 98.404880195980667 AgOs(1) 0.450095381608068 AgOs(2) 0.450095381608068 AgUdzz 0.263562726929053 AgOpz(1) 0.108375331479253 AgOpz(2) 0.108375331479253
E1g 33 -0.133815344539400 B1gUdxy 44.429880662559661 B2gUdxz 15.066365869331525 B3gUdyz 15.066365869331525 AgUdxx 11.107470167151080 AgUdyy 11.107470167151080 B2gOpx(1) 0.804536483666498 B2gOpx(2) 0.804536483666498 B3gOpy(1) 0.804536483666498 B3gOpy(2) 0.804536483666498
E1g 34 -0.130126941889800 B2gUdxz 45.167315466720638 B3gUdyz 45.167315466720638 B2gOpx(1) 2.196864015717010 B2gOpx(2) 2.196864015717010 B3gOpy(1) 2.196864015717010 B3gOpy(2) 2.196864015717010 AgUs 0.355410461777875 AgOs(1) 0.206670348995873 AgOs(2) 0.206670348995873
E1g 35 -0.126377273278700 B1gUdxy 66.666345120044326 AgUdxx 16.666586279642033 AgUdyy 16.666586279642033
E1g 36 -0.124904257903200 B2gUdxz 42.019103274926522 B3gUdyz 42.019103274926522 B1gUdxy 5.854476201521186 B2gOpx(1) 1.791389432057106 B2gOpx(2) 1.791389432057106 B3gOpy(1) 1.791389432057106 B3gOpy(2) 1.791389432057106 AgUdxx 1.463619050766377 AgUdyy 1.463619050766377
E1g 37 -0.120180680402900 AgUs 57.258393995430865 AgOs(1) 18.702236869660936 AgOs(2) 18.702236869660936 AgUdzz 2.618861303170922 AgOpz(1) 0.702079159822392 AgOpz(2) 0.702079159822392 AgUdxx 0.654715325731072 AgUdyy 0.654715325731072
E1g 38 0.032023178400000 AgUs 73.226847213826858 AgOpz(1) 9.916142574232300 AgOpz(2) 9.916142574232300 AgUdzz 3.892841213474495 AgUdxx 0.973210303317684 AgUdyy 0.973210303317684 AgOs(1) 0.547869201695983 AgOs(2) 0.547869201695983
E1g 39 0.071980167800000 AgUs 39.254074774802675 AgOs(1) 27.378370436615263 AgOs(2) 27.378370436615263 AgOpz(1) 2.364811502675303 AgOpz(2) 2.364811502675303 AgUdzz 0.837994961959253 AgUdxx 0.209498740490868 AgUdyy 0.209498740490868
E1g 40 0.086568743000000
E1g 41 0.086940959000000
E1g 42 0.247765833000000
E1g 43 0.469120041000000
E1g 44 0.546897523000000
E1g 45 0.550539939000000
E1g 46 0.554866215000000
E1g 47 0.575384365000000
E1g 48 0.589785530000000
E1g 49 0.591474951000000
E1g 50 0.595319907000000
E1g 51 0.599943514000000
E1g 52 0.608781458000000
E1g 53 0.609515515000000
E1g 54 0.732117311000000
E1g 55 0.949406577000000
E1g 56 0.951102354000000
E1g 57 1.071416414000000
E1g 58 1.071597693000000
E1g 59 1.144451053000000
E1g 60 1.407397206000000
E1g 61 1.753769977000000
E1g 62 1.944985651000000
E1g 63 1.945341339000000
E1g 64 2.517944724000000
E1g 65 2.556264594000000
E1g 66 2.559108884000000
E1g 67 3.415162249000000
E1g 68 3.416670695000000
E1g 69 3.420798828000000
E1g 70 3.421586437000000
E1g 71 3.440207015000000
E1g 72 3.440860068000000
E1g 73 3.482910006000000
E1g 74 3.483315026000000
E1g 75 3.566296757000000
E1g 76 3.698753765000000
E1g 77 3.730396542000000
E1g 78 3.781469592000000
E1g 79 3.837824767000000
E1g 80 4.219213221000000
E1g 81 5.591121524000000
E1g 82 5.594189488000000
E1g 83 6.080240378000000
E1g 84 7.796007963000000
E1g 85 8.348506446000000
E1g 86 13.221580777000000
E1g 87 13.389331887000001
E1g 88 13.733171654000000
E1g 89 13.796089726000000
E1g 90 14.112654828000000
E1g 91 25.110330820000001
E1g 92 29.291166957000002
E1g 93 29.316216350000001
E1g 94 29.630250990000000
E1g 95 38.282363269999998
E1g 96 39.886942998999999
E1g 97 40.059973202999998
E1g 98 41.242823540000003
E1g 99 41.295506717999999
E1g 100 41.527064178000003
E1g 101 63.785527467000001
E1g 102 107.483269359999994
E1g 103 107.623699239000004
E1g 104 110.811270454999999
E1g 105 110.854259489000000
E1g 106 111.021083485000005
E1g 107 144.126970484999987
E1g 108 151.033966684999996
E1g 109 267.603111805000026
E1g 110 267.717324919000021
E1g 111 275.485269368999980
E1g 112 275.519332694000013
E1g 113 275.650291074999984
E1g 114 430.138488724000013
E1g 115 456.482809534000012
E1g 116 630.725166110000032
E1g 117 630.813576020000028
E1g 118 649.682463546000008
E1g 119 649.707544608000035
E1g 120 649.808924423999997
E1g 121 1254.418241155000032
E1g 122 1438.608076686999993
E1g 123 1438.673100217999945
E1g 124 1486.245035953000070
E1g 125 1486.262135034000039
E1g 126 1486.337935641000058
E1g 127 1648.274716270999988
E1g 128 3068.583884756999851
E1g 129 3228.477273885000159
E1g 130 3228.522514226000112
E1g 131 3353.911463708000156
E1g 132 3353.922626886000216
E1g 133 3353.976044447999811
E1g 134 6747.141695272999641
E1g 135 7208.239743447000365
E1g 136 7208.267887334000079
E1g 137 7551.791350950000378
E1g 138 7551.797974123000131
E1g 139 7551.831252840000161
E1g 140 8273.950270019999152
E1g 141 13435.715987634999692
E1g 142 16269.456527581000046
E1g 143 16269.470549346999178
E1g 144 17256.475559990998590
E1g 145 17256.478652669000439
E1g 146 17256.495078731000831
E1g 147 24690.100150971000403
E1g 148 39187.184096579003381
E1g 149 39187.188621563997003
E1g 150 42480.989196695001738
E1g 151 42480.990090145998693
E1g 152 42480.995247605998884
E1g 153 42831.962260945001617
E1g 154 71600.015856740006711
E1g 155 117266.495277370995609
E1g 156 190730.878200176986866
E1g 157 311730.124446127971169
E1g 158 519176.330347376002464
E1g 159 898886.555881398962811
E1g 160 1700394.361214353935793
E1u 1 -776.441569306000019
E1u 2 -635.809352169000022
E1u 3 -635.806905354000037
E1u 4 -193.764691477000014
E1u 5 -161.029860262000000
E1u 6 -161.015627486999989
E1u 7 -48.973240064999999
E1u 8 -40.339356131000002
E1u 9 -40.313159378000002
E1u 10 -21.128741757000000
E1u 11 -16.032540657999999
E1u 12 -16.014999885000002
E1u 13 -16.010921537000002
E1u 14 -15.619057329000000
E1u 15 -15.604382997000000
E1u 16 -15.594795639000001
E1u 17 -15.593258192000000
E1u 18 -10.916052696000000
E1u 19 -8.882441570337400 B3uUpx 49.999172476298739 B2uUpy 49.999172476298739
E1u 20 -8.860751098704700 B1uUpz 66.766609997188567 B3uUpx 16.052352691541234 B2uUpy 16.052352691541234 B1uOs(1) 0.547408583853977 B1uOs(2) 0.547408583853977
E1u 21 -2.139152486029600 B1uUpz 49.083306605400423 B3uUpx 14.048718623926645 B2uUpy 14.048718623926645 B1uOs(1) 10.652901411967395 B1uOs(2) 10.652901411967395 B1uOpz(1) 0.673544704525068 B1uOpz(2) 0.673544704525068
E1u 22 -1.871197476122300 B3uUpx 23.514614684653925 B2uUpy 23.514614684653925 B1uUpz 18.841759117157842 B1uOs(1) 16.398777446705928 B1uOs(2) 16.398777446705928 B1uOpz(1) 0.547198737494549 B1uOpz(2) 0.547198737494549
E1u 23 -1.643383084652900 B3uUpx 49.680639737928637 B2uUpy 49.680639737928637 B3uOpx(1) 0.152687542670676 B3uOpx(2) 0.152687542670676 B2uOpy(1) 0.152687542670676 B2uOpy(2) 0.152687542670676
E1u 24 -1.428997749134700 B1uUpz 46.804445873350879 B1uOs(1) 22.111457226578800 B1uOs(2) 22.111457226578800 B3uUpx 2.934408308170552 B2uUpy 2.934408308170552 B1uOpz(1) 1.314922008287160 B1uOpz(2) 1.314922008287160 B1uUfxxz 0.127544628226400 B1uUfyyz 0.127544628226400
E1u 25 -1.047551608467500 B1uUpz 37.947867475897901 B1uOs(1) 22.458787261795592 B1uOs(2) 22.458787261795592 B1uOpz(1) 2.780299808912100 B1uOpz(2) 2.780299808912100 B3uOpx(1) 1.648800958059071 B3uOpx(2) 1.648800958059071 B2uOpy(1) 1.648800958059071 B2uOpy(2) 1.648800958059071 B1uUfxxz 0.980367429609907 B1uUfyyz 0.980367429609907 B3uUpx 0.813491514350361 B2uUpy 0.813491514350361 B1uUfzzz 0.435718857466774 B3uUfxzz 0.403361343339849 B2uUfyzz 0.403361343339849
E1u 26 -1.026744916207700 B3uOpx(1) 17.992486636008543 B3uOpx(2) 17.992486636008543 B2uOpy(1) 17.992486636008543 B2uOpy(2) 17.992486636008543 B3uUpx 9.194844940878944 B2uUpy 9.194844940878944 B3uUfxzz 4.114543271253284 B2uUfyzz 4.114543271253284 B3uUfxxx 0.257158954001968 B3uUfxyy 0.257158954001968 B2uUfxxy 0.257158954001968 B2uUfyyy 0.257158954001968
E1u 27 -1.024287484505800 B1uUpz 37.215254434753163 B1uOs(1) 20.404925322920377 B1uOs(2) 20.404925322920377 B3uOpx(1) 2.678170854026799 B3uOpx(2) 2.678170854026799 B2uOpy(1) 2.678170854026799 B2uOpy(2) 2.678170854026799 B1uOpz(1) 2.382627930617659 B1uOpz(2) 2.382627930617659 B3uUpx 1.258185845899803 B2uUpy 1.258185845899803 B1uUfxxz 1.121417473658437 B1uUfyyz 1.121417473658437 B3uUfxzz 0.523409194747509 B2uUfyzz 0.523409194747509 B1uUfzzz 0.498407766244302
E1u 28 -0.424714865031500 B3uUfxyy 34.266180926419906 B2uUfxxy 34.266180926419906 AuUfxyz 15.895464742640797 B1uUfxxz 3.973866186269522 B1uUfyyz 3.973866186269522 B3uUfxxx 3.807353438075514 B2uUfyyy 3.807353438075514
E1u 29 -0.420496095624400 AuUfxyz 63.582944329199911 B1uUfxxz 15.895736081525838 B1uUfyyz 15.895736081525838 B3uUfxzz 0.805345277788860 B2uUfyzz 0.805345277788860 B3uOpx(1) 0.483071868436798 B3uOpx(2) 0.483071868436798 B2uOpy(1) 0.483071868436798 B2uOpy(2) 0.483071868436798 B3uUpx 0.420935700239463 B2uUpy 0.420935700239463
E1u 30 -0.401760561583300 B3uUfxyy 44.999999998600728 B2uUfxxy 44.999999998600728 B3uUfxxx 5.000000001399274 B2uUfyyy 5.000000001399274
E1u 31 -0.400466296774700 AuUfxyz 60.691791674506845 B1uUfxxz 15.172947911521470 B1uUfyyz 15.172947911521470 B3uUfxyy 4.015038952875122 B2uUfxxy 4.015038952875122 B3uUfxxx 0.446115440259370 B2uUfyyy 0.446115440259370
E1u 32 -0.374784635173300 B3uUpx 23.571184416924183 B2uUpy 23.571184416924183 B3uUfxzz 12.537302744176920 B2uUfyzz 12.537302744176920 B3uOpx(1) 4.135204920331721 B3uOpx(2) 4.135204920331721 B2uOpy(1) 4.135204920331721 B2uOpy(2) 4.135204920331721 B1uUpz 3.530765571233956 B1uOpz(1) 1.613461125595125 B1uOpz(2) 1.613461125595125 B3uUfxxx 0.783581422247469 B3uUfxyy 0.783581422247469 B2uUfxxy 0.783581422247469 B2uUfyyy 0.783581422247469 B1uOs(1) 0.415164414402147 B1uOs(2) 0.415164414402147 B1uUfxxz 0.200107111478792 B1uUfyyz 0.200107111478792
E1u 33 -0.352403426668300 B3uUpx 16.579332598828074 B2uUpy 16.579332598828074 B3uUfxzz 16.011972954448854 B2uUfyzz 16.011972954448854 B3uOpx(1) 6.951494010891744 B3uOpx(2) 6.951494010891744 B2uOpy(1) 6.951494010891744 B2uOpy(2) 6.951494010891744 AuUfxyz 1.971938593999866 B3uUfxxx 1.000748309690611 B3uUfxyy 1.000748309690611 B2uUfxxy 1.000748309690611 B2uUfyyy 1.000748309690611 B1uUfxxz 0.492984647307064 B1uUfyyz 0.492984647307064
E1u 34 -0.279788725758500 B1uUpz 27.863636696413113 B1uOs(1) 22.251571885113584 B1uOs(2) 22.251571885113584 B3uUpx 10.146958366548438 B2uUpy 10.146958366548438 B1uOpz(1) 1.165692769616445 B1uOpz(2) 1.165692769616445 B3uOpx(1) 0.748491762357734 B3uOpx(2) 0.748491762357734 B2uOpy(1) 0.748491762357734 B2uOpy(2) 0.748491762357734 B3uUfxzz 0.737667350251523 B2uUfyzz 0.737667350251523 B1uUfxxz 0.144485238615333 B1uUfyyz 0.144485238615333
E1u 35 -0.267908181150000 B3uUpx 42.530006941367624 B2uUpy 42.530006941367624 B3uUfxzz 2.494328168353718 B2uUfyzz 2.494328168353718 B3uOpx(1) 2.312021299130216 B3uOpx(2) 2.312021299130216 B2uOpy(1) 2.312021299130216 B2uOpy(2) 2.312021299130216 B3uUfxxx 0.155895510513329 B3uUfxyy 0.155895510513329 B2uUfxxy 0.155895510513329 B2uUfyyy 0.155895510513329
E1u 36 -0.226561666275000 B1uUpz 33.069775725513864 B1uOs(1) 29.463578688667781 B1uOs(2) 29.463578688667781 B1uOpz(1) 2.492942841999186 B1uOpz(2) 2.492942841999186 B3uUpx 0.793883254190917 B2uUpy 0.793883254190917 B1uUfxxz 0.407913074620096 B1uUfyyz 0.407913074620096 B1uUfzzz 0.181294699902751
E1u 37 -0.213232395408300 B1uUpz 58.136743948854765 B1uOs(1) 9.683148958526070 B1uOs(2) 9.683148958526070 B1uOpz(1) 5.958947264422078 B1uOpz(2) 5.958947264422078 B3uUpx 2.808716580392154 B2uUpy 2.808716580392154 B1uUfxxz 1.449935642756432 B1uUfyyz 1.449935642756432 B1uUfzzz 0.644415840299055 B3uOpx(1) 0.299425519194579 B3uOpx(2) 0.299425519194579 B2uOpy(1) 0.299425519194579 B2uOpy(2) 0.299425519194579
E1u 38 -0.135745511752400 B1uUpz 27.622819023309219 B1uOs(1) 20.395571780048929 B1uOs(2) 20.395571780048929 B3uUpx 13.433072487325440 B2uUpy 13.433072487325440 B1uOpz(1) 0.760892161802725 B1uOpz(2) 0.760892161802725 B3uOpx(1) 0.540657722657625 B3uOpx(2) 0.540657722657625 B2uOpy(1) 0.540657722657625 B2uOpy(2) 0.540657722657625 B3uUfxzz 0.288812633095639 B2uUfyzz 0.288812633095639 B1uUfxxz 0.157688467685221 B1uUfyyz 0.157688467685221
E1u 39 -0.128628247654100 B3uUpx 42.888142026797397 B2uUpy 42.888142026797397 B3uOpx(1) 2.743554825371235 B3uOpx(2) 2.743554825371235 B2uOpy(1) 2.743554825371235 B2uOpy(2) 2.743554825371235 B3uUfxzz 1.443537681236427 B2uUfyzz 1.443537681236427
E1u 40 -0.106075796000000
E1u 41 -0.097977203000000
E1u 42 -0.096954618000000
E1u 43 -0.088890733000000
E1u 44 -0.088112830000000
E1u 45 -0.048351049000000
E1u 46 -0.047284566000000
E1u 47 -0.041919745000000
E1u 48 0.093106460000000
E1u 49 0.124221846000000
E1u 50 0.141968877000000
E1u 51 0.145047003000000
E1u 52 0.147754855000000
E1u 53 0.150206650000000
E1u 54 0.152365436000000
E1u 55 0.249170099000000
E1u 56 0.250898339000000
E1u 57 0.274904373000000
E1u 58 0.297921250000000
E1u 59 0.624496747000000
E1u 60 0.702076530000000
E1u 61 0.718342966000000
E1u 62 0.749851856000000
E1u 63 0.758399646000000
E1u 64 0.758434160000000
E1u 65 0.764378234000000
E1u 66 0.817044573000000
E1u 67 0.915417668000000
E1u 68 1.165898047000000
E1u 69 1.195951049000000
E1u 70 1.209702565000000
E1u 71 1.562694090000000
E1u 72 1.710456952000000
E1u 73 1.710610471000000
E1u 74 1.884294564000000
E1u 75 2.187019336000000
E1u 76 2.191999466000000
E1u 77 2.342075256000000
E1u 78 2.915981027000000
E1u 79 2.941952100000000
E1u 80 2.958609233000000
E1u 81 2.978844230000000
E1u 82 2.993404655000000
E1u 83 3.012754572000000
E1u 84 3.586153062000000
E1u 85 5.589717217000000
E1u 86 5.631961224000000
E1u 87 5.784137870000000
E1u 88 6.093249475000000
E1u 89 6.949572186000000
E1u 90 7.471548313000000
E1u 91 7.755632901000000
E1u 92 10.730473289000001
E1u 93 10.753430264000000
E1u 94 10.829665580000000
E1u 95 10.885689523000000
E1u 96 10.902096965000000
E1u 97 10.926023068999999
E1u 98 11.297187294000000
E1u 99 25.045889110000001
E1u 100 25.814390830000001
E1u 101 29.325901478999999
E1u 102 29.347872714000001
E1u 103 29.620879236000000
E1u 104 30.749078637000000
E1u 105 31.200187839000002
E1u 106 33.975235191000003
E1u 107 33.998851715000001
E1u 108 34.095918636999997
E1u 109 34.367709886999997
E1u 110 34.384356062000002
E1u 111 34.406285453000002
E1u 112 34.603038499999997
E1u 113 63.730343022000000
E1u 114 91.344920192999993
E1u 115 94.513198798000005
E1u 116 94.533860013999998
E1u 117 94.613536216000000
E1u 118 95.588596749000004
E1u 119 95.603452818999997
E1u 120 95.621125278999997
E1u 121 95.726495533999994
E1u 122 106.841642950999997
E1u 123 107.203753921000001
E1u 124 150.984007450999997
E1u 125 249.668141676999994
E1u 126 249.683907164999994
E1u 127 249.742106978999999
E1u 128 252.916502548000011
E1u 129 252.927914662000006
E1u 130 252.941007694999996
E1u 131 253.010369464000007
E1u 132 277.988134285999990
E1u 133 320.580994611999984
E1u 134 320.871722109000018
E1u 135 430.092993492999994
E1u 136 669.268608025000049
E1u 137 669.277744761000008
E1u 138 669.315023906999954
E1u 139 680.232394347999957
E1u 140 680.238965530999963
E1u 141 680.246501579999972
E1u 142 680.290371596000000
E1u 143 764.146237104999955
E1u 144 872.583563622000042
E1u 145 872.810490257999959
E1u 146 1648.236812821000058
E1u 147 1930.362346886000068
E1u 148 1997.917807153000012
E1u 149 1997.921761610999965
E1u 150 1997.940660909999906
E1u 151 2051.154490928000087
E1u 152 2051.157335385999886
E1u 153 2051.160576963000040
E1u 154 2051.183071821999874
E1u 155 2191.392776711999886
E1u 156 2191.564132561999941
E1u 157 4502.405275467999672
E1u 158 5107.661156979000225
E1u 159 5107.783961854000154
E1u 160 8273.926911963999373
E1u 161 9758.910809541999697
E1u 162 11105.982895327999358
E1u 163 11106.063508052999168
E1u 164 19863.659133446999476
E1u 165 22712.142003870998451
E1u 166 22712.189590639998642
E1u 167 38591.115865207997558
E1u 168 44342.830380380000861
E1u 169 44342.855785455001751
E1u 170 73024.074115359006100
E1u 171 84298.592009052998037
E1u 172 84298.604435258996091
E1u 173 137450.679854593006894
E1u 174 159248.013835780002410
E1u 175 159248.019439188996330
E1u 176 263076.002398548007477
E1u 177 304913.901654571993276
E1u 178 304913.903968788974453
E1u 179 527057.771454856963828
E1u 180 604972.106388638028875
E1u 181 604972.107243692968041
E1u 182 1158832.737470502033830
E1u 183 1290420.311525440076366
E1u 184 1290420.311791138956323
