electron_num 314 E1 28..992 
E1 closed 314 open 0 virtual 2906 
Electronic no. 999 E1 11.007452018864999
ACs(14)       13.273034851284910 %
ACs(13)        7.796714729718650 %
ACs(2)         7.719999769302857 %
ACs(15)        5.585452551939179 %
ACs(1)         5.048739024572583 %
ACs(9)         4.051714770234232 %
ACs(10)        3.647510873537286 %
ACs(3)         3.401755712250053 %
ACpx(16)       3.138874767566225 %
ACs(8)         2.384165280940427 %
ACs(18)        1.979719900114692 %
ACms           1.923205225245488 %
ACs(17)        1.640588938944856 %
ACpx(15)       1.630242952716917 %
ACs(24)        1.535851365455541 %
ACpz(4)        1.463453405483818 %
ACmpy          1.462830634268245 %
ACpx(11)       1.377860646770459 %
ACpx(12)       1.310665953259647 %
ACpx(4)        1.298609962051849 %
ACpz(16)       1.291788502333276 %
ACpz(24)       1.289243469421019 %
ACs(12)        1.261080699591833 %
ACpz(12)       1.121134800095543 %
ACpz(11)       1.056877915796695 %
ACs(11)        1.037977323366152 %
ACpx(23)       1.021275252740889 %
ACpx(3)        0.933158788278778 %
ACpz(23)       0.838621840287175 %
ACs(22)        0.726731087909485 %
ACpy(3)        0.726221994374717 %
ACpx(7)        0.720919181168112 %
ACpy(15)       0.664654090117318 %
ACs(23)        0.621779313653039 %
ACs(21)        0.620715181032172 %
AN3px          0.618699655426439 %
ACs(20)        0.597530283795709 %
ACpy(7)        0.582156640973254 %
ACpy(16)       0.554176122892019 %
ACpx(24)       0.519048196712848 %
AN3s           0.500853657454678 %
ACpz(8)        0.499415109126966 %
ACmpz          0.476345390779959 %
ANs            0.428024470448461 %
ACpy(14)       0.420339298134510 %
ACpy(11)       0.395081055202650 %
ACpz(14)       0.389125000836432 %
AN2s           0.380652388049043 %
ACpy(2)        0.313439961177962 %
ACpz(2)        0.305401058916293 %
ACpx(8)        0.301257750717437 %
ACpz(17)       0.293533769534074 %
ACpy(12)       0.268487188763180 %
ANpx           0.254857491633334 %
ACs(16)        0.251983597485656 %
ACpy(17)       0.238429084731252 %
AN3py          0.229992275451563 %
ACpz(22)       0.206513952659854 %
ACpx(13)       0.191219476739646 %
ACpy(19)       0.188678475554574 %
ACpy(4)        0.185094944462921 %
ACpz(5)        0.170764083432502 %
ACpz(20)       0.170261314510092 %
ACs(4)         0.168825799627390 %
AN4s           0.163707639779484 %
ACmpx          0.158442142195469 %
ACpz(6)        0.157725374629100 %
ACpz(1)        0.152615306128608 %
ACpx(14)       0.151229984822792 %
ACpz(13)       0.146406794774626 %
ACpx(19)       0.137661078243914 %
AHs(12)        0.137136052444041 %
ACpy(5)        0.134194220449199 %
ANpz           0.128439942735932 %
ACs(7)         0.113238389770876 %
ACpy(23)       0.106298979802057 %
AN2py          0.103725921618088 %
ACpx(1)        0.103692961740051 %

Electronic no. 1000 E1 11.012042820512001
ACs(2)        12.981232332134809 %
ACs(14)       10.662697447618966 %
ACs(1)         8.000008806376833 %
ACs(3)         6.429982005969731 %
ACs(13)        6.388202687049587 %
ACs(15)        5.156697882413062 %
ACs(9)         2.441255725174638 %
ACs(21)        2.296272525489794 %
ACpx(4)        1.961621050472284 %
ACs(6)         1.926514486418732 %
ACs(12)        1.790943695686114 %
ACs(10)        1.680590179008334 %
ACpx(16)       1.522811096785319 %
ACmpx          1.521665774265445 %
ACs(24)        1.441228140474541 %
ACs(22)        1.340117083461400 %
ACs(8)         1.253429870295166 %
ACpx(23)       1.242913441572167 %
ACpz(4)        1.188212922250881 %
ACpx(11)       1.167394373211971 %
ACs(5)         1.105699536735133 %
ACpx(3)        1.096334149422165 %
ACs(20)        1.074022528720714 %
ACpx(24)       1.047966319117001 %
ACpx(15)       1.004691900746257 %
ACpz(16)       0.977544691963057 %
ACs(11)        0.849538375443461 %
ACpz(12)       0.836879071728937 %
ACs(23)        0.827895591624959 %
ACpx(12)       0.826039674405137 %
ACs(18)        0.808249422585662 %
ACmpz          0.711186908299781 %
ACpy(3)        0.688415563948500 %
ACpy(7)        0.628637556816135 %
ACpy(4)        0.595751252707907 %
ACpx(19)       0.587083089305412 %
ACpy(11)       0.578680210294933 %
ACpz(24)       0.569575927088225 %
ACpz(8)        0.519868318844106 %
ACpx(7)        0.496703183849529 %
ACpz(11)       0.488375282410963 %
ACpz(23)       0.450776023488110 %
ACpz(20)       0.429300022141944 %
ACmpy          0.429003738017006 %
ANs            0.386144421336802 %
ACpy(15)       0.377585626709633 %
AN3s           0.372324539902099 %
ACpy(19)       0.357743101064724 %
ACpx(20)       0.344936591049710 %
ACs(4)         0.339278062921633 %
ACs(17)        0.331675766829038 %
ACpz(21)       0.329141891697432 %
ACpy(23)       0.323516587655754 %
ACpy(2)        0.303408338837809 %
ACs(16)        0.297336194828791 %
ACpz(9)        0.292431774572611 %
ACpx(8)        0.290333784305011 %
ACpz(5)        0.277366857218592 %
ACpz(2)        0.258224397131723 %
ACpy(5)        0.257182739209148 %
ANpx           0.244181467063806 %
ACpz(17)       0.210876915414434 %
ACpy(16)       0.187080793304346 %
ACpy(14)       0.186517992238276 %
ACpz(14)       0.179587425061627 %
AN2s           0.177673146857558 %
ACs(7)         0.169640006297186 %
AN4s           0.160697455871663 %
AN3px          0.155079372347208 %
ACpy(17)       0.153785945240895 %
AHs(4)         0.136859626403024 %
AN4px          0.127510090885805 %
ACpz(3)        0.126236731927716 %
ACpy(9)        0.125004490097559 %
ACpy(12)       0.123762461642972 %
ACs(19)        0.118224674794036 %
ACpy(21)       0.118166657348190 %

Electronic no. 1001 E1 11.127666855355001
ACs(18)        8.086794595747032 %
ACs(23)        7.695301269216706 %
ACs(24)        7.648654668648856 %
ACs(17)        7.273622748276029 %
ACs(16)        6.266010302437080 %
ACs(19)        5.219889394836947 %
ACms           4.456792132909096 %
ACs(6)         4.283292440724360 %
ACs(11)        4.257866977096370 %
ACs(12)        3.962336484305193 %
ACs(5)         3.830891079331491 %
ACs(22)        3.145516360231906 %
ACs(13)        3.021165509106536 %
ACs(4)         2.758821291297278 %
ACs(7)         2.408894433885476 %
ACs(21)        2.381378804452965 %
ACs(14)        2.209511419850051 %
ACs(10)        1.727996055928685 %
ACs(2)         1.458273633992434 %
ACs(1)         1.411287661689457 %
ACs(9)         1.272478686448077 %
ACpz(19)       1.111063867250992 %
ACs(15)        1.010918572451297 %
ACpy(16)       0.733445177444905 %
ACpz(7)        0.687182623049128 %
ACpz(16)       0.631666888730464 %
ACpx(24)       0.625998943145707 %
ACpz(4)        0.532291251005075 %
ACpz(20)       0.521285195552893 %
ACpy(19)       0.457294811736661 %
ACs(20)        0.426889342335644 %
ACpx(23)       0.381752733492180 %
ACpy(4)        0.326756766561849 %
ACpz(12)       0.311402240511584 %
ACpy(7)        0.311296474153311 %
ACpy(23)       0.310608423744057 %
ACpz(8)        0.291995978793365 %
ACpy(15)       0.281234550213409 %
AN3px          0.266867314284979 %
ACpx(16)       0.261598346095228 %
ACpy(3)        0.253966728351805 %
ACpz(24)       0.253518322973871 %
ACpx(15)       0.232318709234252 %
AN3pz          0.221931784992357 %
AN4px          0.221079963747486 %
ACs(3)         0.199887264985355 %
AN4pz          0.194708583684265 %
ACpx(12)       0.191708398302248 %
ACs(8)         0.170861304118830 %
ACpy(11)       0.166453646558204 %
ACpx(3)        0.157040339069717 %
ACpz(14)       0.151620135391081 %
ACpx(11)       0.149398060615946 %
ACpy(24)       0.144920879296687 %
ACmpy          0.142665018979091 %
ACpz(18)       0.141915515687366 %
ACpz(21)       0.124693552802110 %
ANpx           0.115000915246744 %
ACpz(2)        0.113075691804894 %
ACpy(21)       0.110552960426610 %

Electronic no. 1002 E1 11.138696683084000
ACs(7)         9.261725978583417 %
ACs(11)        8.393246310336906 %
ACs(5)         8.368857742598573 %
ACs(19)        7.566620865495395 %
ACs(12)        5.741219933786949 %
ACs(17)        5.712888844370429 %
ACs(6)         5.360101019319216 %
ACs(23)        5.228932641111283 %
ACs(10)        4.028665716120256 %
ACs(4)         3.520198933030883 %
ACs(22)        3.175695731902743 %
ACs(9)         3.131209483215648 %
ACs(24)        2.513584719837327 %
ACs(2)         2.337595560172796 %
ACs(21)        2.005288887852005 %
ACs(18)        1.854058913369968 %
ACpz(24)       1.599351473074065 %
ACs(14)        1.567774736170923 %
ACs(20)        1.525315164752243 %
ACs(8)         1.391196478737316 %
ACs(1)         1.301241308262500 %
ACpz(12)       1.095468603050793 %
ACpz(16)       0.998102822519645 %
ACs(16)        0.869423666800182 %
ACpz(4)        0.858118691962622 %
ACpy(4)        0.788711650929846 %
ACs(15)        0.706510657578278 %
ACpz(7)        0.652572841090586 %
ACpx(24)       0.547683333134622 %
ACpx(12)       0.499763756149955 %
ACpy(16)       0.483666885575414 %
ACpz(8)        0.397959675627652 %
AN2px          0.338878689477315 %
ACmpz          0.300929979826910 %
ACmdyz         0.262166847616394 %
ANpx           0.252137250960405 %
ACms           0.240802291640600 %
ACpy(3)        0.225391143244748 %
ACpz(11)       0.221590266820463 %
AN3px          0.220359175020562 %
ACpz(20)       0.201968689023173 %
AN4px          0.192694803502517 %
ACpz(23)       0.163775968278493 %
ANpy           0.160659442442072 %
ACpz(19)       0.153178052455547 %
ACpx(3)        0.143627090801952 %
ACpy(5)        0.141380580626115 %
AN2pz          0.116693615544743 %
ACpy(23)       0.115682804408678 %
ACpz(9)        0.112497822477335 %
ACpy(7)        0.111982696137203 %
ACpx(15)       0.109093756397315 %
ACpy(17)       0.103748584710946 %
AN2py          0.103538017143534 %
ACpx(17)       0.102275667317122 %

Electronic no. 1003 E1 11.147474360985001
ACs(20)       11.373477952640137 %
ACs(16)        9.906151377529852 %
ACs(22)        6.696372232079550 %
ACpz(24)       5.934034631233263 %
ACs(19)        5.795247602574251 %
ACs(13)        4.589794040417190 %
ACpx(23)       4.424552384378289 %
ACpy(23)       4.314691637727611 %
ACs(15)        4.180399058306934 %
ACs(4)         3.890940181931408 %
ACs(24)        3.809478762132830 %
ACs(18)        3.438094056449542 %
ACs(8)         2.951673662774481 %
ACs(12)        2.545008493907314 %
ACpy(19)       1.713410760845246 %
ACpx(24)       1.708297081250753 %
ACs(6)         1.674771659310349 %
ACs(1)         1.440873769169356 %
ACpy(11)       1.363066802725819 %
ACpz(16)       1.247510264402922 %
ACs(10)        1.152106167421748 %
ACpz(12)       1.002076925390210 %
ACs(2)         0.984863907193600 %
ACs(17)        0.940838887052016 %
ACs(14)        0.911133386980893 %
ACpx(11)       0.871224649951828 %
ACpz(19)       0.847435288199312 %
ACpx(19)       0.838150150103426 %
ACpy(7)        0.629274114473839 %
ACs(3)         0.610686486960061 %
ACmpx          0.585016880889639 %
ACpz(23)       0.577154776205214 %
ACs(7)         0.531559252901787 %
ACpz(18)       0.445206343503619 %
ACpy(16)       0.436531795162266 %
ACpx(18)       0.287120736644581 %
ACs(11)        0.283939655639489 %
ACpx(17)       0.278202752589987 %
ACpx(12)       0.255872881711850 %
ACpz(7)        0.224262074694792 %
ACpy(17)       0.210754470423505 %
ACmpz          0.209504273463080 %
ACpx(7)        0.202701697352473 %
AN4s           0.200096696434020 %
ACs(9)         0.187890317896248 %
ACpy(24)       0.179951838610044 %
ACpz(11)       0.151204620381827 %
ACpz(6)        0.132056307631865 %
ACmdxy         0.117803985244167 %
ACpx(20)       0.115325024506612 %

Electronic no. 1004 E1 11.153960983876001
ACs(8)         8.615452302674004 %
ACs(4)         7.848921675021431 %
ACs(7)         7.608970219530399 %
ACs(3)         7.443125228791203 %
ACpz(12)       7.184920085530123 %
ACs(10)        7.036416341385984 %
ACpy(11)       5.441091913355536 %
ACs(1)         5.209186831883850 %
ACpx(11)       3.749011361348432 %
ACs(15)        3.445150262599032 %
ACs(6)         2.202725016368349 %
ACpz(4)        2.118559992549012 %
ACs(5)         2.103874608012880 %
ACpx(12)       2.012433031098287 %
ACs(19)        1.942974500523982 %
ACpy(7)        1.779128860859018 %
ACs(13)        1.740550260939172 %
ACpz(24)       1.717869540752587 %
ACs(16)        1.634266795050185 %
ACpx(23)       1.419913407642054 %
ACs(22)        1.240076889826587 %
ACs(20)        1.203090075787858 %
ACs(12)        1.126226737486831 %
ACpy(23)       1.033622606973537 %
ACs(11)        0.982951204566104 %
ACpz(16)       0.868507802599886 %
ACpz(7)        0.767063319983774 %
ACs(23)        0.645682070308574 %
ACs(17)        0.622286587714745 %
ACpy(4)        0.619000440625754 %
ACpx(24)       0.609880701966559 %
ACs(18)        0.572714808600738 %
ACpx(7)        0.525919315281960 %
ACpz(6)        0.412676056301706 %
ACpz(19)       0.348622087144207 %
ACpz(11)       0.325529083082683 %
ACpx(5)        0.305484629925895 %
ACpy(5)        0.303600562280499 %
AHs(8)         0.298735967114924 %
ACpz(10)       0.288208422734736 %
ACpy(19)       0.284307638181590 %
ACpx(6)        0.209828242360515 %
ACmpy          0.181624707966603 %
ACpy(16)       0.178066795612600 %
ACpx(10)       0.168386409955701 %
AN2px          0.140526169686677 %
ACpx(17)       0.132536863825029 %
ACmpx          0.131134385715428 %
ACms           0.113910543192209 %
ACpz(18)       0.110331573436287 %
ACs(14)        0.100521044144345 %
AN2py          0.100264140419854 %

Electronic no. 1005 E1 11.164468543010999
ACs(15)       13.230744099544303 %
ACs(3)        11.505850895749044 %
ACs(20)        8.791468791663934 %
ACs(13)        7.552989027336202 %
ACs(1)         6.645929972545045 %
ACs(8)         6.183835406640091 %
ACs(22)        4.589694812044987 %
ACs(23)        4.290228274334694 %
ACs(10)        3.406992126910306 %
ACs(11)        2.650962341442556 %
ACs(24)        1.809902654775122 %
ACpz(16)       1.677312487397627 %
ACpx(16)       1.655998404885255 %
ACpx(19)       1.602537697544279 %
ACpz(4)        1.580194861461836 %
ACs(21)        1.413612333427886 %
ACs(4)         1.288339057460078 %
ACpx(4)        1.084612938376444 %
ACpz(24)       1.072751274328402 %
ACpx(7)        1.072700733826843 %
ACpz(11)       1.023158634940136 %
ACpz(7)        0.937793231761467 %
ACs(9)         0.934977826749448 %
ACpz(12)       0.928603001356899 %
ACs(12)        0.794375820134585 %
ACs(16)        0.775860032854122 %
ACmpz          0.775544467906967 %
ACpz(19)       0.726250899991502 %
ACpx(11)       0.649144223364029 %
ACpz(23)       0.592102678255880 %
ACpy(24)       0.551496554533036 %
ACpx(23)       0.413328137258244 %
ACs(14)        0.395901408829819 %
ACs(6)         0.300662991064519 %
ACpy(19)       0.299509602298341 %
ACpy(7)        0.270980365596553 %
ACs(2)         0.254917660838051 %
ACpy(12)       0.245278273979295 %
ACpz(10)       0.216296727861983 %
AN3s           0.205829803208602 %
ACmdyz         0.195513147784724 %
ACpx(15)       0.190755595039809 %
ACpz(17)       0.180911802312064 %
ACpz(5)        0.175000560497129 %
ACpx(17)       0.169866447765314 %
ACpx(20)       0.159258671014491 %
ACpz(22)       0.152768347612621 %
ACpz(15)       0.150296562801203 %
ACpx(5)        0.141761944878243 %
ACs(18)        0.133358711179510 %
ACpz(3)        0.130624654492446 %
ACpx(3)        0.116166568686824 %
ACpy(18)       0.114037761567619 %
ACs(19)        0.107939116511481 %
ACpy(6)        0.106419099336188 %
AHs(8)         0.104527600010643 %
AN2py          0.102311843038989 %
ANs            0.102299694297023 %
AN3pz          0.102024374604173 %

Electronic no. 1006 E1 11.176574639129999
ACs(8)        13.156612331757101 %
ACs(3)        10.434706720046812 %
ACs(20)        9.409113220496966 %
ACs(15)        8.069728312826181 %
ACs(10)        5.971482802374991 %
ACs(11)        5.332964728430082 %
ACs(1)         5.016643432990918 %
ACs(12)        4.989614308211710 %
ACs(22)        4.501222750746332 %
ACms           4.232136507973080 %
ACs(13)        4.176931292891901 %
ACs(23)        3.711508474091225 %
ACs(24)        3.639432701161380 %
ACpx(7)        1.391211412387413 %
ACpx(19)       1.228016104014406 %
ACpx(4)        1.081784217148472 %
ACpy(7)        1.028268087698209 %
ACpx(16)       1.014571281774683 %
ACpz(4)        0.902630276284438 %
ACs(9)         0.889288038732101 %
ACpz(16)       0.701162275408736 %
ACs(2)         0.593660240553664 %
ACmpy          0.588713320247042 %
ACs(21)        0.550457572459127 %
ACpy(19)       0.515146958631837 %
ACpy(12)       0.455083473416498 %
ACs(14)        0.309163454488765 %
ACpy(24)       0.292124988113034 %
ACpy(4)        0.233634823106330 %
ACpx(12)       0.196055567478024 %
ACpx(24)       0.183361781698504 %
ACpz(24)       0.165460021680148 %
ACpz(5)        0.164647810591428 %
ACpy(6)        0.156317042785347 %
ACpz(12)       0.152243669738230 %
ACpx(6)        0.150207264550487 %
ACpz(11)       0.147939473540490 %
ACpx(8)        0.147868133392492 %
ANs            0.145894068932681 %
ACpz(7)        0.141807581002757 %
ACpx(18)       0.135060264140805 %
ACpx(20)       0.134684073950388 %
ACpy(11)       0.131829452780360 %
ACpz(17)       0.126443749749821 %
ACpz(3)        0.124991809963607 %
ACpy(8)        0.115226509362368 %
AN3s           0.114753647381551 %
ANpz           0.108764657068108 %

Electronic no. 1007 E1 11.252309481301999
ACs(24)        7.583232677325877 %
ACs(23)        6.210289424120568 %
ACpx(24)       6.034555029423895 %
ACs(13)        5.864223922968619 %
ACpx(23)       5.556589588009134 %
ACs(16)        5.480639430395921 %
ACs(19)        5.153316241630577 %
ACs(22)        4.384580429771844 %
ACpz(19)       3.555977141005470 %
ACs(21)        3.501304698508040 %
ACs(14)        2.614421849522852 %
ACs(15)        2.523745887411855 %
ACpy(16)       2.174895657268870 %
ACpz(23)       2.111234190278319 %
ACs(20)        1.926663032083071 %
ACs(12)        1.872351224275579 %
ACpz(24)       1.693897501623582 %
ACpx(16)       1.553185045128971 %
ACs(17)        1.494130234098463 %
ACs(18)        1.434859992975617 %
ACs(11)        1.419162782271564 %
ACs(4)         1.342983026275967 %
ACs(7)         1.306570836272078 %
ACpx(11)       1.256760798110536 %
ACpy(24)       1.227211054484748 %
ACpx(12)       1.149432079530194 %
ACpy(23)       1.072202320138680 %
ACpz(22)       1.045130780967998 %
ACs(9)         0.997388024654231 %
ACpz(16)       0.893347403469774 %
ACs(1)         0.885332451555855 %
ACs(10)        0.849718208104308 %
ACpz(7)        0.748431372444533 %
ACpz(18)       0.740079804894847 %
ACpz(12)       0.706737870325443 %
ACs(2)         0.631809340656380 %
ACpy(19)       0.600426878195300 %
ACpy(11)       0.553229485116854 %
ACpx(17)       0.548653851637066 %
ACpy(4)        0.530818986572907 %
ACpy(17)       0.456118029918330 %
ACpz(11)       0.443921594068251 %
ACpy(13)       0.417053259511377 %
ACms           0.410145558055164 %
ACpz(10)       0.403135278390470 %
ACs(3)         0.377153514204449 %
ACpy(12)       0.372424746954563 %
ACs(6)         0.314257556368698 %
ACpx(18)       0.302310083682129 %
ACs(5)         0.301423274846496 %
AHs(16)        0.284198384814431 %
ACpy(22)       0.277242340278202 %
ACs(8)         0.271012078727374 %
ACpz(13)       0.249727798733913 %
ACpz(4)        0.238565190008440 %
ACpx(19)       0.198938922720920 %
AHs(9)         0.193054461820136 %
ACpx(13)       0.188174626020907 %
ACpx(21)       0.178949079915474 %
ACpx(4)        0.178168065866888 %
ACpz(6)        0.177461444135883 %
ACmpy          0.161942552166421 %
ACpy(7)        0.155125413731490 %
ACpy(5)        0.126546785400530 %
ACpx(14)       0.116893185816826 %
ACpx(5)        0.108699739047633 %

Electronic no. 1008 E1 11.258355987780000
ACs(12)        7.541243339802082 %
ACs(11)        6.578364879286497 %
ACs(1)         6.257131289079462 %
ACs(4)         5.461239211427927 %
ACpx(12)       5.135144281615103 %
ACs(7)         5.104098751171620 %
ACs(10)        4.669521343996676 %
ACpx(11)       4.544379260030794 %
ACpz(7)        3.874087504257838 %
ACs(3)         3.028660363844370 %
ACs(2)         2.845249814670043 %
ACpy(4)        2.845006820828800 %
ACs(9)         2.833878623112862 %
ACpz(11)       2.501947157058920 %
ACs(8)         2.237682180354441 %
ACpy(12)       2.229981856645502 %
ACpz(12)       1.707470977387335 %
ACpy(11)       1.654999288128698 %
ACs(13)        1.650863420718468 %
ACs(24)        1.593114385070204 %
ACs(5)         1.548965079569065 %
ACs(6)         1.508765802642373 %
ACs(23)        1.394762993660337 %
ACpx(4)        1.378205105595021 %
ACpx(24)       1.311344454792892 %
ACs(16)        1.166854779800973 %
ACpx(23)       1.047221773567655 %
ACs(22)        0.986795085121400 %
ACpz(19)       0.847111845966989 %
ACpz(6)        0.795759165562864 %
ACs(19)        0.787710144796289 %
ACs(15)        0.766843304459484 %
ACpz(4)        0.699336192797168 %
ACpz(10)       0.673855184152225 %
ACs(20)        0.637396265054159 %
ACpz(23)       0.616647567028402 %
ACs(14)        0.595411364320414 %
ACpy(5)        0.588364904085233 %
ACpy(7)        0.535103936553606 %
ACpy(16)       0.482015200080150 %
ACpy(1)        0.464689030113841 %
ACpx(16)       0.446037454538668 %
ACpx(5)        0.441376707743266 %
ACpy(24)       0.371307092410003 %
ACs(18)        0.329744776578734 %
ACs(21)        0.300750518272389 %
ACs(17)        0.292845815072500 %
ACpx(6)        0.274597751022735 %
ACpx(7)        0.218773358126827 %
ACpy(10)       0.203260328589718 %
AHs(8)         0.198240944584285 %
AHs(1)         0.193352880004419 %
ACpz(1)        0.187829946411477 %
ACpx(1)        0.180050827996032 %
ACpy(23)       0.152682907812282 %
ACpz(24)       0.150274488715437 %
ACpz(18)       0.148063499228640 %
ACms           0.134608735849525 %
ACmpx          0.127334095855337 %
ACpz(16)       0.121688453655764 %
ACpx(2)        0.111746962536292 %
ACpx(9)        0.106712981064990 %
ACpx(17)       0.105967163812694 %
ACpy(19)       0.100218711327725 %

