electron_num 14 point_group D2h moltra_scheme 6
E1g 1..15 E1u 1..15 
E1g closed 6 open 0 virtual 24 E1u closed 8 open 0 virtual 22 

E1g 1 -15.478435002137999 AgN2s(1) 49.998840648065006 AgN2s(2) 49.998840648065006
E1u 1 -15.471713124021001 B1uN2s(1) 49.990842217423307 B1uN2s(2) 49.990842217423307
E1g 2 -1.565531342229400 AgN2s(1) 40.201933059541254 AgN2s(2) 40.201933059541254 AgN2pz(1) 9.798064318985636 AgN2pz(2) 9.798064318985636
E1u 2 -0.713497579906000 B1uN2s(1) 45.408779199135616 B1uN2s(2) 45.408779199135616 B1uN2pz(1) 4.591064551475277 B1uN2pz(2) 4.591064551475277
E1u 3 -0.633105557259800 B3uN2px(1) 24.999709508728177 B3uN2px(2) 24.999709508728177 B2uN2py(1) 24.999709508728177 B2uN2py(2) 24.999709508728177
E1u 4 -0.632738514518000 B3uN2px(1) 25.000000000000000 B3uN2px(2) 25.000000000000000 B2uN2py(1) 25.000000000000000 B2uN2py(2) 25.000000000000000
E1g 3 -0.597984668740200 AgN2s(1) 26.407857546121267 AgN2s(2) 26.407857546121267 AgN2pz(1) 23.592120160386791 AgN2pz(2) 23.592120160386791
E1g 4 0.266305804206200 B2gN2px(1) 24.999987146350801 B2gN2px(2) 24.999987146350801 B3gN2py(1) 24.999987146350801 B3gN2py(2) 24.999987146350801
E1g 5 0.266543426234000 B2gN2px(1) 25.000000000000000 B2gN2px(2) 25.000000000000000 B3gN2py(1) 25.000000000000000 B3gN2py(2) 25.000000000000000
E1u 5 0.843971353969300 B1uN2s(1) 34.709685927500750 B1uN2s(2) 34.709685927500750 B1uN2pz(1) 15.290313970907304 B1uN2pz(2) 15.290313970907304
E1g 6 0.953962787075200 AgN2pz(1) 33.255465157715399 AgN2pz(2) 33.255465157715399 AgN2s(1) 16.744520526544711 AgN2s(2) 16.744520526544711
E1u 6 1.058117038074200 B3uN2px(1) 24.999948306421370 B3uN2px(2) 24.999948306421370 B2uN2py(1) 24.999948306421370 B2uN2py(2) 24.999948306421370
E1u 7 1.058414039799500 B3uN2px(1) 25.000000000000000 B3uN2px(2) 25.000000000000000 B2uN2py(1) 25.000000000000000 B2uN2py(2) 25.000000000000000
E1g 7 1.254430432699000 AgN2s(1) 46.739589588095463 AgN2s(2) 46.739589588095463 AgN2pz(1) 3.259951327285323 AgN2pz(2) 3.259951327285323
E1g 8 1.300726932393100 B2gN2px(1) 24.999398282392800 B2gN2px(2) 24.999398282392800 B3gN2py(1) 24.999398282392800 B3gN2py(2) 24.999398282392800
E1g 9 1.301140961141500 B2gN2px(1) 25.000000000000000 B2gN2px(2) 25.000000000000000 B3gN2py(1) 25.000000000000000 B3gN2py(2) 25.000000000000000
E1u 8 1.406444433139800 B1uN2s(1) 42.739895603034448 B1uN2s(2) 42.739895603034448 B1uN2pz(1) 7.260099578482112 B1uN2pz(2) 7.260099578482112
E1u 9 2.049583352923600 B1uN2s(1) 41.380665354747471 B1uN2s(2) 41.380665354747471 B1uN2pz(1) 8.619334422856115 B1uN2pz(2) 8.619334422856115
E1u 10 5.841735550711200 B1uN2pz(1) 32.444825304028733 B1uN2pz(2) 32.444825304028733 B1uN2s(1) 17.496074979508290 B1uN2s(2) 17.496074979508290
E1u 11 5.863811803145200 B3uN2px(1) 24.638225312304154 B3uN2px(2) 24.638225312304154 B2uN2py(1) 24.638225312304154 B2uN2py(2) 24.638225312304154 B1uN2pz(1) 0.471103597383133 B1uN2pz(2) 0.471103597383133 B1uN2s(1) 0.252445778008547 B1uN2s(2) 0.252445778008547
E1u 12 5.865795468113600 B3uN2px(1) 25.000000000000007 B3uN2px(2) 25.000000000000007 B2uN2py(1) 25.000000000000007 B2uN2py(2) 25.000000000000007
E1g 10 6.135623135052400 B2gN2px(1) 24.999525964403180 B2gN2px(2) 24.999525964403180 B3gN2py(1) 24.999525964403180 B3gN2py(2) 24.999525964403180
E1g 11 6.137629049602900 B2gN2px(1) 25.000000000000000 B2gN2px(2) 25.000000000000000 B3gN2py(1) 25.000000000000000 B3gN2py(2) 25.000000000000000
E1g 12 6.505919177606900 AgN2pz(1) 25.509772235657703 AgN2pz(2) 25.509772235657703 AgN2s(1) 24.489755578738702 AgN2s(2) 24.489755578738702
E1g 13 8.376174474787700 AgN2s(1) 49.973134760653060 AgN2s(2) 49.973134760653060
E1u 13 8.671507020083300 B1uN2s(1) 49.385079120913637 B1uN2s(2) 49.385079120913637 B1uN2pz(1) 0.614920879075213 B1uN2pz(2) 0.614920879075213
E1g 14 30.029010595073000 AgN2s(1) 49.999407461784870 AgN2s(2) 49.999407461784870
E1u 14 30.335152857297000 B1uN2s(1) 49.935155418541704 B1uN2s(2) 49.935155418541704
E1g 15 144.616229942439986 AgN2s(1) 49.999718983222294 AgN2s(2) 49.999718983222294
E1u 15 144.905358522850008 B1uN2s(1) 49.953938032164892 B1uN2s(2) 49.953938032164892
